[Opened /usr/lib/jvm/java-7-openjdk-amd64/jre/lib/rt.jar]
[Loaded java.lang.Object from /usr/lib/jvm/java-7-openjdk-amd64/jre/lib/rt.jar]
[Loaded java.io.Serializable from /usr/lib/jvm/java-7-openjdk-amd64/jre/lib/rt.jar]
[Loaded java.lang.Comparable from /usr/lib/jvm/java-7-openjdk-amd64/jre/lib/rt.jar]
[Loaded java.lang.CharSequence from /usr/lib/jvm/java-7-openjdk-amd64/jre/lib/rt.jar]
[Loaded java.lang.String from /usr/lib/jvm/java-7-openjdk-amd64/jre/lib/rt.jar]
[Loaded java.lang.reflect.GenericDeclaration from /usr/lib/jvm/java-7-openjdk-amd64/jre/lib/rt.jar]
[Loaded java.lang.reflect.Type from /usr/lib/jvm/java-7-openjdk-amd64/jre/lib/rt.jar]
[Loaded java.lang.reflect.AnnotatedElement from /usr/lib/jvm/java-7-openjdk-amd64/jre/lib/rt.jar]
[Loaded java.lang.Class from /usr/lib/jvm/java-7-openjdk-amd64/jre/lib/rt.jar]
[Loaded java.lang.Cloneable from /usr/lib/jvm/java-7-openjdk-amd64/jre/lib/rt.jar]
[Loaded java.lang.ClassLoader from /usr/lib/jvm/java-7-openjdk-amd64/jre/lib/rt.jar]
[Loaded java.lang.System from /usr/lib/jvm/java-7-openjdk-amd64/jre/lib/rt.jar]
[Loaded java.lang.Throwable from /usr/lib/jvm/java-7-openjdk-amd64/jre/lib/rt.jar]
[Loaded java.lang.Error from /usr/lib/jvm/java-7-openjdk-amd64/jre/lib/rt.jar]
[Loaded java.lang.ThreadDeath from /usr/lib/jvm/java-7-openjdk-amd64/jre/lib/rt.jar]
[Loaded java.lang.Exception from /usr/lib/jvm/java-7-openjdk-amd64/jre/lib/rt.jar]
[Loaded java.lang.RuntimeException from /usr/lib/jvm/java-7-openjdk-amd64/jre/lib/rt.jar]
[Loaded java.security.ProtectionDomain from /usr/lib/jvm/java-7-openjdk-amd64/jre/lib/rt.jar]
[Loaded java.security.AccessControlContext from /usr/lib/jvm/java-7-openjdk-amd64/jre/lib/rt.jar]
[Loaded java.lang.ReflectiveOperationException from /usr/lib/jvm/java-7-openjdk-amd64/jre/lib/rt.jar]
[Loaded java.lang.ClassNotFoundException from /usr/lib/jvm/java-7-openjdk-amd64/jre/lib/rt.jar]
[Loaded java.lang.LinkageError from /usr/lib/jvm/java-7-openjdk-amd64/jre/lib/rt.jar]
[Loaded java.lang.NoClassDefFoundError from /usr/lib/jvm/java-7-openjdk-amd64/jre/lib/rt.jar]
[Loaded java.lang.ClassCastException from /usr/lib/jvm/java-7-openjdk-amd64/jre/lib/rt.jar]
[Loaded java.lang.ArrayStoreException from /usr/lib/jvm/java-7-openjdk-amd64/jre/lib/rt.jar]
[Loaded java.lang.VirtualMachineError from /usr/lib/jvm/java-7-openjdk-amd64/jre/lib/rt.jar]
[Loaded java.lang.OutOfMemoryError from /usr/lib/jvm/java-7-openjdk-amd64/jre/lib/rt.jar]
[Loaded java.lang.StackOverflowError from /usr/lib/jvm/java-7-openjdk-amd64/jre/lib/rt.jar]
[Loaded java.lang.IllegalMonitorStateException from /usr/lib/jvm/java-7-openjdk-amd64/jre/lib/rt.jar]
[Loaded java.lang.ref.Reference from /usr/lib/jvm/java-7-openjdk-amd64/jre/lib/rt.jar]
[Loaded java.lang.ref.SoftReference from /usr/lib/jvm/java-7-openjdk-amd64/jre/lib/rt.jar]
[Loaded java.lang.ref.WeakReference from /usr/lib/jvm/java-7-openjdk-amd64/jre/lib/rt.jar]
[Loaded java.lang.ref.FinalReference from /usr/lib/jvm/java-7-openjdk-amd64/jre/lib/rt.jar]
[Loaded java.lang.ref.PhantomReference from /usr/lib/jvm/java-7-openjdk-amd64/jre/lib/rt.jar]
[Loaded java.lang.ref.Finalizer from /usr/lib/jvm/java-7-openjdk-amd64/jre/lib/rt.jar]
[Loaded java.lang.Runnable from /usr/lib/jvm/java-7-openjdk-amd64/jre/lib/rt.jar]
[Loaded java.lang.Thread from /usr/lib/jvm/java-7-openjdk-amd64/jre/lib/rt.jar]
[Loaded java.lang.Thread$UncaughtExceptionHandler from /usr/lib/jvm/java-7-openjdk-amd64/jre/lib/rt.jar]
[Loaded java.lang.ThreadGroup from /usr/lib/jvm/java-7-openjdk-amd64/jre/lib/rt.jar]
[Loaded java.util.Map from /usr/lib/jvm/java-7-openjdk-amd64/jre/lib/rt.jar]
[Loaded java.util.Dictionary from /usr/lib/jvm/java-7-openjdk-amd64/jre/lib/rt.jar]
[Loaded java.util.Hashtable from /usr/lib/jvm/java-7-openjdk-amd64/jre/lib/rt.jar]
[Loaded java.util.Properties from /usr/lib/jvm/java-7-openjdk-amd64/jre/lib/rt.jar]
[Loaded java.lang.reflect.AccessibleObject from /usr/lib/jvm/java-7-openjdk-amd64/jre/lib/rt.jar]
[Loaded java.lang.reflect.Member from /usr/lib/jvm/java-7-openjdk-amd64/jre/lib/rt.jar]
[Loaded java.lang.reflect.Field from /usr/lib/jvm/java-7-openjdk-amd64/jre/lib/rt.jar]
[Loaded java.lang.reflect.Method from /usr/lib/jvm/java-7-openjdk-amd64/jre/lib/rt.jar]
[Loaded java.lang.reflect.Constructor from /usr/lib/jvm/java-7-openjdk-amd64/jre/lib/rt.jar]
[Loaded sun.reflect.MagicAccessorImpl from /usr/lib/jvm/java-7-openjdk-amd64/jre/lib/rt.jar]
[Loaded sun.reflect.MethodAccessor from /usr/lib/jvm/java-7-openjdk-amd64/jre/lib/rt.jar]
[Loaded sun.reflect.MethodAccessorImpl from /usr/lib/jvm/java-7-openjdk-amd64/jre/lib/rt.jar]
[Loaded sun.reflect.ConstructorAccessor from /usr/lib/jvm/java-7-openjdk-amd64/jre/lib/rt.jar]
[Loaded sun.reflect.ConstructorAccessorImpl from /usr/lib/jvm/java-7-openjdk-amd64/jre/lib/rt.jar]
[Loaded sun.reflect.DelegatingClassLoader from /usr/lib/jvm/java-7-openjdk-amd64/jre/lib/rt.jar]
[Loaded sun.reflect.ConstantPool from /usr/lib/jvm/java-7-openjdk-amd64/jre/lib/rt.jar]
[Loaded sun.reflect.FieldAccessor from /usr/lib/jvm/java-7-openjdk-amd64/jre/lib/rt.jar]
[Loaded sun.reflect.FieldAccessorImpl from /usr/lib/jvm/java-7-openjdk-amd64/jre/lib/rt.jar]
[Loaded sun.reflect.UnsafeFieldAccessorImpl from /usr/lib/jvm/java-7-openjdk-amd64/jre/lib/rt.jar]
[Loaded sun.reflect.UnsafeStaticFieldAccessorImpl from /usr/lib/jvm/java-7-openjdk-amd64/jre/lib/rt.jar]
[Loaded java.lang.invoke.MethodHandle from /usr/lib/jvm/java-7-openjdk-amd64/jre/lib/rt.jar]
[Loaded java.lang.invoke.MemberName from /usr/lib/jvm/java-7-openjdk-amd64/jre/lib/rt.jar]
[Loaded java.lang.invoke.MethodHandleNatives from /usr/lib/jvm/java-7-openjdk-amd64/jre/lib/rt.jar]
[Loaded java.lang.invoke.LambdaForm from /usr/lib/jvm/java-7-openjdk-amd64/jre/lib/rt.jar]
[Loaded java.lang.invoke.DirectMethodHandle from /usr/lib/jvm/java-7-openjdk-amd64/jre/lib/rt.jar]
[Loaded java.lang.invoke.MethodType from /usr/lib/jvm/java-7-openjdk-amd64/jre/lib/rt.jar]
[Loaded java.lang.BootstrapMethodError from /usr/lib/jvm/java-7-openjdk-amd64/jre/lib/rt.jar]
[Loaded java.lang.invoke.CallSite from /usr/lib/jvm/java-7-openjdk-amd64/jre/lib/rt.jar]
[Loaded java.lang.invoke.ConstantCallSite from /usr/lib/jvm/java-7-openjdk-amd64/jre/lib/rt.jar]
[Loaded java.lang.invoke.MutableCallSite from /usr/lib/jvm/java-7-openjdk-amd64/jre/lib/rt.jar]
[Loaded java.lang.invoke.VolatileCallSite from /usr/lib/jvm/java-7-openjdk-amd64/jre/lib/rt.jar]
[Loaded java.lang.Appendable from /usr/lib/jvm/java-7-openjdk-amd64/jre/lib/rt.jar]
[Loaded java.lang.AbstractStringBuilder from /usr/lib/jvm/java-7-openjdk-amd64/jre/lib/rt.jar]
[Loaded java.lang.StringBuffer from /usr/lib/jvm/java-7-openjdk-amd64/jre/lib/rt.jar]
[Loaded java.lang.StringBuilder from /usr/lib/jvm/java-7-openjdk-amd64/jre/lib/rt.jar]
[Loaded java.lang.StackTraceElement from /usr/lib/jvm/java-7-openjdk-amd64/jre/lib/rt.jar]
[Loaded java.nio.Buffer from /usr/lib/jvm/java-7-openjdk-amd64/jre/lib/rt.jar]
[Loaded java.lang.Boolean from /usr/lib/jvm/java-7-openjdk-amd64/jre/lib/rt.jar]
[Loaded java.lang.Character from /usr/lib/jvm/java-7-openjdk-amd64/jre/lib/rt.jar]
[Loaded java.lang.Number from /usr/lib/jvm/java-7-openjdk-amd64/jre/lib/rt.jar]
[Loaded java.lang.Float from /usr/lib/jvm/java-7-openjdk-amd64/jre/lib/rt.jar]
[Loaded java.lang.Double from /usr/lib/jvm/java-7-openjdk-amd64/jre/lib/rt.jar]
[Loaded java.lang.Byte from /usr/lib/jvm/java-7-openjdk-amd64/jre/lib/rt.jar]
[Loaded java.lang.Short from /usr/lib/jvm/java-7-openjdk-amd64/jre/lib/rt.jar]
[Loaded java.lang.Integer from /usr/lib/jvm/java-7-openjdk-amd64/jre/lib/rt.jar]
[Loaded java.lang.Long from /usr/lib/jvm/java-7-openjdk-amd64/jre/lib/rt.jar]
[Loaded java.lang.NullPointerException from /usr/lib/jvm/java-7-openjdk-amd64/jre/lib/rt.jar]
[Loaded java.lang.ArithmeticException from /usr/lib/jvm/java-7-openjdk-amd64/jre/lib/rt.jar]
[Loaded java.io.ObjectStreamField from /usr/lib/jvm/java-7-openjdk-amd64/jre/lib/rt.jar]
[Loaded java.util.Comparator from /usr/lib/jvm/java-7-openjdk-amd64/jre/lib/rt.jar]
[Loaded java.lang.String$CaseInsensitiveComparator from /usr/lib/jvm/java-7-openjdk-amd64/jre/lib/rt.jar]
[Loaded java.security.Guard from /usr/lib/jvm/java-7-openjdk-amd64/jre/lib/rt.jar]
[Loaded java.security.Permission from /usr/lib/jvm/java-7-openjdk-amd64/jre/lib/rt.jar]
[Loaded java.security.BasicPermission from /usr/lib/jvm/java-7-openjdk-amd64/jre/lib/rt.jar]
[Loaded java.lang.RuntimePermission from /usr/lib/jvm/java-7-openjdk-amd64/jre/lib/rt.jar]
[Loaded java.security.AccessController from /usr/lib/jvm/java-7-openjdk-amd64/jre/lib/rt.jar]
[Loaded java.lang.reflect.ReflectPermission from /usr/lib/jvm/java-7-openjdk-amd64/jre/lib/rt.jar]
[Loaded java.security.PrivilegedAction from /usr/lib/jvm/java-7-openjdk-amd64/jre/lib/rt.jar]
[Loaded sun.reflect.ReflectionFactory$GetReflectionFactoryAction from /usr/lib/jvm/java-7-openjdk-amd64/jre/lib/rt.jar]
[Loaded java.security.cert.Certificate from /usr/lib/jvm/java-7-openjdk-amd64/jre/lib/rt.jar]
[Loaded java.lang.Iterable from /usr/lib/jvm/java-7-openjdk-amd64/jre/lib/rt.jar]
[Loaded java.util.Collection from /usr/lib/jvm/java-7-openjdk-amd64/jre/lib/rt.jar]
[Loaded java.util.List from /usr/lib/jvm/java-7-openjdk-amd64/jre/lib/rt.jar]
[Loaded java.util.RandomAccess from /usr/lib/jvm/java-7-openjdk-amd64/jre/lib/rt.jar]
[Loaded java.util.AbstractCollection from /usr/lib/jvm/java-7-openjdk-amd64/jre/lib/rt.jar]
[Loaded java.util.AbstractList from /usr/lib/jvm/java-7-openjdk-amd64/jre/lib/rt.jar]
[Loaded java.util.Vector from /usr/lib/jvm/java-7-openjdk-amd64/jre/lib/rt.jar]
[Loaded java.util.Stack from /usr/lib/jvm/java-7-openjdk-amd64/jre/lib/rt.jar]
[Loaded sun.reflect.ReflectionFactory from /usr/lib/jvm/java-7-openjdk-amd64/jre/lib/rt.jar]
[Loaded java.lang.ref.Reference$Lock from /usr/lib/jvm/java-7-openjdk-amd64/jre/lib/rt.jar]
[Loaded java.lang.ref.Reference$ReferenceHandler from /usr/lib/jvm/java-7-openjdk-amd64/jre/lib/rt.jar]
[Loaded java.lang.ref.ReferenceQueue from /usr/lib/jvm/java-7-openjdk-amd64/jre/lib/rt.jar]
[Loaded java.lang.ref.ReferenceQueue$Null from /usr/lib/jvm/java-7-openjdk-amd64/jre/lib/rt.jar]
[Loaded java.lang.ref.ReferenceQueue$Lock from /usr/lib/jvm/java-7-openjdk-amd64/jre/lib/rt.jar]
[Loaded java.lang.ref.Finalizer$FinalizerThread from /usr/lib/jvm/java-7-openjdk-amd64/jre/lib/rt.jar]
[Loaded java.util.Map$Entry from /usr/lib/jvm/java-7-openjdk-amd64/jre/lib/rt.jar]
[Loaded sun.misc.VM from /usr/lib/jvm/java-7-openjdk-amd64/jre/lib/rt.jar]
[Loaded java.util.Hashtable$Entry from /usr/lib/jvm/java-7-openjdk-amd64/jre/lib/rt.jar]
[Loaded java.lang.Math from /usr/lib/jvm/java-7-openjdk-amd64/jre/lib/rt.jar]
[Loaded java.nio.charset.Charset from /usr/lib/jvm/java-7-openjdk-amd64/jre/lib/rt.jar]
[Loaded java.nio.charset.spi.CharsetProvider from /usr/lib/jvm/java-7-openjdk-amd64/jre/lib/rt.jar]
[Loaded sun.nio.cs.FastCharsetProvider from /usr/lib/jvm/java-7-openjdk-amd64/jre/lib/rt.jar]
[Loaded sun.nio.cs.StandardCharsets from /usr/lib/jvm/java-7-openjdk-amd64/jre/lib/rt.jar]
[Loaded java.util.AbstractMap from /usr/lib/jvm/java-7-openjdk-amd64/jre/lib/rt.jar]
[Loaded sun.util.PreHashedMap from /usr/lib/jvm/java-7-openjdk-amd64/jre/lib/rt.jar]
[Loaded sun.nio.cs.StandardCharsets$Aliases from /usr/lib/jvm/java-7-openjdk-amd64/jre/lib/rt.jar]
[Loaded sun.nio.cs.StandardCharsets$Classes from /usr/lib/jvm/java-7-openjdk-amd64/jre/lib/rt.jar]
[Loaded sun.nio.cs.StandardCharsets$Cache from /usr/lib/jvm/java-7-openjdk-amd64/jre/lib/rt.jar]
[Loaded java.lang.ThreadLocal from /usr/lib/jvm/java-7-openjdk-amd64/jre/lib/rt.jar]
[Loaded java.util.concurrent.atomic.AtomicInteger from /usr/lib/jvm/java-7-openjdk-amd64/jre/lib/rt.jar]
[Loaded sun.misc.Unsafe from /usr/lib/jvm/java-7-openjdk-amd64/jre/lib/rt.jar]
[Loaded java.lang.IncompatibleClassChangeError from /usr/lib/jvm/java-7-openjdk-amd64/jre/lib/rt.jar]
[Loaded java.lang.NoSuchMethodError from /usr/lib/jvm/java-7-openjdk-amd64/jre/lib/rt.jar]
[Loaded java.util.ArrayList from /usr/lib/jvm/java-7-openjdk-amd64/jre/lib/rt.jar]
[Loaded java.util.Collections from /usr/lib/jvm/java-7-openjdk-amd64/jre/lib/rt.jar]
[Loaded java.util.Set from /usr/lib/jvm/java-7-openjdk-amd64/jre/lib/rt.jar]
[Loaded java.util.AbstractSet from /usr/lib/jvm/java-7-openjdk-amd64/jre/lib/rt.jar]
[Loaded java.util.Collections$EmptySet from /usr/lib/jvm/java-7-openjdk-amd64/jre/lib/rt.jar]
[Loaded java.util.Collections$EmptyList from /usr/lib/jvm/java-7-openjdk-amd64/jre/lib/rt.jar]
[Loaded java.util.Collections$EmptyMap from /usr/lib/jvm/java-7-openjdk-amd64/jre/lib/rt.jar]
[Loaded java.util.Collections$UnmodifiableCollection from /usr/lib/jvm/java-7-openjdk-amd64/jre/lib/rt.jar]
[Loaded java.util.Collections$UnmodifiableList from /usr/lib/jvm/java-7-openjdk-amd64/jre/lib/rt.jar]
[Loaded java.util.Collections$UnmodifiableRandomAccessList from /usr/lib/jvm/java-7-openjdk-amd64/jre/lib/rt.jar]
[Loaded sun.reflect.Reflection from /usr/lib/jvm/java-7-openjdk-amd64/jre/lib/rt.jar]
[Loaded java.util.HashMap from /usr/lib/jvm/java-7-openjdk-amd64/jre/lib/rt.jar]
[Loaded java.util.HashMap$Entry from /usr/lib/jvm/java-7-openjdk-amd64/jre/lib/rt.jar]
[Loaded java.util.HashMap$EntrySet from /usr/lib/jvm/java-7-openjdk-amd64/jre/lib/rt.jar]
[Loaded java.util.Iterator from /usr/lib/jvm/java-7-openjdk-amd64/jre/lib/rt.jar]
[Loaded java.util.HashMap$HashIterator from /usr/lib/jvm/java-7-openjdk-amd64/jre/lib/rt.jar]
[Loaded java.util.HashMap$EntryIterator from /usr/lib/jvm/java-7-openjdk-amd64/jre/lib/rt.jar]
[Loaded java.lang.Class$3 from /usr/lib/jvm/java-7-openjdk-amd64/jre/lib/rt.jar]
[Loaded java.lang.Class$ReflectionData from /usr/lib/jvm/java-7-openjdk-amd64/jre/lib/rt.jar]
[Loaded java.lang.Class$Atomic from /usr/lib/jvm/java-7-openjdk-amd64/jre/lib/rt.jar]
[Loaded java.lang.Class$SecurityManagerHelper from /usr/lib/jvm/java-7-openjdk-amd64/jre/lib/rt.jar]
[Loaded sun.reflect.generics.repository.AbstractRepository from /usr/lib/jvm/java-7-openjdk-amd64/jre/lib/rt.jar]
[Loaded sun.reflect.generics.repository.GenericDeclRepository from /usr/lib/jvm/java-7-openjdk-amd64/jre/lib/rt.jar]
[Loaded sun.reflect.generics.repository.ClassRepository from /usr/lib/jvm/java-7-openjdk-amd64/jre/lib/rt.jar]
[Loaded sun.reflect.annotation.AnnotationType from /usr/lib/jvm/java-7-openjdk-amd64/jre/lib/rt.jar]
[Loaded java.util.WeakHashMap from /usr/lib/jvm/java-7-openjdk-amd64/jre/lib/rt.jar]
[Loaded java.lang.ClassValue$ClassValueMap from /usr/lib/jvm/java-7-openjdk-amd64/jre/lib/rt.jar]
[Loaded java.lang.reflect.Modifier from /usr/lib/jvm/java-7-openjdk-amd64/jre/lib/rt.jar]
[Loaded sun.reflect.LangReflectAccess from /usr/lib/jvm/java-7-openjdk-amd64/jre/lib/rt.jar]
[Loaded java.lang.reflect.ReflectAccess from /usr/lib/jvm/java-7-openjdk-amd64/jre/lib/rt.jar]
[Loaded java.util.Arrays from /usr/lib/jvm/java-7-openjdk-amd64/jre/lib/rt.jar]
[Loaded sun.nio.cs.HistoricallyNamedCharset from /usr/lib/jvm/java-7-openjdk-amd64/jre/lib/rt.jar]
[Loaded sun.nio.cs.Unicode from /usr/lib/jvm/java-7-openjdk-amd64/jre/lib/rt.jar]
[Loaded sun.nio.cs.UTF_8 from /usr/lib/jvm/java-7-openjdk-amd64/jre/lib/rt.jar]
[Loaded java.lang.Class$1 from /usr/lib/jvm/java-7-openjdk-amd64/jre/lib/rt.jar]
[Loaded sun.reflect.ReflectionFactory$1 from /usr/lib/jvm/java-7-openjdk-amd64/jre/lib/rt.jar]
[Loaded sun.reflect.NativeConstructorAccessorImpl from /usr/lib/jvm/java-7-openjdk-amd64/jre/lib/rt.jar]
[Loaded sun.reflect.DelegatingConstructorAccessorImpl from /usr/lib/jvm/java-7-openjdk-amd64/jre/lib/rt.jar]
[Loaded java.lang.StringCoding from /usr/lib/jvm/java-7-openjdk-amd64/jre/lib/rt.jar]
[Loaded java.lang.ThreadLocal$ThreadLocalMap from /usr/lib/jvm/java-7-openjdk-amd64/jre/lib/rt.jar]
[Loaded java.lang.ThreadLocal$ThreadLocalMap$Entry from /usr/lib/jvm/java-7-openjdk-amd64/jre/lib/rt.jar]
[Loaded java.lang.StringCoding$StringDecoder from /usr/lib/jvm/java-7-openjdk-amd64/jre/lib/rt.jar]
[Loaded sun.nio.cs.ArrayDecoder from /usr/lib/jvm/java-7-openjdk-amd64/jre/lib/rt.jar]
[Loaded java.nio.charset.CharsetDecoder from /usr/lib/jvm/java-7-openjdk-amd64/jre/lib/rt.jar]
[Loaded sun.nio.cs.UTF_8$Decoder from /usr/lib/jvm/java-7-openjdk-amd64/jre/lib/rt.jar]
[Loaded java.nio.charset.CodingErrorAction from /usr/lib/jvm/java-7-openjdk-amd64/jre/lib/rt.jar]
[Loaded java.util.Hashtable$EntrySet from /usr/lib/jvm/java-7-openjdk-amd64/jre/lib/rt.jar]
[Loaded java.util.Collections$SynchronizedCollection from /usr/lib/jvm/java-7-openjdk-amd64/jre/lib/rt.jar]
[Loaded java.util.Collections$SynchronizedSet from /usr/lib/jvm/java-7-openjdk-amd64/jre/lib/rt.jar]
[Loaded java.util.Enumeration from /usr/lib/jvm/java-7-openjdk-amd64/jre/lib/rt.jar]
[Loaded java.util.Hashtable$Enumerator from /usr/lib/jvm/java-7-openjdk-amd64/jre/lib/rt.jar]
[Loaded java.lang.Runtime from /usr/lib/jvm/java-7-openjdk-amd64/jre/lib/rt.jar]
[Loaded sun.misc.Version from /usr/lib/jvm/java-7-openjdk-amd64/jre/lib/rt.jar]
[Loaded java.lang.AutoCloseable from /usr/lib/jvm/java-7-openjdk-amd64/jre/lib/rt.jar]
[Loaded java.io.Closeable from /usr/lib/jvm/java-7-openjdk-amd64/jre/lib/rt.jar]
[Loaded java.io.InputStream from /usr/lib/jvm/java-7-openjdk-amd64/jre/lib/rt.jar]
[Loaded java.io.FileInputStream from /usr/lib/jvm/java-7-openjdk-amd64/jre/lib/rt.jar]
[Loaded java.io.FileDescriptor from /usr/lib/jvm/java-7-openjdk-amd64/jre/lib/rt.jar]
[Loaded sun.misc.JavaIOFileDescriptorAccess from /usr/lib/jvm/java-7-openjdk-amd64/jre/lib/rt.jar]
[Loaded java.io.FileDescriptor$1 from /usr/lib/jvm/java-7-openjdk-amd64/jre/lib/rt.jar]
[Loaded sun.misc.SharedSecrets from /usr/lib/jvm/java-7-openjdk-amd64/jre/lib/rt.jar]
[Loaded java.io.Flushable from /usr/lib/jvm/java-7-openjdk-amd64/jre/lib/rt.jar]
[Loaded java.io.OutputStream from /usr/lib/jvm/java-7-openjdk-amd64/jre/lib/rt.jar]
[Loaded java.io.FileOutputStream from /usr/lib/jvm/java-7-openjdk-amd64/jre/lib/rt.jar]
[Loaded java.io.FilterInputStream from /usr/lib/jvm/java-7-openjdk-amd64/jre/lib/rt.jar]
[Loaded java.io.BufferedInputStream from /usr/lib/jvm/java-7-openjdk-amd64/jre/lib/rt.jar]
[Loaded java.util.concurrent.atomic.AtomicReferenceFieldUpdater from /usr/lib/jvm/java-7-openjdk-amd64/jre/lib/rt.jar]
[Loaded java.util.concurrent.atomic.AtomicReferenceFieldUpdater$AtomicReferenceFieldUpdaterImpl from /usr/lib/jvm/java-7-openjdk-amd64/jre/lib/rt.jar]
[Loaded sun.reflect.misc.ReflectUtil from /usr/lib/jvm/java-7-openjdk-amd64/jre/lib/rt.jar]
[Loaded java.lang.reflect.Proxy from /usr/lib/jvm/java-7-openjdk-amd64/jre/lib/rt.jar]
[Loaded java.lang.reflect.InvocationHandler from /usr/lib/jvm/java-7-openjdk-amd64/jre/lib/rt.jar]
[Loaded java.lang.reflect.WeakCache from /usr/lib/jvm/java-7-openjdk-amd64/jre/lib/rt.jar]
[Loaded java.lang.reflect.WeakCache$BiFunction from /usr/lib/jvm/java-7-openjdk-amd64/jre/lib/rt.jar]
[Loaded java.lang.reflect.Proxy$KeyFactory from /usr/lib/jvm/java-7-openjdk-amd64/jre/lib/rt.jar]
[Loaded java.lang.reflect.Proxy$ProxyClassFactory from /usr/lib/jvm/java-7-openjdk-amd64/jre/lib/rt.jar]
[Loaded java.util.concurrent.atomic.AtomicLong from /usr/lib/jvm/java-7-openjdk-amd64/jre/lib/rt.jar]
[Loaded java.util.concurrent.ConcurrentMap from /usr/lib/jvm/java-7-openjdk-amd64/jre/lib/rt.jar]
[Loaded java.util.concurrent.ConcurrentHashMap from /usr/lib/jvm/java-7-openjdk-amd64/jre/lib/rt.jar]
[Loaded java.util.concurrent.ConcurrentHashMap$HashEntry from /usr/lib/jvm/java-7-openjdk-amd64/jre/lib/rt.jar]
[Loaded java.util.concurrent.locks.Lock from /usr/lib/jvm/java-7-openjdk-amd64/jre/lib/rt.jar]
[Loaded java.util.concurrent.locks.ReentrantLock from /usr/lib/jvm/java-7-openjdk-amd64/jre/lib/rt.jar]
[Loaded java.util.concurrent.ConcurrentHashMap$Segment from /usr/lib/jvm/java-7-openjdk-amd64/jre/lib/rt.jar]
[Loaded java.util.concurrent.locks.AbstractOwnableSynchronizer from /usr/lib/jvm/java-7-openjdk-amd64/jre/lib/rt.jar]
[Loaded java.util.concurrent.locks.AbstractQueuedSynchronizer from /usr/lib/jvm/java-7-openjdk-amd64/jre/lib/rt.jar]
[Loaded java.util.concurrent.locks.ReentrantLock$Sync from /usr/lib/jvm/java-7-openjdk-amd64/jre/lib/rt.jar]
[Loaded java.util.concurrent.locks.ReentrantLock$NonfairSync from /usr/lib/jvm/java-7-openjdk-amd64/jre/lib/rt.jar]
[Loaded java.util.concurrent.locks.AbstractQueuedSynchronizer$Node from /usr/lib/jvm/java-7-openjdk-amd64/jre/lib/rt.jar]
[Loaded java.util.Objects from /usr/lib/jvm/java-7-openjdk-amd64/jre/lib/rt.jar]
[Loaded java.io.FilterOutputStream from /usr/lib/jvm/java-7-openjdk-amd64/jre/lib/rt.jar]
[Loaded java.io.PrintStream from /usr/lib/jvm/java-7-openjdk-amd64/jre/lib/rt.jar]
[Loaded java.io.BufferedOutputStream from /usr/lib/jvm/java-7-openjdk-amd64/jre/lib/rt.jar]
[Loaded java.io.Writer from /usr/lib/jvm/java-7-openjdk-amd64/jre/lib/rt.jar]
[Loaded java.io.OutputStreamWriter from /usr/lib/jvm/java-7-openjdk-amd64/jre/lib/rt.jar]
[Loaded sun.nio.cs.StreamEncoder from /usr/lib/jvm/java-7-openjdk-amd64/jre/lib/rt.jar]
[Loaded sun.security.action.GetPropertyAction from /usr/lib/jvm/java-7-openjdk-amd64/jre/lib/rt.jar]
[Loaded sun.nio.cs.ArrayEncoder from /usr/lib/jvm/java-7-openjdk-amd64/jre/lib/rt.jar]
[Loaded java.nio.charset.CharsetEncoder from /usr/lib/jvm/java-7-openjdk-amd64/jre/lib/rt.jar]
[Loaded sun.nio.cs.UTF_8$Encoder from /usr/lib/jvm/java-7-openjdk-amd64/jre/lib/rt.jar]
[Loaded java.nio.ByteBuffer from /usr/lib/jvm/java-7-openjdk-amd64/jre/lib/rt.jar]
[Loaded java.nio.HeapByteBuffer from /usr/lib/jvm/java-7-openjdk-amd64/jre/lib/rt.jar]
[Loaded java.nio.Bits from /usr/lib/jvm/java-7-openjdk-amd64/jre/lib/rt.jar]
[Loaded java.nio.ByteOrder from /usr/lib/jvm/java-7-openjdk-amd64/jre/lib/rt.jar]
[Loaded sun.misc.JavaNioAccess from /usr/lib/jvm/java-7-openjdk-amd64/jre/lib/rt.jar]
[Loaded java.nio.Bits$1 from /usr/lib/jvm/java-7-openjdk-amd64/jre/lib/rt.jar]
[Loaded java.io.BufferedWriter from /usr/lib/jvm/java-7-openjdk-amd64/jre/lib/rt.jar]
[Loaded java.io.File from /usr/lib/jvm/java-7-openjdk-amd64/jre/lib/rt.jar]
[Loaded java.io.FileSystem from /usr/lib/jvm/java-7-openjdk-amd64/jre/lib/rt.jar]
[Loaded java.io.UnixFileSystem from /usr/lib/jvm/java-7-openjdk-amd64/jre/lib/rt.jar]
[Loaded java.io.ExpiringCache from /usr/lib/jvm/java-7-openjdk-amd64/jre/lib/rt.jar]
[Loaded java.util.LinkedHashMap from /usr/lib/jvm/java-7-openjdk-amd64/jre/lib/rt.jar]
[Loaded java.io.ExpiringCache$1 from /usr/lib/jvm/java-7-openjdk-amd64/jre/lib/rt.jar]
[Loaded java.util.LinkedHashMap$Entry from /usr/lib/jvm/java-7-openjdk-amd64/jre/lib/rt.jar]
[Loaded java.lang.ClassLoader$3 from /usr/lib/jvm/java-7-openjdk-amd64/jre/lib/rt.jar]
[Loaded java.lang.Enum from /usr/lib/jvm/java-7-openjdk-amd64/jre/lib/rt.jar]
[Loaded java.io.File$PathStatus from /usr/lib/jvm/java-7-openjdk-amd64/jre/lib/rt.jar]
[Loaded java.lang.StringCoding$StringEncoder from /usr/lib/jvm/java-7-openjdk-amd64/jre/lib/rt.jar]
[Loaded java.io.ExpiringCache$Entry from /usr/lib/jvm/java-7-openjdk-amd64/jre/lib/rt.jar]
[Loaded java.lang.ClassLoader$NativeLibrary from /usr/lib/jvm/java-7-openjdk-amd64/jre/lib/rt.jar]
[Loaded java.lang.Terminator from /usr/lib/jvm/java-7-openjdk-amd64/jre/lib/rt.jar]
[Loaded sun.misc.SignalHandler from /usr/lib/jvm/java-7-openjdk-amd64/jre/lib/rt.jar]
[Loaded java.lang.Terminator$1 from /usr/lib/jvm/java-7-openjdk-amd64/jre/lib/rt.jar]
[Loaded sun.misc.Signal from /usr/lib/jvm/java-7-openjdk-amd64/jre/lib/rt.jar]
[Loaded sun.misc.NativeSignalHandler from /usr/lib/jvm/java-7-openjdk-amd64/jre/lib/rt.jar]
[Loaded sun.misc.OSEnvironment from /usr/lib/jvm/java-7-openjdk-amd64/jre/lib/rt.jar]
[Loaded sun.misc.JavaLangAccess from /usr/lib/jvm/java-7-openjdk-amd64/jre/lib/rt.jar]
[Loaded java.lang.System$2 from /usr/lib/jvm/java-7-openjdk-amd64/jre/lib/rt.jar]
[Loaded java.lang.IllegalArgumentException from /usr/lib/jvm/java-7-openjdk-amd64/jre/lib/rt.jar]
[Loaded java.lang.Compiler from /usr/lib/jvm/java-7-openjdk-amd64/jre/lib/rt.jar]
[Loaded java.lang.Compiler$1 from /usr/lib/jvm/java-7-openjdk-amd64/jre/lib/rt.jar]
[Loaded sun.misc.Launcher from /usr/lib/jvm/java-7-openjdk-amd64/jre/lib/rt.jar]
[Loaded java.net.URLStreamHandlerFactory from /usr/lib/jvm/java-7-openjdk-amd64/jre/lib/rt.jar]
[Loaded sun.misc.Launcher$Factory from /usr/lib/jvm/java-7-openjdk-amd64/jre/lib/rt.jar]
[Loaded java.security.SecureClassLoader from /usr/lib/jvm/java-7-openjdk-amd64/jre/lib/rt.jar]
[Loaded java.net.URLClassLoader from /usr/lib/jvm/java-7-openjdk-amd64/jre/lib/rt.jar]
[Loaded sun.misc.Launcher$ExtClassLoader from /usr/lib/jvm/java-7-openjdk-amd64/jre/lib/rt.jar]
[Loaded sun.security.util.Debug from /usr/lib/jvm/java-7-openjdk-amd64/jre/lib/rt.jar]
[Loaded java.lang.ClassLoader$ParallelLoaders from /usr/lib/jvm/java-7-openjdk-amd64/jre/lib/rt.jar]
[Loaded sun.misc.Hashing from /usr/lib/jvm/java-7-openjdk-amd64/jre/lib/rt.jar]
[Loaded java.util.Random from /usr/lib/jvm/java-7-openjdk-amd64/jre/lib/rt.jar]
[Loaded java.util.concurrent.ThreadLocalRandom from /usr/lib/jvm/java-7-openjdk-amd64/jre/lib/rt.jar]
[Loaded java.util.concurrent.ThreadLocalRandom$1 from /usr/lib/jvm/java-7-openjdk-amd64/jre/lib/rt.jar]
[Loaded java.util.WeakHashMap$Entry from /usr/lib/jvm/java-7-openjdk-amd64/jre/lib/rt.jar]
[Loaded java.util.WeakHashMap$Holder from /usr/lib/jvm/java-7-openjdk-amd64/jre/lib/rt.jar]
[Loaded java.util.Collections$SetFromMap from /usr/lib/jvm/java-7-openjdk-amd64/jre/lib/rt.jar]
[Loaded java.util.WeakHashMap$KeySet from /usr/lib/jvm/java-7-openjdk-amd64/jre/lib/rt.jar]
[Loaded sun.misc.JavaNetAccess from /usr/lib/jvm/java-7-openjdk-amd64/jre/lib/rt.jar]
[Loaded java.net.URLClassLoader$7 from /usr/lib/jvm/java-7-openjdk-amd64/jre/lib/rt.jar]
[Loaded java.util.StringTokenizer from /usr/lib/jvm/java-7-openjdk-amd64/jre/lib/rt.jar]
[Loaded java.security.PrivilegedExceptionAction from /usr/lib/jvm/java-7-openjdk-amd64/jre/lib/rt.jar]
[Loaded sun.misc.Launcher$ExtClassLoader$1 from /usr/lib/jvm/java-7-openjdk-amd64/jre/lib/rt.jar]
[Loaded sun.misc.MetaIndex from /usr/lib/jvm/java-7-openjdk-amd64/jre/lib/rt.jar]
[Loaded sun.net.www.ParseUtil from /usr/lib/jvm/java-7-openjdk-amd64/jre/lib/rt.jar]
[Loaded java.util.BitSet from /usr/lib/jvm/java-7-openjdk-amd64/jre/lib/rt.jar]
[Loaded java.net.URL from /usr/lib/jvm/java-7-openjdk-amd64/jre/lib/rt.jar]
[Loaded java.util.Hashtable$Holder from /usr/lib/jvm/java-7-openjdk-amd64/jre/lib/rt.jar]
[Loaded java.net.URL$1 from /usr/lib/jvm/java-7-openjdk-amd64/jre/lib/rt.jar]
[Loaded java.util.Locale from /usr/lib/jvm/java-7-openjdk-amd64/jre/lib/rt.jar]
[Loaded sun.util.locale.LocaleObjectCache from /usr/lib/jvm/java-7-openjdk-amd64/jre/lib/rt.jar]
[Loaded java.util.Locale$Cache from /usr/lib/jvm/java-7-openjdk-amd64/jre/lib/rt.jar]
[Loaded java.util.concurrent.ConcurrentHashMap$Holder from /usr/lib/jvm/java-7-openjdk-amd64/jre/lib/rt.jar]
[Loaded sun.util.locale.BaseLocale from /usr/lib/jvm/java-7-openjdk-amd64/jre/lib/rt.jar]
[Loaded sun.util.locale.BaseLocale$Cache from /usr/lib/jvm/java-7-openjdk-amd64/jre/lib/rt.jar]
[Loaded sun.util.locale.BaseLocale$Key from /usr/lib/jvm/java-7-openjdk-amd64/jre/lib/rt.jar]
[Loaded sun.util.locale.LocaleObjectCache$CacheEntry from /usr/lib/jvm/java-7-openjdk-amd64/jre/lib/rt.jar]
[Loaded java.util.Locale$LocaleKey from /usr/lib/jvm/java-7-openjdk-amd64/jre/lib/rt.jar]
[Loaded sun.util.locale.LocaleUtils from /usr/lib/jvm/java-7-openjdk-amd64/jre/lib/rt.jar]
[Loaded java.lang.CharacterData from /usr/lib/jvm/java-7-openjdk-amd64/jre/lib/rt.jar]
[Loaded java.lang.CharacterDataLatin1 from /usr/lib/jvm/java-7-openjdk-amd64/jre/lib/rt.jar]
[Loaded java.net.Parts from /usr/lib/jvm/java-7-openjdk-amd64/jre/lib/rt.jar]
[Loaded java.net.URLStreamHandler from /usr/lib/jvm/java-7-openjdk-amd64/jre/lib/rt.jar]
[Loaded sun.net.www.protocol.file.Handler from /usr/lib/jvm/java-7-openjdk-amd64/jre/lib/rt.jar]
[Loaded sun.misc.JavaSecurityAccess from /usr/lib/jvm/java-7-openjdk-amd64/jre/lib/rt.jar]
[Loaded java.security.ProtectionDomain$1 from /usr/lib/jvm/java-7-openjdk-amd64/jre/lib/rt.jar]
[Loaded sun.misc.JavaSecurityProtectionDomainAccess from /usr/lib/jvm/java-7-openjdk-amd64/jre/lib/rt.jar]
[Loaded java.security.ProtectionDomain$3 from /usr/lib/jvm/java-7-openjdk-amd64/jre/lib/rt.jar]
[Loaded java.security.CodeSource from /usr/lib/jvm/java-7-openjdk-amd64/jre/lib/rt.jar]
[Loaded java.security.ProtectionDomain$Key from /usr/lib/jvm/java-7-openjdk-amd64/jre/lib/rt.jar]
[Loaded java.security.Principal from /usr/lib/jvm/java-7-openjdk-amd64/jre/lib/rt.jar]
[Loaded java.util.HashSet from /usr/lib/jvm/java-7-openjdk-amd64/jre/lib/rt.jar]
[Loaded sun.misc.URLClassPath from /usr/lib/jvm/java-7-openjdk-amd64/jre/lib/rt.jar]
[Loaded sun.net.www.protocol.jar.Handler from /usr/lib/jvm/java-7-openjdk-amd64/jre/lib/rt.jar]
[Loaded sun.misc.Launcher$AppClassLoader from /usr/lib/jvm/java-7-openjdk-amd64/jre/lib/rt.jar]
[Loaded sun.misc.Launcher$AppClassLoader$1 from /usr/lib/jvm/java-7-openjdk-amd64/jre/lib/rt.jar]
[Loaded java.lang.SystemClassLoaderAction from /usr/lib/jvm/java-7-openjdk-amd64/jre/lib/rt.jar]
[Loaded sun.launcher.LauncherHelper from /usr/lib/jvm/java-7-openjdk-amd64/jre/lib/rt.jar]
[Loaded java.net.URLClassLoader$1 from /usr/lib/jvm/java-7-openjdk-amd64/jre/lib/rt.jar]
[Loaded sun.net.util.URLUtil from /usr/lib/jvm/java-7-openjdk-amd64/jre/lib/rt.jar]
[Loaded sun.misc.URLClassPath$3 from /usr/lib/jvm/java-7-openjdk-amd64/jre/lib/rt.jar]
[Loaded sun.misc.URLClassPath$Loader from /usr/lib/jvm/java-7-openjdk-amd64/jre/lib/rt.jar]
[Loaded sun.misc.URLClassPath$JarLoader from /usr/lib/jvm/java-7-openjdk-amd64/jre/lib/rt.jar]
[Loaded java.util.zip.ZipConstants from /usr/lib/jvm/java-7-openjdk-amd64/jre/lib/rt.jar]
[Loaded java.util.zip.ZipFile from /usr/lib/jvm/java-7-openjdk-amd64/jre/lib/rt.jar]
[Loaded sun.misc.JavaUtilZipFileAccess from /usr/lib/jvm/java-7-openjdk-amd64/jre/lib/rt.jar]
[Loaded java.util.zip.ZipFile$2 from /usr/lib/jvm/java-7-openjdk-amd64/jre/lib/rt.jar]
[Loaded sun.misc.URLClassPath$JarLoader$1 from /usr/lib/jvm/java-7-openjdk-amd64/jre/lib/rt.jar]
[Loaded sun.misc.FileURLMapper from /usr/lib/jvm/java-7-openjdk-amd64/jre/lib/rt.jar]
[Loaded java.util.jar.JarFile from /usr/lib/jvm/java-7-openjdk-amd64/jre/lib/rt.jar]
[Loaded sun.misc.JavaUtilJarAccess from /usr/lib/jvm/java-7-openjdk-amd64/jre/lib/rt.jar]
[Loaded java.util.jar.JavaUtilJarAccessImpl from /usr/lib/jvm/java-7-openjdk-amd64/jre/lib/rt.jar]
[Loaded java.nio.charset.StandardCharsets from /usr/lib/jvm/java-7-openjdk-amd64/jre/lib/rt.jar]
[Loaded sun.nio.cs.US_ASCII from /usr/lib/jvm/java-7-openjdk-amd64/jre/lib/rt.jar]
[Loaded sun.nio.cs.ISO_8859_1 from /usr/lib/jvm/java-7-openjdk-amd64/jre/lib/rt.jar]
[Loaded sun.nio.cs.UTF_16BE from /usr/lib/jvm/java-7-openjdk-amd64/jre/lib/rt.jar]
[Loaded sun.nio.cs.UTF_16LE from /usr/lib/jvm/java-7-openjdk-amd64/jre/lib/rt.jar]
[Loaded sun.nio.cs.UTF_16 from /usr/lib/jvm/java-7-openjdk-amd64/jre/lib/rt.jar]
[Loaded java.util.Queue from /usr/lib/jvm/java-7-openjdk-amd64/jre/lib/rt.jar]
[Loaded java.util.Deque from /usr/lib/jvm/java-7-openjdk-amd64/jre/lib/rt.jar]
[Loaded java.util.ArrayDeque from /usr/lib/jvm/java-7-openjdk-amd64/jre/lib/rt.jar]
[Loaded java.util.zip.ZipCoder from /usr/lib/jvm/java-7-openjdk-amd64/jre/lib/rt.jar]
[Loaded sun.misc.PerfCounter from /usr/lib/jvm/java-7-openjdk-amd64/jre/lib/rt.jar]
[Loaded sun.misc.Perf$GetPerfAction from /usr/lib/jvm/java-7-openjdk-amd64/jre/lib/rt.jar]
[Loaded sun.misc.Perf from /usr/lib/jvm/java-7-openjdk-amd64/jre/lib/rt.jar]
[Loaded sun.misc.PerfCounter$CoreCounters from /usr/lib/jvm/java-7-openjdk-amd64/jre/lib/rt.jar]
[Loaded sun.nio.ch.DirectBuffer from /usr/lib/jvm/java-7-openjdk-amd64/jre/lib/rt.jar]
[Loaded java.nio.MappedByteBuffer from /usr/lib/jvm/java-7-openjdk-amd64/jre/lib/rt.jar]
[Loaded java.nio.DirectByteBuffer from /usr/lib/jvm/java-7-openjdk-amd64/jre/lib/rt.jar]
[Loaded java.nio.LongBuffer from /usr/lib/jvm/java-7-openjdk-amd64/jre/lib/rt.jar]
[Loaded java.nio.DirectLongBufferU from /usr/lib/jvm/java-7-openjdk-amd64/jre/lib/rt.jar]
[Loaded sun.misc.JarIndex from /usr/lib/jvm/java-7-openjdk-amd64/jre/lib/rt.jar]
[Loaded sun.misc.ExtensionDependency from /usr/lib/jvm/java-7-openjdk-amd64/jre/lib/rt.jar]
[Loaded java.util.HashMap$Holder from /usr/lib/jvm/java-7-openjdk-amd64/jre/lib/rt.jar]
[Loaded java.util.zip.ZipEntry from /usr/lib/jvm/java-7-openjdk-amd64/jre/lib/rt.jar]
[Loaded java.util.jar.JarEntry from /usr/lib/jvm/java-7-openjdk-amd64/jre/lib/rt.jar]
[Loaded java.util.jar.JarFile$JarFileEntry from /usr/lib/jvm/java-7-openjdk-amd64/jre/lib/rt.jar]
[Loaded java.util.zip.ZipFile$ZipFileInputStream from /usr/lib/jvm/java-7-openjdk-amd64/jre/lib/rt.jar]
[Loaded java.util.zip.Inflater from /usr/lib/jvm/java-7-openjdk-amd64/jre/lib/rt.jar]
[Loaded java.util.zip.ZStreamRef from /usr/lib/jvm/java-7-openjdk-amd64/jre/lib/rt.jar]
[Loaded java.util.zip.InflaterInputStream from /usr/lib/jvm/java-7-openjdk-amd64/jre/lib/rt.jar]
[Loaded java.util.zip.ZipFile$ZipFileInflaterInputStream from /usr/lib/jvm/java-7-openjdk-amd64/jre/lib/rt.jar]
[Loaded sun.misc.IOUtils from /usr/lib/jvm/java-7-openjdk-amd64/jre/lib/rt.jar]
[Loaded java.io.IOException from /usr/lib/jvm/java-7-openjdk-amd64/jre/lib/rt.jar]
[Loaded java.util.zip.ZipException from /usr/lib/jvm/java-7-openjdk-amd64/jre/lib/rt.jar]
[Loaded java.security.PrivilegedActionException from /usr/lib/jvm/java-7-openjdk-amd64/jre/lib/rt.jar]
[Loaded sun.misc.URLClassPath$FileLoader from /usr/lib/jvm/java-7-openjdk-amd64/jre/lib/rt.jar]
[Loaded sun.misc.Resource from /usr/lib/jvm/java-7-openjdk-amd64/jre/lib/rt.jar]
[Loaded sun.misc.URLClassPath$FileLoader$1 from /usr/lib/jvm/java-7-openjdk-amd64/jre/lib/rt.jar]
[Loaded java.lang.Package from /usr/lib/jvm/java-7-openjdk-amd64/jre/lib/rt.jar]
[Loaded sun.nio.ByteBuffered from /usr/lib/jvm/java-7-openjdk-amd64/jre/lib/rt.jar]
[Loaded sun.misc.IoTrace from /usr/lib/jvm/java-7-openjdk-amd64/jre/lib/rt.jar]
[Loaded java.security.PermissionCollection from /usr/lib/jvm/java-7-openjdk-amd64/jre/lib/rt.jar]
[Loaded java.security.Permissions from /usr/lib/jvm/java-7-openjdk-amd64/jre/lib/rt.jar]
[Loaded java.net.URLConnection from /usr/lib/jvm/java-7-openjdk-amd64/jre/lib/rt.jar]
[Loaded sun.net.www.URLConnection from /usr/lib/jvm/java-7-openjdk-amd64/jre/lib/rt.jar]
[Loaded sun.net.www.protocol.file.FileURLConnection from /usr/lib/jvm/java-7-openjdk-amd64/jre/lib/rt.jar]
[Loaded sun.net.www.MessageHeader from /usr/lib/jvm/java-7-openjdk-amd64/jre/lib/rt.jar]
[Loaded java.io.FilePermission from /usr/lib/jvm/java-7-openjdk-amd64/jre/lib/rt.jar]
[Loaded java.io.FilePermission$1 from /usr/lib/jvm/java-7-openjdk-amd64/jre/lib/rt.jar]
[Loaded java.io.FilePermissionCollection from /usr/lib/jvm/java-7-openjdk-amd64/jre/lib/rt.jar]
[Loaded java.security.AllPermission from /usr/lib/jvm/java-7-openjdk-amd64/jre/lib/rt.jar]
[Loaded java.security.UnresolvedPermission from /usr/lib/jvm/java-7-openjdk-amd64/jre/lib/rt.jar]
[Loaded java.security.BasicPermissionCollection from /usr/lib/jvm/java-7-openjdk-amd64/jre/lib/rt.jar]
[Loaded client.StockQuoteClient from file:/home/wielants/workspace/WSDL-Test/bin/]
[Loaded java.lang.Void from /usr/lib/jvm/java-7-openjdk-amd64/jre/lib/rt.jar]
[Loaded javax.xml.ws.Service from /usr/lib/jvm/java-7-openjdk-amd64/jre/lib/rt.jar]
[Loaded com.example.stockquote.StockQuoteService from file:/home/wielants/workspace/WSDL-Test/bin/]
[Loaded java.net.MalformedURLException from /usr/lib/jvm/java-7-openjdk-amd64/jre/lib/rt.jar]
[Loaded javax.xml.ws.WebServiceException from /usr/lib/jvm/java-7-openjdk-amd64/jre/lib/rt.jar]
[Loaded javax.xml.namespace.QName from /usr/lib/jvm/java-7-openjdk-amd64/jre/lib/rt.jar]
[Loaded javax.xml.namespace.QName$1 from /usr/lib/jvm/java-7-openjdk-amd64/jre/lib/rt.jar]
[Loaded javax.xml.ws.spi.Provider from /usr/lib/jvm/java-7-openjdk-amd64/jre/lib/rt.jar]
[Loaded java.util.ServiceLoader from /usr/lib/jvm/java-7-openjdk-amd64/jre/lib/rt.jar]
[Loaded sun.reflect.NativeMethodAccessorImpl from /usr/lib/jvm/java-7-openjdk-amd64/jre/lib/rt.jar]
[Loaded sun.reflect.DelegatingMethodAccessorImpl from /usr/lib/jvm/java-7-openjdk-amd64/jre/lib/rt.jar]
[Loaded java.util.ServiceLoader$LazyIterator from /usr/lib/jvm/java-7-openjdk-amd64/jre/lib/rt.jar]
[Loaded java.util.ServiceLoader$1 from /usr/lib/jvm/java-7-openjdk-amd64/jre/lib/rt.jar]
[Loaded java.util.LinkedHashMap$LinkedHashIterator from /usr/lib/jvm/java-7-openjdk-amd64/jre/lib/rt.jar]
[Loaded java.util.LinkedHashMap$EntryIterator from /usr/lib/jvm/java-7-openjdk-amd64/jre/lib/rt.jar]
[Loaded sun.misc.Launcher$BootClassPathHolder from /usr/lib/jvm/java-7-openjdk-amd64/jre/lib/rt.jar]
[Loaded sun.misc.Launcher$BootClassPathHolder$1 from /usr/lib/jvm/java-7-openjdk-amd64/jre/lib/rt.jar]
[Loaded java.lang.Readable from /usr/lib/jvm/java-7-openjdk-amd64/jre/lib/rt.jar]
[Loaded java.io.Reader from /usr/lib/jvm/java-7-openjdk-amd64/jre/lib/rt.jar]
[Loaded java.io.BufferedReader from /usr/lib/jvm/java-7-openjdk-amd64/jre/lib/rt.jar]
[Loaded java.io.InputStreamReader from /usr/lib/jvm/java-7-openjdk-amd64/jre/lib/rt.jar]
[Loaded java.io.FileReader from /usr/lib/jvm/java-7-openjdk-amd64/jre/lib/rt.jar]
[Loaded sun.nio.cs.StreamDecoder from /usr/lib/jvm/java-7-openjdk-amd64/jre/lib/rt.jar]
[Loaded java.nio.CharBuffer from /usr/lib/jvm/java-7-openjdk-amd64/jre/lib/rt.jar]
[Loaded java.nio.HeapCharBuffer from /usr/lib/jvm/java-7-openjdk-amd64/jre/lib/rt.jar]
[Loaded java.nio.charset.CoderResult from /usr/lib/jvm/java-7-openjdk-amd64/jre/lib/rt.jar]
[Loaded java.nio.charset.CoderResult$Cache from /usr/lib/jvm/java-7-openjdk-amd64/jre/lib/rt.jar]
[Loaded java.nio.charset.CoderResult$1 from /usr/lib/jvm/java-7-openjdk-amd64/jre/lib/rt.jar]
[Loaded java.nio.charset.CoderResult$2 from /usr/lib/jvm/java-7-openjdk-amd64/jre/lib/rt.jar]
[Loaded java.lang.reflect.Array from /usr/lib/jvm/java-7-openjdk-amd64/jre/lib/rt.jar]
[Loaded sun.misc.URLClassPath$2 from /usr/lib/jvm/java-7-openjdk-amd64/jre/lib/rt.jar]
[Loaded java.lang.ClassLoader$2 from /usr/lib/jvm/java-7-openjdk-amd64/jre/lib/rt.jar]
[Loaded sun.misc.URLClassPath$1 from /usr/lib/jvm/java-7-openjdk-amd64/jre/lib/rt.jar]
[Loaded java.net.URLClassLoader$3 from /usr/lib/jvm/java-7-openjdk-amd64/jre/lib/rt.jar]
[Loaded sun.misc.CompoundEnumeration from /usr/lib/jvm/java-7-openjdk-amd64/jre/lib/rt.jar]
[Loaded java.io.FileNotFoundException from /usr/lib/jvm/java-7-openjdk-amd64/jre/lib/rt.jar]
[Loaded java.net.URLClassLoader$3$1 from /usr/lib/jvm/java-7-openjdk-amd64/jre/lib/rt.jar]
[Loaded java.util.jar.Manifest from /usr/lib/jvm/java-7-openjdk-amd64/jre/lib/rt.jar]
[Loaded java.io.ByteArrayInputStream from /usr/lib/jvm/java-7-openjdk-amd64/jre/lib/rt.jar]
[Loaded java.util.jar.Attributes from /usr/lib/jvm/java-7-openjdk-amd64/jre/lib/rt.jar]
[Loaded java.util.jar.Manifest$FastInputStream from /usr/lib/jvm/java-7-openjdk-amd64/jre/lib/rt.jar]
[Loaded java.util.jar.Attributes$Name from /usr/lib/jvm/java-7-openjdk-amd64/jre/lib/rt.jar]
[Loaded sun.misc.ASCIICaseInsensitiveComparator from /usr/lib/jvm/java-7-openjdk-amd64/jre/lib/rt.jar]
[Loaded java.util.jar.JarVerifier from /usr/lib/jvm/java-7-openjdk-amd64/jre/lib/rt.jar]
[Loaded java.security.CodeSigner from /usr/lib/jvm/java-7-openjdk-amd64/jre/lib/rt.jar]
[Loaded java.util.jar.JarVerifier$3 from /usr/lib/jvm/java-7-openjdk-amd64/jre/lib/rt.jar]
[Loaded java.io.ByteArrayOutputStream from /usr/lib/jvm/java-7-openjdk-amd64/jre/lib/rt.jar]
[Loaded sun.misc.URLClassPath$JarLoader$2 from /usr/lib/jvm/java-7-openjdk-amd64/jre/lib/rt.jar]
[Loaded java.net.JarURLConnection from /usr/lib/jvm/java-7-openjdk-amd64/jre/lib/rt.jar]
[Loaded sun.net.www.protocol.jar.JarURLConnection from /usr/lib/jvm/java-7-openjdk-amd64/jre/lib/rt.jar]
[Loaded sun.net.www.protocol.jar.URLJarFile$URLJarFileCloseController from /usr/lib/jvm/java-7-openjdk-amd64/jre/lib/rt.jar]
[Loaded sun.net.www.protocol.jar.JarFileFactory from /usr/lib/jvm/java-7-openjdk-amd64/jre/lib/rt.jar]
[Loaded sun.net.www.protocol.jar.URLJarFile from /usr/lib/jvm/java-7-openjdk-amd64/jre/lib/rt.jar]
[Loaded sun.net.www.protocol.jar.URLJarFile$URLJarFileEntry from /usr/lib/jvm/java-7-openjdk-amd64/jre/lib/rt.jar]
[Loaded sun.net.www.protocol.jar.JarURLConnection$JarURLInputStream from /usr/lib/jvm/java-7-openjdk-amd64/jre/lib/rt.jar]
[Loaded java.util.ArrayList$Itr from /usr/lib/jvm/java-7-openjdk-amd64/jre/lib/rt.jar]
[Loaded sun.security.util.SignatureFileVerifier from /usr/lib/jvm/java-7-openjdk-amd64/jre/lib/rt.jar]
[Loaded sun.security.util.ManifestEntryVerifier from /usr/lib/jvm/java-7-openjdk-amd64/jre/lib/rt.jar]
[Loaded sun.misc.CharacterDecoder from /usr/lib/jvm/java-7-openjdk-amd64/jre/lib/rt.jar]
[Loaded sun.misc.BASE64Decoder from /usr/lib/jvm/java-7-openjdk-amd64/jre/lib/rt.jar]
[Loaded com.sun.xml.ws.spi.ProviderImpl from file:/home/wielants/Downloads/jaxws-ri/lib/jaxws-rt.jar]
[Loaded javax.xml.ws.spi.ServiceDelegate from /usr/lib/jvm/java-7-openjdk-amd64/jre/lib/rt.jar]
[Loaded com.sun.xml.ws.api.Component from file:/home/wielants/Downloads/jaxws-ri/lib/jaxws-rt.jar]
[Loaded com.sun.xml.ws.api.ComponentRegistry from file:/home/wielants/Downloads/jaxws-ri/lib/jaxws-rt.jar]
[Loaded com.sun.xml.ws.api.WSService from file:/home/wielants/Downloads/jaxws-ri/lib/jaxws-rt.jar]
[Loaded com.sun.xml.ws.client.WSServiceDelegate from file:/home/wielants/Downloads/jaxws-ri/lib/jaxws-rt.jar]
[Loaded javax.xml.ws.Endpoint from /usr/lib/jvm/java-7-openjdk-amd64/jre/lib/rt.jar]
[Loaded com.sun.xml.ws.transport.http.server.EndpointImpl from file:/home/wielants/Downloads/jaxws-ri/lib/jaxws-rt.jar]
[Loaded java.lang.IllegalStateException from /usr/lib/jvm/java-7-openjdk-amd64/jre/lib/rt.jar]
[Loaded javax.xml.transform.Source from /usr/lib/jvm/java-7-openjdk-amd64/jre/lib/rt.jar]
[Loaded com.sun.xml.ws.api.model.wsdl.WSDLObject from file:/home/wielants/Downloads/jaxws-ri/lib/jaxws-rt.jar]
[Loaded com.sun.xml.ws.api.model.wsdl.WSDLExtensible from file:/home/wielants/Downloads/jaxws-ri/lib/jaxws-rt.jar]
[Loaded com.sun.xml.ws.api.model.wsdl.WSDLService from file:/home/wielants/Downloads/jaxws-ri/lib/jaxws-rt.jar]
[Loaded com.sun.xml.ws.spi.ProviderImpl$2 from file:/home/wielants/Downloads/jaxws-ri/lib/jaxws-rt.jar]
[Loaded javax.xml.bind.JAXBException from /usr/lib/jvm/java-7-openjdk-amd64/jre/lib/rt.jar]
[Loaded com.sun.xml.ws.addressing.v200408.MemberSubmissionAddressingConstants from file:/home/wielants/Downloads/jaxws-ri/lib/jaxws-rt.jar]
[Loaded javax.xml.ws.EndpointReference from /usr/lib/jvm/java-7-openjdk-amd64/jre/lib/rt.jar]
[Loaded com.sun.xml.ws.developer.MemberSubmissionEndpointReference from file:/home/wielants/Downloads/jaxws-ri/lib/jaxws-rt.jar]
[Loaded javax.xml.ws.wsaddressing.W3CEndpointReference from /usr/lib/jvm/java-7-openjdk-amd64/jre/lib/rt.jar]
[Loaded javax.xml.bind.JAXBContext from /usr/lib/jvm/java-7-openjdk-amd64/jre/lib/rt.jar]
[Loaded javax.xml.bind.ContextFinder from /usr/lib/jvm/java-7-openjdk-amd64/jre/lib/rt.jar]
[Loaded java.util.logging.Logger from /usr/lib/jvm/java-7-openjdk-amd64/jre/lib/rt.jar]
[Loaded java.util.logging.Handler from /usr/lib/jvm/java-7-openjdk-amd64/jre/lib/rt.jar]
[Loaded java.util.logging.Level from /usr/lib/jvm/java-7-openjdk-amd64/jre/lib/rt.jar]
[Loaded java.util.logging.Level$KnownLevel from /usr/lib/jvm/java-7-openjdk-amd64/jre/lib/rt.jar]
[Loaded java.lang.Integer$IntegerCache from /usr/lib/jvm/java-7-openjdk-amd64/jre/lib/rt.jar]
[Loaded java.util.concurrent.CopyOnWriteArrayList from /usr/lib/jvm/java-7-openjdk-amd64/jre/lib/rt.jar]
[Loaded java.util.logging.LogManager from /usr/lib/jvm/java-7-openjdk-amd64/jre/lib/rt.jar]
[Loaded java.util.logging.LogManager$1 from /usr/lib/jvm/java-7-openjdk-amd64/jre/lib/rt.jar]
[Loaded java.beans.PropertyChangeSupport from /usr/lib/jvm/java-7-openjdk-amd64/jre/lib/rt.jar]
[Loaded java.beans.ChangeListenerMap from /usr/lib/jvm/java-7-openjdk-amd64/jre/lib/rt.jar]
[Loaded java.beans.PropertyChangeSupport$PropertyChangeListenerMap from /usr/lib/jvm/java-7-openjdk-amd64/jre/lib/rt.jar]
[Loaded java.util.EventListener from /usr/lib/jvm/java-7-openjdk-amd64/jre/lib/rt.jar]
[Loaded java.beans.PropertyChangeListener from /usr/lib/jvm/java-7-openjdk-amd64/jre/lib/rt.jar]
[Loaded java.util.logging.LogManager$LoggerContext from /usr/lib/jvm/java-7-openjdk-amd64/jre/lib/rt.jar]
[Loaded java.util.logging.LogManager$SystemLoggerContext from /usr/lib/jvm/java-7-openjdk-amd64/jre/lib/rt.jar]
[Loaded java.util.logging.LogManager$LogNode from /usr/lib/jvm/java-7-openjdk-amd64/jre/lib/rt.jar]
[Loaded java.util.logging.LoggingPermission from /usr/lib/jvm/java-7-openjdk-amd64/jre/lib/rt.jar]
[Loaded java.util.logging.LogManager$Cleaner from /usr/lib/jvm/java-7-openjdk-amd64/jre/lib/rt.jar]
[Loaded java.lang.ApplicationShutdownHooks from /usr/lib/jvm/java-7-openjdk-amd64/jre/lib/rt.jar]
[Loaded java.lang.ApplicationShutdownHooks$1 from /usr/lib/jvm/java-7-openjdk-amd64/jre/lib/rt.jar]
[Loaded java.lang.Shutdown from /usr/lib/jvm/java-7-openjdk-amd64/jre/lib/rt.jar]
[Loaded java.lang.Shutdown$Lock from /usr/lib/jvm/java-7-openjdk-amd64/jre/lib/rt.jar]
[Loaded java.util.IdentityHashMap from /usr/lib/jvm/java-7-openjdk-amd64/jre/lib/rt.jar]
[Loaded java.util.logging.LogManager$RootLogger from /usr/lib/jvm/java-7-openjdk-amd64/jre/lib/rt.jar]
[Loaded java.util.logging.LogManager$2 from /usr/lib/jvm/java-7-openjdk-amd64/jre/lib/rt.jar]
[Loaded java.util.Collections$EmptyEnumeration from /usr/lib/jvm/java-7-openjdk-amd64/jre/lib/rt.jar]
[Loaded java.util.Properties$LineReader from /usr/lib/jvm/java-7-openjdk-amd64/jre/lib/rt.jar]
[Loaded java.util.EventObject from /usr/lib/jvm/java-7-openjdk-amd64/jre/lib/rt.jar]
[Loaded java.beans.PropertyChangeEvent from /usr/lib/jvm/java-7-openjdk-amd64/jre/lib/rt.jar]
[Loaded sun.util.logging.PlatformLogger from /usr/lib/jvm/java-7-openjdk-amd64/jre/lib/rt.jar]
[Loaded sun.util.logging.PlatformLogger$Level from /usr/lib/jvm/java-7-openjdk-amd64/jre/lib/rt.jar]
[Loaded sun.util.logging.PlatformLogger$1 from /usr/lib/jvm/java-7-openjdk-amd64/jre/lib/rt.jar]
[Loaded sun.util.logging.PlatformLogger$LoggerProxy from /usr/lib/jvm/java-7-openjdk-amd64/jre/lib/rt.jar]
[Loaded sun.util.logging.PlatformLogger$DefaultLoggerProxy from /usr/lib/jvm/java-7-openjdk-amd64/jre/lib/rt.jar]
[Loaded sun.util.logging.PlatformLogger$JavaLoggerProxy from /usr/lib/jvm/java-7-openjdk-amd64/jre/lib/rt.jar]
[Loaded sun.util.logging.LoggingSupport from /usr/lib/jvm/java-7-openjdk-amd64/jre/lib/rt.jar]
[Loaded sun.util.logging.LoggingSupport$1 from /usr/lib/jvm/java-7-openjdk-amd64/jre/lib/rt.jar]
[Loaded sun.util.logging.LoggingProxy from /usr/lib/jvm/java-7-openjdk-amd64/jre/lib/rt.jar]
[Loaded java.util.logging.LoggingProxyImpl from /usr/lib/jvm/java-7-openjdk-amd64/jre/lib/rt.jar]
[Loaded sun.reflect.UnsafeFieldAccessorFactory from /usr/lib/jvm/java-7-openjdk-amd64/jre/lib/rt.jar]
[Loaded sun.reflect.UnsafeQualifiedStaticFieldAccessorImpl from /usr/lib/jvm/java-7-openjdk-amd64/jre/lib/rt.jar]
[Loaded sun.reflect.UnsafeQualifiedStaticObjectFieldAccessorImpl from /usr/lib/jvm/java-7-openjdk-amd64/jre/lib/rt.jar]
[Loaded java.util.logging.LogManager$LoggerWeakRef from /usr/lib/jvm/java-7-openjdk-amd64/jre/lib/rt.jar]
[Loaded java.util.logging.LogManager$LoggerContext$1 from /usr/lib/jvm/java-7-openjdk-amd64/jre/lib/rt.jar]
[Loaded java.util.logging.LogManager$4 from /usr/lib/jvm/java-7-openjdk-amd64/jre/lib/rt.jar]
[Loaded javax.xml.bind.GetPropertyAction from /usr/lib/jvm/java-7-openjdk-amd64/jre/lib/rt.jar]
[Loaded javax.xml.bind.ContextFinder$1 from /usr/lib/jvm/java-7-openjdk-amd64/jre/lib/rt.jar]
[Loaded java.net.URLClassLoader$2 from /usr/lib/jvm/java-7-openjdk-amd64/jre/lib/rt.jar]
[Loaded java.lang.Package$1 from /usr/lib/jvm/java-7-openjdk-amd64/jre/lib/rt.jar]
[Loaded java.util.zip.ZipInputStream from /usr/lib/jvm/java-7-openjdk-amd64/jre/lib/rt.jar]
[Loaded java.util.jar.JarInputStream from /usr/lib/jvm/java-7-openjdk-amd64/jre/lib/rt.jar]
[Loaded java.io.PushbackInputStream from /usr/lib/jvm/java-7-openjdk-amd64/jre/lib/rt.jar]
[Loaded java.util.zip.Checksum from /usr/lib/jvm/java-7-openjdk-amd64/jre/lib/rt.jar]
[Loaded java.util.zip.CRC32 from /usr/lib/jvm/java-7-openjdk-amd64/jre/lib/rt.jar]
[Loaded com.sun.xml.bind.v2.ContextFactory from file:/home/wielants/Downloads/jaxws-ri/lib/jaxb-impl.jar]
[Loaded com.sun.xml.bind.api.JAXBRIContext from file:/home/wielants/Downloads/jaxws-ri/lib/jaxb-impl.jar]
[Loaded com.sun.xml.bind.v2.runtime.JAXBContextImpl from file:/home/wielants/Downloads/jaxws-ri/lib/jaxb-impl.jar]
[Loaded com.sun.xml.bind.v2.model.annotation.AnnotationReader from file:/home/wielants/Downloads/jaxws-ri/lib/jaxb-core.jar]
[Loaded com.sun.xml.bind.v2.model.annotation.RuntimeAnnotationReader from file:/home/wielants/Downloads/jaxws-ri/lib/jaxb-impl.jar]
[Loaded java.util.Collections$EmptyIterator from /usr/lib/jvm/java-7-openjdk-amd64/jre/lib/rt.jar]
[Loaded com.sun.xml.bind.Util from file:/home/wielants/Downloads/jaxws-ri/lib/jaxb-core.jar]
[Loaded java.lang.SecurityException from /usr/lib/jvm/java-7-openjdk-amd64/jre/lib/rt.jar]
[Loaded com.sun.xml.bind.v2.util.TypeCast from file:/home/wielants/Downloads/jaxws-ri/lib/jaxb-impl.jar]
[Loaded com.sun.xml.bind.v2.runtime.JAXBContextImpl$JAXBContextBuilder from file:/home/wielants/Downloads/jaxws-ri/lib/jaxb-impl.jar]
[Loaded com.sun.xml.bind.v2.model.annotation.AbstractInlineAnnotationReaderImpl from file:/home/wielants/Downloads/jaxws-ri/lib/jaxb-impl.jar]
[Loaded com.sun.xml.bind.v2.model.annotation.RuntimeInlineAnnotationReader from file:/home/wielants/Downloads/jaxws-ri/lib/jaxb-impl.jar]
[Loaded java.lang.AssertionError from /usr/lib/jvm/java-7-openjdk-amd64/jre/lib/rt.jar]
[Loaded java.lang.IllegalAccessException from /usr/lib/jvm/java-7-openjdk-amd64/jre/lib/rt.jar]
[Loaded java.lang.reflect.InvocationTargetException from /usr/lib/jvm/java-7-openjdk-amd64/jre/lib/rt.jar]
[Loaded java.lang.NoSuchMethodException from /usr/lib/jvm/java-7-openjdk-amd64/jre/lib/rt.jar]
[Loaded java.lang.IllegalAccessError from /usr/lib/jvm/java-7-openjdk-amd64/jre/lib/rt.jar]
[Loaded java.lang.InternalError from /usr/lib/jvm/java-7-openjdk-amd64/jre/lib/rt.jar]
[Loaded com.sun.istack.Pool from file:/home/wielants/Downloads/jaxws-ri/lib/jaxb-core.jar]
[Loaded com.sun.xml.bind.v2.model.annotation.Locatable from file:/home/wielants/Downloads/jaxws-ri/lib/jaxb-core.jar]
[Loaded com.sun.xml.bind.v2.model.core.TypeInfo from file:/home/wielants/Downloads/jaxws-ri/lib/jaxb-core.jar]
[Loaded com.sun.xml.bind.v2.model.core.NonElement from file:/home/wielants/Downloads/jaxws-ri/lib/jaxb-core.jar]
[Loaded com.sun.xml.bind.v2.model.core.MaybeElement from file:/home/wielants/Downloads/jaxws-ri/lib/jaxb-core.jar]
[Loaded com.sun.xml.bind.v2.model.core.LeafInfo from file:/home/wielants/Downloads/jaxws-ri/lib/jaxb-core.jar]
[Loaded com.sun.xml.bind.v2.model.runtime.RuntimeTypeInfo from file:/home/wielants/Downloads/jaxws-ri/lib/jaxb-impl.jar]
[Loaded com.sun.xml.bind.v2.model.runtime.RuntimeNonElement from file:/home/wielants/Downloads/jaxws-ri/lib/jaxb-impl.jar]
[Loaded com.sun.xml.bind.v2.model.runtime.RuntimeLeafInfo from file:/home/wielants/Downloads/jaxws-ri/lib/jaxb-impl.jar]
[Loaded com.sun.xml.bind.v2.model.core.BuiltinLeafInfo from file:/home/wielants/Downloads/jaxws-ri/lib/jaxb-core.jar]
[Loaded com.sun.xml.bind.v2.model.runtime.RuntimeBuiltinLeafInfo from file:/home/wielants/Downloads/jaxws-ri/lib/jaxb-impl.jar]
[Loaded com.sun.xml.bind.v2.model.nav.Navigator from file:/home/wielants/Downloads/jaxws-ri/lib/jaxb-core.jar]
[Loaded com.sun.xml.bind.api.Bridge from file:/home/wielants/Downloads/jaxws-ri/lib/jaxb-impl.jar]
[Loaded com.sun.xml.bind.v2.runtime.InternalBridge from file:/home/wielants/Downloads/jaxws-ri/lib/jaxb-impl.jar]
[Loaded com.sun.xml.bind.v2.runtime.BridgeImpl from file:/home/wielants/Downloads/jaxws-ri/lib/jaxb-impl.jar]
[Loaded com.sun.xml.bind.v2.runtime.JaxBeanInfo from file:/home/wielants/Downloads/jaxws-ri/lib/jaxb-impl.jar]
[Loaded com.sun.xml.bind.v2.runtime.ValueListBeanInfoImpl from file:/home/wielants/Downloads/jaxws-ri/lib/jaxb-impl.jar]
[Loaded com.sun.xml.bind.v2.runtime.BridgeAdapter from file:/home/wielants/Downloads/jaxws-ri/lib/jaxb-impl.jar]
[Loaded com.sun.xml.bind.v2.runtime.IllegalAnnotationsException from file:/home/wielants/Downloads/jaxws-ri/lib/jaxb-impl.jar]
[Loaded java.lang.UnsupportedOperationException from /usr/lib/jvm/java-7-openjdk-amd64/jre/lib/rt.jar]
[Loaded com.sun.xml.bind.unmarshaller.InfosetScanner from file:/home/wielants/Downloads/jaxws-ri/lib/jaxb-core.jar]
[Loaded javax.xml.bind.Binder from /usr/lib/jvm/java-7-openjdk-amd64/jre/lib/rt.jar]
[Loaded com.sun.xml.bind.v2.runtime.BinderImpl from file:/home/wielants/Downloads/jaxws-ri/lib/jaxb-impl.jar]
[Loaded javax.xml.bind.JAXBIntrospector from /usr/lib/jvm/java-7-openjdk-amd64/jre/lib/rt.jar]
[Loaded com.sun.xml.bind.v2.runtime.JAXBContextImpl$3 from file:/home/wielants/Downloads/jaxws-ri/lib/jaxb-impl.jar]
[Loaded org.xml.sax.ErrorHandler from /usr/lib/jvm/java-7-openjdk-amd64/jre/lib/rt.jar]
[Loaded com.sun.xml.bind.api.ErrorListener from file:/home/wielants/Downloads/jaxws-ri/lib/jaxb-core.jar]
[Loaded org.xml.sax.SAXException from /usr/lib/jvm/java-7-openjdk-amd64/jre/lib/rt.jar]
[Loaded org.xml.sax.SAXParseException from /usr/lib/jvm/java-7-openjdk-amd64/jre/lib/rt.jar]
[Loaded javax.xml.bind.Unmarshaller from /usr/lib/jvm/java-7-openjdk-amd64/jre/lib/rt.jar]
[Loaded javax.xml.bind.Marshaller from /usr/lib/jvm/java-7-openjdk-amd64/jre/lib/rt.jar]
[Loaded com.sun.xml.bind.v2.model.core.ErrorHandler from file:/home/wielants/Downloads/jaxws-ri/lib/jaxb-core.jar]
[Loaded com.sun.xml.bind.v2.runtime.ElementBeanInfoImpl from file:/home/wielants/Downloads/jaxws-ri/lib/jaxb-impl.jar]
[Loaded com.sun.xml.bind.v2.runtime.AttributeAccessor from file:/home/wielants/Downloads/jaxws-ri/lib/jaxb-impl.jar]
[Loaded com.sun.xml.bind.v2.runtime.ClassBeanInfoImpl from file:/home/wielants/Downloads/jaxws-ri/lib/jaxb-impl.jar]
[Loaded com.sun.xml.bind.v2.runtime.AnyTypeBeanInfo from file:/home/wielants/Downloads/jaxws-ri/lib/jaxb-impl.jar]
[Loaded com.sun.xml.bind.v2.runtime.ArrayBeanInfoImpl from file:/home/wielants/Downloads/jaxws-ri/lib/jaxb-impl.jar]
[Loaded com.sun.xml.bind.v2.runtime.LeafBeanInfoImpl from file:/home/wielants/Downloads/jaxws-ri/lib/jaxb-impl.jar]
[Loaded com.sun.xml.bind.api.BridgeContext from file:/home/wielants/Downloads/jaxws-ri/lib/jaxb-impl.jar]
[Loaded com.sun.xml.bind.v2.runtime.BridgeContextImpl from file:/home/wielants/Downloads/jaxws-ri/lib/jaxb-impl.jar]
[Loaded com.sun.xml.bind.api.RawAccessor from file:/home/wielants/Downloads/jaxws-ri/lib/jaxb-impl.jar]
[Loaded com.sun.xml.bind.v2.runtime.JAXBContextImpl$6 from file:/home/wielants/Downloads/jaxws-ri/lib/jaxb-impl.jar]
[Loaded javax.xml.transform.TransformerException from /usr/lib/jvm/java-7-openjdk-amd64/jre/lib/rt.jar]
[Loaded javax.xml.transform.TransformerConfigurationException from /usr/lib/jvm/java-7-openjdk-amd64/jre/lib/rt.jar]
[Loaded javax.xml.parsers.ParserConfigurationException from /usr/lib/jvm/java-7-openjdk-amd64/jre/lib/rt.jar]
[Loaded javax.xml.parsers.FactoryConfigurationError from /usr/lib/jvm/java-7-openjdk-amd64/jre/lib/rt.jar]
[Loaded com.sun.xml.bind.v2.model.core.TypeInfoSet from file:/home/wielants/Downloads/jaxws-ri/lib/jaxb-core.jar]
[Loaded javax.xml.bind.SchemaOutputResolver from /usr/lib/jvm/java-7-openjdk-amd64/jre/lib/rt.jar]
[Loaded com.sun.xml.bind.v2.runtime.JAXBContextImpl$5 from file:/home/wielants/Downloads/jaxws-ri/lib/jaxb-impl.jar]
[Loaded com.sun.xml.bind.api.AccessorException from file:/home/wielants/Downloads/jaxws-ri/lib/jaxb-impl.jar]
[Loaded com.sun.xml.bind.v2.runtime.JAXBContextImpl$7 from file:/home/wielants/Downloads/jaxws-ri/lib/jaxb-impl.jar]
[Loaded com.sun.xml.bind.v2.util.QNameMap from file:/home/wielants/Downloads/jaxws-ri/lib/jaxb-impl.jar]
[Loaded com.sun.xml.bind.v2.util.QNameMap$Entry from file:/home/wielants/Downloads/jaxws-ri/lib/jaxb-impl.jar]
[Loaded com.sun.istack.Pool$Impl from file:/home/wielants/Downloads/jaxws-ri/lib/jaxb-core.jar]
[Loaded com.sun.xml.bind.v2.runtime.JAXBContextImpl$1 from file:/home/wielants/Downloads/jaxws-ri/lib/jaxb-impl.jar]
[Loaded com.sun.xml.bind.v2.runtime.JAXBContextImpl$2 from file:/home/wielants/Downloads/jaxws-ri/lib/jaxb-impl.jar]
[Loaded com.sun.xml.bind.v2.runtime.NameBuilder from file:/home/wielants/Downloads/jaxws-ri/lib/jaxb-impl.jar]
[Loaded com.sun.xml.bind.v2.model.impl.ModelBuilderI from file:/home/wielants/Downloads/jaxws-ri/lib/jaxb-core.jar]
[Loaded com.sun.xml.bind.v2.model.impl.ModelBuilder from file:/home/wielants/Downloads/jaxws-ri/lib/jaxb-impl.jar]
[Loaded com.sun.xml.bind.v2.model.impl.RuntimeModelBuilder from file:/home/wielants/Downloads/jaxws-ri/lib/jaxb-impl.jar]
[Loaded java.lang.annotation.Annotation from /usr/lib/jvm/java-7-openjdk-amd64/jre/lib/rt.jar]
[Loaded com.sun.xml.bind.v2.model.core.RegistryInfo from file:/home/wielants/Downloads/jaxws-ri/lib/jaxb-core.jar]
[Loaded com.sun.xml.bind.v2.model.core.EnumLeafInfo from file:/home/wielants/Downloads/jaxws-ri/lib/jaxb-core.jar]
[Loaded com.sun.xml.bind.v2.model.core.Element from file:/home/wielants/Downloads/jaxws-ri/lib/jaxb-core.jar]
[Loaded com.sun.xml.bind.v2.model.impl.TypeInfoImpl from file:/home/wielants/Downloads/jaxws-ri/lib/jaxb-impl.jar]
[Loaded com.sun.xml.bind.v2.model.impl.EnumLeafInfoImpl from file:/home/wielants/Downloads/jaxws-ri/lib/jaxb-impl.jar]
[Loaded com.sun.xml.bind.v2.model.runtime.RuntimeEnumLeafInfo from file:/home/wielants/Downloads/jaxws-ri/lib/jaxb-impl.jar]
[Loaded com.sun.xml.bind.v2.runtime.Transducer from file:/home/wielants/Downloads/jaxws-ri/lib/jaxb-impl.jar]
[Loaded com.sun.xml.bind.v2.model.impl.RuntimeEnumLeafInfoImpl from file:/home/wielants/Downloads/jaxws-ri/lib/jaxb-impl.jar]
[Loaded com.sun.xml.bind.v2.model.core.ClassInfo from file:/home/wielants/Downloads/jaxws-ri/lib/jaxb-core.jar]
[Loaded com.sun.xml.bind.v2.model.impl.ClassInfoImpl from file:/home/wielants/Downloads/jaxws-ri/lib/jaxb-impl.jar]
[Loaded com.sun.xml.bind.v2.model.runtime.RuntimeClassInfo from file:/home/wielants/Downloads/jaxws-ri/lib/jaxb-impl.jar]
[Loaded com.sun.xml.bind.v2.model.runtime.RuntimeElement from file:/home/wielants/Downloads/jaxws-ri/lib/jaxb-impl.jar]
[Loaded com.sun.xml.bind.v2.model.impl.RuntimeClassInfoImpl from file:/home/wielants/Downloads/jaxws-ri/lib/jaxb-impl.jar]
[Loaded com.sun.xml.bind.v2.model.core.ElementInfo from file:/home/wielants/Downloads/jaxws-ri/lib/jaxb-core.jar]
[Loaded com.sun.xml.bind.v2.model.impl.ElementInfoImpl from file:/home/wielants/Downloads/jaxws-ri/lib/jaxb-impl.jar]
[Loaded com.sun.xml.bind.v2.model.runtime.RuntimeElementInfo from file:/home/wielants/Downloads/jaxws-ri/lib/jaxb-impl.jar]
[Loaded com.sun.xml.bind.v2.model.impl.RuntimeElementInfoImpl from file:/home/wielants/Downloads/jaxws-ri/lib/jaxb-impl.jar]
[Loaded com.sun.xml.bind.v2.model.core.ArrayInfo from file:/home/wielants/Downloads/jaxws-ri/lib/jaxb-core.jar]
[Loaded com.sun.xml.bind.v2.runtime.Location from file:/home/wielants/Downloads/jaxws-ri/lib/jaxb-core.jar]
[Loaded com.sun.xml.bind.v2.model.impl.ArrayInfoImpl from file:/home/wielants/Downloads/jaxws-ri/lib/jaxb-impl.jar]
[Loaded com.sun.xml.bind.v2.model.runtime.RuntimeArrayInfo from file:/home/wielants/Downloads/jaxws-ri/lib/jaxb-impl.jar]
[Loaded com.sun.xml.bind.v2.model.impl.RuntimeArrayInfoImpl from file:/home/wielants/Downloads/jaxws-ri/lib/jaxb-impl.jar]
[Loaded com.sun.xml.bind.v2.model.impl.TypeInfoSetImpl from file:/home/wielants/Downloads/jaxws-ri/lib/jaxb-impl.jar]
[Loaded com.sun.xml.bind.v2.model.runtime.RuntimeTypeInfoSet from file:/home/wielants/Downloads/jaxws-ri/lib/jaxb-impl.jar]
[Loaded com.sun.xml.bind.v2.model.impl.RuntimeTypeInfoSetImpl from file:/home/wielants/Downloads/jaxws-ri/lib/jaxb-impl.jar]
[Loaded javax.xml.bind.annotation.XmlSchema from /usr/lib/jvm/java-7-openjdk-amd64/jre/lib/rt.jar]
[Loaded com.sun.xml.bind.WhiteSpaceProcessor from file:/home/wielants/Downloads/jaxws-ri/lib/jaxb-core.jar]
[Loaded com.sun.xml.bind.v2.model.nav.ReflectionNavigator from file:/home/wielants/Downloads/jaxws-ri/lib/jaxb-core.jar]
[Loaded com.sun.xml.bind.v2.model.nav.TypeVisitor from file:/home/wielants/Downloads/jaxws-ri/lib/jaxb-core.jar]
[Loaded com.sun.xml.bind.v2.model.nav.ReflectionNavigator$1 from file:/home/wielants/Downloads/jaxws-ri/lib/jaxb-core.jar]
[Loaded com.sun.xml.bind.v2.model.nav.ReflectionNavigator$2 from file:/home/wielants/Downloads/jaxws-ri/lib/jaxb-core.jar]
[Loaded com.sun.xml.bind.v2.model.nav.ReflectionNavigator$3 from file:/home/wielants/Downloads/jaxws-ri/lib/jaxb-core.jar]
[Loaded java.lang.NoSuchFieldException from /usr/lib/jvm/java-7-openjdk-amd64/jre/lib/rt.jar]
[Loaded java.lang.NoSuchFieldError from /usr/lib/jvm/java-7-openjdk-amd64/jre/lib/rt.jar]
[Loaded com.sun.xml.bind.v2.model.impl.ModelBuilder$1 from file:/home/wielants/Downloads/jaxws-ri/lib/jaxb-impl.jar]
[Loaded com.sun.xml.bind.v2.model.impl.LeafInfoImpl from file:/home/wielants/Downloads/jaxws-ri/lib/jaxb-impl.jar]
[Loaded com.sun.xml.bind.v2.model.impl.BuiltinLeafInfoImpl from file:/home/wielants/Downloads/jaxws-ri/lib/jaxb-impl.jar]
[Loaded com.sun.xml.bind.v2.model.impl.RuntimeBuiltinLeafInfoImpl from file:/home/wielants/Downloads/jaxws-ri/lib/jaxb-impl.jar]
[Loaded com.sun.xml.bind.v2.model.impl.RuntimeBuiltinLeafInfoImpl$StringImpl from file:/home/wielants/Downloads/jaxws-ri/lib/jaxb-impl.jar]
[Loaded com.sun.xml.bind.v2.model.impl.RuntimeBuiltinLeafInfoImpl$StringImplImpl from file:/home/wielants/Downloads/jaxws-ri/lib/jaxb-impl.jar]
[Loaded javax.xml.datatype.DatatypeConfigurationException from /usr/lib/jvm/java-7-openjdk-amd64/jre/lib/rt.jar]
[Loaded javax.xml.bind.MarshalException from /usr/lib/jvm/java-7-openjdk-amd64/jre/lib/rt.jar]
[Loaded com.sun.xml.bind.v2.model.impl.RuntimeBuiltinLeafInfoImpl$1 from file:/home/wielants/Downloads/jaxws-ri/lib/jaxb-impl.jar]
[Loaded com.sun.xml.bind.v2.model.impl.RuntimeBuiltinLeafInfoImpl$2 from file:/home/wielants/Downloads/jaxws-ri/lib/jaxb-impl.jar]
[Loaded java.util.Calendar from /usr/lib/jvm/java-7-openjdk-amd64/jre/lib/rt.jar]
[Loaded java.util.GregorianCalendar from /usr/lib/jvm/java-7-openjdk-amd64/jre/lib/rt.jar]
[Loaded javax.xml.datatype.DatatypeConstants from /usr/lib/jvm/java-7-openjdk-amd64/jre/lib/rt.jar]
[Loaded javax.xml.datatype.DatatypeConstants$Field from /usr/lib/jvm/java-7-openjdk-amd64/jre/lib/rt.jar]
[Loaded com.sun.xml.bind.v2.model.impl.RuntimeBuiltinLeafInfoImpl$3 from file:/home/wielants/Downloads/jaxws-ri/lib/jaxb-impl.jar]
[Loaded com.sun.xml.bind.v2.model.impl.RuntimeBuiltinLeafInfoImpl$4 from file:/home/wielants/Downloads/jaxws-ri/lib/jaxb-impl.jar]
[Loaded java.util.Date from /usr/lib/jvm/java-7-openjdk-amd64/jre/lib/rt.jar]
[Loaded com.sun.xml.bind.v2.model.impl.RuntimeBuiltinLeafInfoImpl$5 from file:/home/wielants/Downloads/jaxws-ri/lib/jaxb-impl.jar]
[Loaded com.sun.xml.bind.v2.model.impl.RuntimeBuiltinLeafInfoImpl$6 from file:/home/wielants/Downloads/jaxws-ri/lib/jaxb-impl.jar]
[Loaded com.sun.xml.bind.v2.model.impl.RuntimeBuiltinLeafInfoImpl$7 from file:/home/wielants/Downloads/jaxws-ri/lib/jaxb-impl.jar]
[Loaded java.net.URISyntaxException from /usr/lib/jvm/java-7-openjdk-amd64/jre/lib/rt.jar]
[Loaded java.net.URI from /usr/lib/jvm/java-7-openjdk-amd64/jre/lib/rt.jar]
[Loaded com.sun.xml.bind.v2.model.impl.RuntimeBuiltinLeafInfoImpl$8 from file:/home/wielants/Downloads/jaxws-ri/lib/jaxb-impl.jar]
[Loaded com.sun.xml.bind.v2.model.impl.RuntimeBuiltinLeafInfoImpl$PcdataImpl from file:/home/wielants/Downloads/jaxws-ri/lib/jaxb-impl.jar]
[Loaded com.sun.xml.bind.v2.model.impl.RuntimeBuiltinLeafInfoImpl$9 from file:/home/wielants/Downloads/jaxws-ri/lib/jaxb-impl.jar]
[Loaded java.awt.image.RenderedImage from /usr/lib/jvm/java-7-openjdk-amd64/jre/lib/rt.jar]
[Loaded javax.xml.bind.ValidationEvent from /usr/lib/jvm/java-7-openjdk-amd64/jre/lib/rt.jar]
[Loaded com.sun.xml.bind.v2.runtime.output.Pcdata from file:/home/wielants/Downloads/jaxws-ri/lib/jaxb-impl.jar]
[Loaded com.sun.xml.bind.v2.runtime.unmarshaller.Base64Data from file:/home/wielants/Downloads/jaxws-ri/lib/jaxb-impl.jar]
[Loaded java.awt.Image from /usr/lib/jvm/java-7-openjdk-amd64/jre/lib/rt.jar]
[Loaded java.awt.image.WritableRenderedImage from /usr/lib/jvm/java-7-openjdk-amd64/jre/lib/rt.jar]
[Loaded java.awt.Transparency from /usr/lib/jvm/java-7-openjdk-amd64/jre/lib/rt.jar]
[Loaded java.awt.image.BufferedImage from /usr/lib/jvm/java-7-openjdk-amd64/jre/lib/rt.jar]
[Loaded java.lang.InterruptedException from /usr/lib/jvm/java-7-openjdk-amd64/jre/lib/rt.jar]
[Loaded java.awt.image.ImageObserver from /usr/lib/jvm/java-7-openjdk-amd64/jre/lib/rt.jar]
[Loaded java.awt.MenuContainer from /usr/lib/jvm/java-7-openjdk-amd64/jre/lib/rt.jar]
[Loaded java.awt.Component from /usr/lib/jvm/java-7-openjdk-amd64/jre/lib/rt.jar]
[Loaded com.sun.xml.bind.v2.model.impl.RuntimeBuiltinLeafInfoImpl$9$1 from file:/home/wielants/Downloads/jaxws-ri/lib/jaxb-impl.jar]
[Loaded java.awt.Graphics from /usr/lib/jvm/java-7-openjdk-amd64/jre/lib/rt.jar]
[Loaded java.awt.Graphics2D from /usr/lib/jvm/java-7-openjdk-amd64/jre/lib/rt.jar]
[Loaded com.sun.xml.bind.v2.model.impl.RuntimeBuiltinLeafInfoImpl$10 from file:/home/wielants/Downloads/jaxws-ri/lib/jaxb-impl.jar]
[Loaded javax.activation.DataSource from /usr/lib/jvm/java-7-openjdk-amd64/jre/lib/rt.jar]
[Loaded java.awt.datatransfer.Transferable from /usr/lib/jvm/java-7-openjdk-amd64/jre/lib/rt.jar]
[Loaded javax.activation.DataHandler from /usr/lib/jvm/java-7-openjdk-amd64/jre/lib/rt.jar]
[Loaded com.sun.xml.bind.v2.model.impl.RuntimeBuiltinLeafInfoImpl$11 from file:/home/wielants/Downloads/jaxws-ri/lib/jaxb-impl.jar]
[Loaded javax.activation.MimeTypeParseException from /usr/lib/jvm/java-7-openjdk-amd64/jre/lib/rt.jar]
[Loaded java.io.UnsupportedEncodingException from /usr/lib/jvm/java-7-openjdk-amd64/jre/lib/rt.jar]
[Loaded com.sun.xml.bind.v2.util.ByteArrayOutputStreamEx from file:/home/wielants/Downloads/jaxws-ri/lib/jaxb-impl.jar]
[Loaded javax.xml.transform.Result from /usr/lib/jvm/java-7-openjdk-amd64/jre/lib/rt.jar]
[Loaded com.sun.xml.bind.v2.model.impl.RuntimeBuiltinLeafInfoImpl$12 from file:/home/wielants/Downloads/jaxws-ri/lib/jaxb-impl.jar]
[Loaded javax.xml.datatype.XMLGregorianCalendar from /usr/lib/jvm/java-7-openjdk-amd64/jre/lib/rt.jar]
[Loaded com.sun.xml.bind.v2.model.impl.RuntimeBuiltinLeafInfoImpl$13 from file:/home/wielants/Downloads/jaxws-ri/lib/jaxb-impl.jar]
[Loaded com.sun.xml.bind.v2.model.impl.RuntimeBuiltinLeafInfoImpl$14 from file:/home/wielants/Downloads/jaxws-ri/lib/jaxb-impl.jar]
[Loaded com.sun.xml.bind.v2.model.impl.RuntimeBuiltinLeafInfoImpl$15 from file:/home/wielants/Downloads/jaxws-ri/lib/jaxb-impl.jar]
[Loaded com.sun.xml.bind.v2.model.impl.RuntimeBuiltinLeafInfoImpl$16 from file:/home/wielants/Downloads/jaxws-ri/lib/jaxb-impl.jar]
[Loaded com.sun.xml.bind.v2.model.impl.RuntimeBuiltinLeafInfoImpl$17 from file:/home/wielants/Downloads/jaxws-ri/lib/jaxb-impl.jar]
[Loaded com.sun.xml.bind.v2.model.impl.RuntimeBuiltinLeafInfoImpl$18 from file:/home/wielants/Downloads/jaxws-ri/lib/jaxb-impl.jar]
[Loaded com.sun.xml.bind.v2.model.impl.RuntimeBuiltinLeafInfoImpl$19 from file:/home/wielants/Downloads/jaxws-ri/lib/jaxb-impl.jar]
[Loaded com.sun.xml.bind.v2.model.impl.RuntimeBuiltinLeafInfoImpl$20 from file:/home/wielants/Downloads/jaxws-ri/lib/jaxb-impl.jar]
[Loaded com.sun.xml.bind.v2.model.impl.RuntimeBuiltinLeafInfoImpl$21 from file:/home/wielants/Downloads/jaxws-ri/lib/jaxb-impl.jar]
[Loaded java.math.BigInteger from /usr/lib/jvm/java-7-openjdk-amd64/jre/lib/rt.jar]
[Loaded com.sun.xml.bind.v2.model.impl.RuntimeBuiltinLeafInfoImpl$22 from file:/home/wielants/Downloads/jaxws-ri/lib/jaxb-impl.jar]
[Loaded java.math.BigDecimal from /usr/lib/jvm/java-7-openjdk-amd64/jre/lib/rt.jar]
[Loaded com.sun.xml.bind.v2.model.impl.RuntimeBuiltinLeafInfoImpl$23 from file:/home/wielants/Downloads/jaxws-ri/lib/jaxb-impl.jar]
[Loaded javax.xml.namespace.NamespaceContext from /usr/lib/jvm/java-7-openjdk-amd64/jre/lib/rt.jar]
[Loaded com.sun.xml.bind.v2.model.impl.RuntimeBuiltinLeafInfoImpl$25 from file:/home/wielants/Downloads/jaxws-ri/lib/jaxb-impl.jar]
[Loaded javax.xml.datatype.Duration from /usr/lib/jvm/java-7-openjdk-amd64/jre/lib/rt.jar]
[Loaded com.sun.xml.bind.v2.model.impl.RuntimeBuiltinLeafInfoImpl$26 from file:/home/wielants/Downloads/jaxws-ri/lib/jaxb-impl.jar]
[Loaded com.sun.xml.bind.v2.model.impl.RuntimeBuiltinLeafInfoImpl$UUIDImpl from file:/home/wielants/Downloads/jaxws-ri/lib/jaxb-impl.jar]
[Loaded java.util.UUID from /usr/lib/jvm/java-7-openjdk-amd64/jre/lib/rt.jar]
[Loaded javax.xml.datatype.DatatypeFactory from /usr/lib/jvm/java-7-openjdk-amd64/jre/lib/rt.jar]
[Loaded java.util.regex.Pattern from /usr/lib/jvm/java-7-openjdk-amd64/jre/lib/rt.jar]
[Loaded java.util.regex.Pattern$Node from /usr/lib/jvm/java-7-openjdk-amd64/jre/lib/rt.jar]
[Loaded java.util.regex.Pattern$4 from /usr/lib/jvm/java-7-openjdk-amd64/jre/lib/rt.jar]
[Loaded java.util.regex.Pattern$LastNode from /usr/lib/jvm/java-7-openjdk-amd64/jre/lib/rt.jar]
[Loaded java.util.regex.Pattern$GroupHead from /usr/lib/jvm/java-7-openjdk-amd64/jre/lib/rt.jar]
[Loaded java.util.regex.Pattern$CharProperty from /usr/lib/jvm/java-7-openjdk-amd64/jre/lib/rt.jar]
[Loaded java.util.regex.Pattern$BmpCharProperty from /usr/lib/jvm/java-7-openjdk-amd64/jre/lib/rt.jar]
[Loaded java.util.regex.Pattern$BitClass from /usr/lib/jvm/java-7-openjdk-amd64/jre/lib/rt.jar]
[Loaded java.util.regex.Pattern$CharProperty$1 from /usr/lib/jvm/java-7-openjdk-amd64/jre/lib/rt.jar]
[Loaded java.util.regex.Pattern$7 from /usr/lib/jvm/java-7-openjdk-amd64/jre/lib/rt.jar]
[Loaded java.util.regex.Pattern$Curly from /usr/lib/jvm/java-7-openjdk-amd64/jre/lib/rt.jar]
[Loaded java.util.regex.Pattern$SliceNode from /usr/lib/jvm/java-7-openjdk-amd64/jre/lib/rt.jar]
[Loaded java.util.regex.Pattern$Slice from /usr/lib/jvm/java-7-openjdk-amd64/jre/lib/rt.jar]
[Loaded java.util.regex.Pattern$Begin from /usr/lib/jvm/java-7-openjdk-amd64/jre/lib/rt.jar]
[Loaded java.util.regex.Pattern$First from /usr/lib/jvm/java-7-openjdk-amd64/jre/lib/rt.jar]
[Loaded java.util.regex.Pattern$Start from /usr/lib/jvm/java-7-openjdk-amd64/jre/lib/rt.jar]
[Loaded java.util.regex.Pattern$TreeInfo from /usr/lib/jvm/java-7-openjdk-amd64/jre/lib/rt.jar]
[Loaded java.util.regex.Pattern$Dot from /usr/lib/jvm/java-7-openjdk-amd64/jre/lib/rt.jar]
[Loaded javax.xml.datatype.FactoryFinder from /usr/lib/jvm/java-7-openjdk-amd64/jre/lib/rt.jar]
[Loaded javax.xml.datatype.SecuritySupport from /usr/lib/jvm/java-7-openjdk-amd64/jre/lib/rt.jar]
[Loaded javax.xml.datatype.SecuritySupport$2 from /usr/lib/jvm/java-7-openjdk-amd64/jre/lib/rt.jar]
[Loaded javax.xml.datatype.SecuritySupport$5 from /usr/lib/jvm/java-7-openjdk-amd64/jre/lib/rt.jar]
[Loaded javax.xml.datatype.SecuritySupport$1 from /usr/lib/jvm/java-7-openjdk-amd64/jre/lib/rt.jar]
[Loaded javax.xml.datatype.SecuritySupport$4 from /usr/lib/jvm/java-7-openjdk-amd64/jre/lib/rt.jar]
[Loaded com.sun.org.apache.xerces.internal.jaxp.datatype.DatatypeFactoryImpl from /usr/lib/jvm/java-7-openjdk-amd64/jre/lib/rt.jar]
[Loaded java.util.Collections$UnmodifiableMap from /usr/lib/jvm/java-7-openjdk-amd64/jre/lib/rt.jar]
[Loaded com.sun.xml.bind.v2.model.impl.TypeInfoSetImpl$1 from file:/home/wielants/Downloads/jaxws-ri/lib/jaxb-impl.jar]
[Loaded com.sun.xml.bind.v2.model.impl.AnyTypeImpl from file:/home/wielants/Downloads/jaxws-ri/lib/jaxb-impl.jar]
[Loaded com.sun.xml.bind.v2.model.impl.RuntimeAnyTypeImpl from file:/home/wielants/Downloads/jaxws-ri/lib/jaxb-impl.jar]
[Loaded com.sun.xml.bind.v2.runtime.RuntimeUtil from file:/home/wielants/Downloads/jaxws-ri/lib/jaxb-core.jar]
[Loaded java.util.Collections$UnmodifiableSet from /usr/lib/jvm/java-7-openjdk-amd64/jre/lib/rt.jar]
[Loaded java.util.Collections$UnmodifiableMap$UnmodifiableEntrySet from /usr/lib/jvm/java-7-openjdk-amd64/jre/lib/rt.jar]
[Loaded java.util.Collections$UnmodifiableMap$UnmodifiableEntrySet$1 from /usr/lib/jvm/java-7-openjdk-amd64/jre/lib/rt.jar]
[Loaded java.util.Collections$UnmodifiableMap$UnmodifiableEntrySet$UnmodifiableEntry from /usr/lib/jvm/java-7-openjdk-amd64/jre/lib/rt.jar]
[Loaded com.sun.xml.bind.v2.runtime.IllegalAnnotationsException$Builder from file:/home/wielants/Downloads/jaxws-ri/lib/jaxb-impl.jar]
[Loaded com.sun.xml.bind.api.CompositeStructure from file:/home/wielants/Downloads/jaxws-ri/lib/jaxb-impl.jar]
[Loaded com.sun.xml.bind.v2.model.core.Ref from file:/home/wielants/Downloads/jaxws-ri/lib/jaxb-core.jar]
[Loaded javax.xml.bind.annotation.XmlRegistry from /usr/lib/jvm/java-7-openjdk-amd64/jre/lib/rt.jar]
[Loaded sun.reflect.annotation.AnnotationParser from /usr/lib/jvm/java-7-openjdk-amd64/jre/lib/rt.jar]
[Loaded sun.reflect.generics.parser.SignatureParser from /usr/lib/jvm/java-7-openjdk-amd64/jre/lib/rt.jar]
[Loaded sun.reflect.generics.tree.Tree from /usr/lib/jvm/java-7-openjdk-amd64/jre/lib/rt.jar]
[Loaded sun.reflect.generics.tree.TypeTree from /usr/lib/jvm/java-7-openjdk-amd64/jre/lib/rt.jar]
[Loaded sun.reflect.generics.tree.TypeArgument from /usr/lib/jvm/java-7-openjdk-amd64/jre/lib/rt.jar]
[Loaded sun.reflect.generics.tree.ReturnType from /usr/lib/jvm/java-7-openjdk-amd64/jre/lib/rt.jar]
[Loaded sun.reflect.generics.tree.TypeSignature from /usr/lib/jvm/java-7-openjdk-amd64/jre/lib/rt.jar]
[Loaded sun.reflect.generics.tree.BaseType from /usr/lib/jvm/java-7-openjdk-amd64/jre/lib/rt.jar]
[Loaded sun.reflect.generics.tree.FieldTypeSignature from /usr/lib/jvm/java-7-openjdk-amd64/jre/lib/rt.jar]
[Loaded sun.reflect.generics.tree.SimpleClassTypeSignature from /usr/lib/jvm/java-7-openjdk-amd64/jre/lib/rt.jar]
[Loaded sun.reflect.generics.tree.ClassTypeSignature from /usr/lib/jvm/java-7-openjdk-amd64/jre/lib/rt.jar]
[Loaded sun.reflect.generics.scope.Scope from /usr/lib/jvm/java-7-openjdk-amd64/jre/lib/rt.jar]
[Loaded sun.reflect.generics.scope.AbstractScope from /usr/lib/jvm/java-7-openjdk-amd64/jre/lib/rt.jar]
[Loaded sun.reflect.generics.scope.ClassScope from /usr/lib/jvm/java-7-openjdk-amd64/jre/lib/rt.jar]
[Loaded sun.reflect.generics.factory.GenericsFactory from /usr/lib/jvm/java-7-openjdk-amd64/jre/lib/rt.jar]
[Loaded sun.reflect.generics.factory.CoreReflectionFactory from /usr/lib/jvm/java-7-openjdk-amd64/jre/lib/rt.jar]
[Loaded sun.reflect.generics.visitor.TypeTreeVisitor from /usr/lib/jvm/java-7-openjdk-amd64/jre/lib/rt.jar]
[Loaded sun.reflect.generics.visitor.Reifier from /usr/lib/jvm/java-7-openjdk-amd64/jre/lib/rt.jar]
[Loaded javax.xml.bind.annotation.XmlRootElement from /usr/lib/jvm/java-7-openjdk-amd64/jre/lib/rt.jar]
[Loaded java.lang.reflect.GenericArrayType from /usr/lib/jvm/java-7-openjdk-amd64/jre/lib/rt.jar]
[Loaded sun.reflect.annotation.AnnotationType$1 from /usr/lib/jvm/java-7-openjdk-amd64/jre/lib/rt.jar]
[Loaded sun.reflect.annotation.ExceptionProxy from /usr/lib/jvm/java-7-openjdk-amd64/jre/lib/rt.jar]
[Loaded java.lang.annotation.Retention from /usr/lib/jvm/java-7-openjdk-amd64/jre/lib/rt.jar]
[Loaded java.lang.annotation.Inherited from /usr/lib/jvm/java-7-openjdk-amd64/jre/lib/rt.jar]
[Loaded java.lang.annotation.RetentionPolicy from /usr/lib/jvm/java-7-openjdk-amd64/jre/lib/rt.jar]
[Loaded java.lang.Class$4 from /usr/lib/jvm/java-7-openjdk-amd64/jre/lib/rt.jar]
[Loaded sun.reflect.annotation.AnnotationTypeMismatchExceptionProxy from /usr/lib/jvm/java-7-openjdk-amd64/jre/lib/rt.jar]
[Loaded sun.reflect.annotation.AnnotationInvocationHandler from /usr/lib/jvm/java-7-openjdk-amd64/jre/lib/rt.jar]
[Loaded java.lang.reflect.WeakCache$CacheKey from /usr/lib/jvm/java-7-openjdk-amd64/jre/lib/rt.jar]
[Loaded java.lang.reflect.Proxy$Key1 from /usr/lib/jvm/java-7-openjdk-amd64/jre/lib/rt.jar]
[Loaded java.lang.reflect.WeakCache$Supplier from /usr/lib/jvm/java-7-openjdk-amd64/jre/lib/rt.jar]
[Loaded java.lang.reflect.WeakCache$Factory from /usr/lib/jvm/java-7-openjdk-amd64/jre/lib/rt.jar]
[Loaded sun.misc.ProxyGenerator from /usr/lib/jvm/java-7-openjdk-amd64/jre/lib/rt.jar]
[Loaded sun.security.action.GetBooleanAction from /usr/lib/jvm/java-7-openjdk-amd64/jre/lib/rt.jar]
[Loaded sun.misc.ProxyGenerator$ConstantPool from /usr/lib/jvm/java-7-openjdk-amd64/jre/lib/rt.jar]
[Loaded sun.misc.ProxyGenerator$ProxyMethod from /usr/lib/jvm/java-7-openjdk-amd64/jre/lib/rt.jar]
[Loaded java.lang.Class$MethodArray from /usr/lib/jvm/java-7-openjdk-amd64/jre/lib/rt.jar]
[Loaded java.util.HashMap$Values from /usr/lib/jvm/java-7-openjdk-amd64/jre/lib/rt.jar]
[Loaded java.util.HashMap$ValueIterator from /usr/lib/jvm/java-7-openjdk-amd64/jre/lib/rt.jar]
[Loaded sun.misc.ProxyGenerator$MethodInfo from /usr/lib/jvm/java-7-openjdk-amd64/jre/lib/rt.jar]
[Loaded sun.misc.ProxyGenerator$ConstantPool$Entry from /usr/lib/jvm/java-7-openjdk-amd64/jre/lib/rt.jar]
[Loaded sun.misc.ProxyGenerator$ConstantPool$ValueEntry from /usr/lib/jvm/java-7-openjdk-amd64/jre/lib/rt.jar]
[Loaded java.io.DataOutput from /usr/lib/jvm/java-7-openjdk-amd64/jre/lib/rt.jar]
[Loaded java.io.DataOutputStream from /usr/lib/jvm/java-7-openjdk-amd64/jre/lib/rt.jar]
[Loaded sun.misc.ProxyGenerator$ConstantPool$IndirectEntry from /usr/lib/jvm/java-7-openjdk-amd64/jre/lib/rt.jar]
[Loaded sun.misc.ProxyGenerator$FieldInfo from /usr/lib/jvm/java-7-openjdk-amd64/jre/lib/rt.jar]
[Loaded sun.misc.ProxyGenerator$PrimitiveTypeInfo from /usr/lib/jvm/java-7-openjdk-amd64/jre/lib/rt.jar]
[Loaded sun.misc.ProxyGenerator$ExceptionTableEntry from /usr/lib/jvm/java-7-openjdk-amd64/jre/lib/rt.jar]
[Loaded com.sun.proxy.$Proxy0 by instance of java.lang.reflect.Proxy]
[Loaded java.lang.reflect.WeakCache$Value from /usr/lib/jvm/java-7-openjdk-amd64/jre/lib/rt.jar]
[Loaded java.lang.reflect.WeakCache$CacheValue from /usr/lib/jvm/java-7-openjdk-amd64/jre/lib/rt.jar]
[Loaded java.lang.annotation.Target from /usr/lib/jvm/java-7-openjdk-amd64/jre/lib/rt.jar]
[Loaded com.sun.proxy.$Proxy1 by instance of java.lang.reflect.Proxy]
[Loaded javax.xml.bind.annotation.XmlType from /usr/lib/jvm/java-7-openjdk-amd64/jre/lib/rt.jar]
[Loaded javax.xml.bind.annotation.XmlType$DEFAULT from /usr/lib/jvm/java-7-openjdk-amd64/jre/lib/rt.jar]
[Loaded com.sun.proxy.$Proxy2 by instance of java.lang.reflect.Proxy]
[Loaded javax.xml.bind.annotation.XmlTransient from /usr/lib/jvm/java-7-openjdk-amd64/jre/lib/rt.jar]
[Loaded com.sun.proxy.$Proxy3 by instance of java.lang.reflect.Proxy]
[Loaded com.sun.xml.bind.v2.model.annotation.LocatableAnnotation from file:/home/wielants/Downloads/jaxws-ri/lib/jaxb-impl.jar]
[Loaded com.sun.xml.bind.v2.model.annotation.Init from file:/home/wielants/Downloads/jaxws-ri/lib/jaxb-impl.jar]
[Loaded com.sun.xml.bind.v2.model.annotation.Quick from file:/home/wielants/Downloads/jaxws-ri/lib/jaxb-impl.jar]
[Loaded javax.xml.bind.annotation.XmlAttribute from /usr/lib/jvm/java-7-openjdk-amd64/jre/lib/rt.jar]
[Loaded com.sun.xml.bind.v2.model.annotation.XmlAttributeQuick from file:/home/wielants/Downloads/jaxws-ri/lib/jaxb-impl.jar]
[Loaded javax.xml.bind.annotation.XmlElement from /usr/lib/jvm/java-7-openjdk-amd64/jre/lib/rt.jar]
[Loaded com.sun.xml.bind.v2.model.annotation.XmlElementQuick from file:/home/wielants/Downloads/jaxws-ri/lib/jaxb-impl.jar]
[Loaded javax.xml.bind.annotation.XmlElementDecl from /usr/lib/jvm/java-7-openjdk-amd64/jre/lib/rt.jar]
[Loaded com.sun.xml.bind.v2.model.annotation.XmlElementDeclQuick from file:/home/wielants/Downloads/jaxws-ri/lib/jaxb-impl.jar]
[Loaded javax.xml.bind.annotation.XmlElementRef from /usr/lib/jvm/java-7-openjdk-amd64/jre/lib/rt.jar]
[Loaded com.sun.xml.bind.v2.model.annotation.XmlElementRefQuick from file:/home/wielants/Downloads/jaxws-ri/lib/jaxb-impl.jar]
[Loaded javax.xml.bind.annotation.XmlElementRefs from /usr/lib/jvm/java-7-openjdk-amd64/jre/lib/rt.jar]
[Loaded com.sun.xml.bind.v2.model.annotation.XmlElementRefsQuick from file:/home/wielants/Downloads/jaxws-ri/lib/jaxb-impl.jar]
[Loaded javax.xml.bind.annotation.XmlEnum from /usr/lib/jvm/java-7-openjdk-amd64/jre/lib/rt.jar]
[Loaded com.sun.xml.bind.v2.model.annotation.XmlEnumQuick from file:/home/wielants/Downloads/jaxws-ri/lib/jaxb-impl.jar]
[Loaded com.sun.xml.bind.v2.model.annotation.XmlRootElementQuick from file:/home/wielants/Downloads/jaxws-ri/lib/jaxb-impl.jar]
[Loaded com.sun.xml.bind.v2.model.annotation.XmlSchemaQuick from file:/home/wielants/Downloads/jaxws-ri/lib/jaxb-impl.jar]
[Loaded javax.xml.bind.annotation.XmlSchemaType from /usr/lib/jvm/java-7-openjdk-amd64/jre/lib/rt.jar]
[Loaded com.sun.xml.bind.v2.model.annotation.XmlSchemaTypeQuick from file:/home/wielants/Downloads/jaxws-ri/lib/jaxb-impl.jar]
[Loaded com.sun.xml.bind.v2.model.annotation.XmlTransientQuick from file:/home/wielants/Downloads/jaxws-ri/lib/jaxb-impl.jar]
[Loaded com.sun.xml.bind.v2.model.annotation.XmlTypeQuick from file:/home/wielants/Downloads/jaxws-ri/lib/jaxb-impl.jar]
[Loaded javax.xml.bind.annotation.XmlValue from /usr/lib/jvm/java-7-openjdk-amd64/jre/lib/rt.jar]
[Loaded com.sun.xml.bind.v2.model.annotation.XmlValueQuick from file:/home/wielants/Downloads/jaxws-ri/lib/jaxb-impl.jar]
[Loaded com.sun.xml.bind.v2.model.annotation.AnnotationSource from file:/home/wielants/Downloads/jaxws-ri/lib/jaxb-core.jar]
[Loaded com.sun.xml.bind.v2.model.core.PropertyInfo from file:/home/wielants/Downloads/jaxws-ri/lib/jaxb-core.jar]
[Loaded com.sun.xml.bind.v2.model.impl.PropertyInfoImpl from file:/home/wielants/Downloads/jaxws-ri/lib/jaxb-impl.jar]
[Loaded com.sun.xml.bind.v2.model.core.ReferencePropertyInfo from file:/home/wielants/Downloads/jaxws-ri/lib/jaxb-core.jar]
[Loaded com.sun.xml.bind.v2.model.impl.DummyPropertyInfo from file:/home/wielants/Downloads/jaxws-ri/lib/jaxb-impl.jar]
[Loaded com.sun.xml.bind.v2.model.impl.ERPropertyInfoImpl from file:/home/wielants/Downloads/jaxws-ri/lib/jaxb-impl.jar]
[Loaded com.sun.xml.bind.v2.model.impl.ReferencePropertyInfoImpl from file:/home/wielants/Downloads/jaxws-ri/lib/jaxb-impl.jar]
[Loaded com.sun.xml.bind.v2.model.impl.ClassInfoImpl$DuplicateException from file:/home/wielants/Downloads/jaxws-ri/lib/jaxb-impl.jar]
[Loaded com.sun.xml.bind.v2.model.impl.ClassInfoImpl$ConflictException from file:/home/wielants/Downloads/jaxws-ri/lib/jaxb-impl.jar]
[Loaded com.sun.xml.bind.v2.model.impl.PropertySeed from file:/home/wielants/Downloads/jaxws-ri/lib/jaxb-impl.jar]
[Loaded com.sun.xml.bind.v2.runtime.unmarshaller.Receiver from file:/home/wielants/Downloads/jaxws-ri/lib/jaxb-impl.jar]
[Loaded com.sun.xml.bind.v2.runtime.reflect.Accessor from file:/home/wielants/Downloads/jaxws-ri/lib/jaxb-impl.jar]
[Loaded com.sun.xml.bind.v2.runtime.reflect.Accessor$FieldReflection from file:/home/wielants/Downloads/jaxws-ri/lib/jaxb-impl.jar]
[Loaded com.sun.xml.bind.v2.model.runtime.RuntimePropertyInfo from file:/home/wielants/Downloads/jaxws-ri/lib/jaxb-impl.jar]
[Loaded com.sun.xml.bind.v2.model.runtime.RuntimeReferencePropertyInfo from file:/home/wielants/Downloads/jaxws-ri/lib/jaxb-impl.jar]
[Loaded com.sun.xml.bind.v2.model.impl.RuntimeReferencePropertyInfoImpl from file:/home/wielants/Downloads/jaxws-ri/lib/jaxb-impl.jar]
[Loaded com.sun.xml.bind.v2.model.core.NonElementRef from file:/home/wielants/Downloads/jaxws-ri/lib/jaxb-core.jar]
[Loaded com.sun.xml.bind.v2.model.core.AttributePropertyInfo from file:/home/wielants/Downloads/jaxws-ri/lib/jaxb-core.jar]
[Loaded com.sun.xml.bind.v2.model.impl.SingleTypePropertyInfoImpl from file:/home/wielants/Downloads/jaxws-ri/lib/jaxb-impl.jar]
[Loaded com.sun.xml.bind.v2.model.impl.AttributePropertyInfoImpl from file:/home/wielants/Downloads/jaxws-ri/lib/jaxb-impl.jar]
[Loaded com.sun.xml.bind.v2.model.runtime.RuntimeNonElementRef from file:/home/wielants/Downloads/jaxws-ri/lib/jaxb-impl.jar]
[Loaded com.sun.xml.bind.v2.model.runtime.RuntimeAttributePropertyInfo from file:/home/wielants/Downloads/jaxws-ri/lib/jaxb-impl.jar]
[Loaded com.sun.xml.bind.v2.model.impl.RuntimeAttributePropertyInfoImpl from file:/home/wielants/Downloads/jaxws-ri/lib/jaxb-impl.jar]
[Loaded com.sun.xml.bind.v2.model.core.ValuePropertyInfo from file:/home/wielants/Downloads/jaxws-ri/lib/jaxb-core.jar]
[Loaded com.sun.xml.bind.v2.model.impl.ValuePropertyInfoImpl from file:/home/wielants/Downloads/jaxws-ri/lib/jaxb-impl.jar]
[Loaded com.sun.xml.bind.v2.model.runtime.RuntimeValuePropertyInfo from file:/home/wielants/Downloads/jaxws-ri/lib/jaxb-impl.jar]
[Loaded com.sun.xml.bind.v2.model.impl.RuntimeValuePropertyInfoImpl from file:/home/wielants/Downloads/jaxws-ri/lib/jaxb-impl.jar]
[Loaded com.sun.xml.bind.v2.model.core.ElementPropertyInfo from file:/home/wielants/Downloads/jaxws-ri/lib/jaxb-core.jar]
[Loaded com.sun.xml.bind.v2.model.impl.ElementPropertyInfoImpl from file:/home/wielants/Downloads/jaxws-ri/lib/jaxb-impl.jar]
[Loaded com.sun.xml.bind.v2.model.runtime.RuntimeElementPropertyInfo from file:/home/wielants/Downloads/jaxws-ri/lib/jaxb-impl.jar]
[Loaded com.sun.xml.bind.v2.model.impl.RuntimeElementPropertyInfoImpl from file:/home/wielants/Downloads/jaxws-ri/lib/jaxb-impl.jar]
[Loaded com.sun.xml.bind.v2.model.core.MapPropertyInfo from file:/home/wielants/Downloads/jaxws-ri/lib/jaxb-core.jar]
[Loaded com.sun.xml.bind.v2.model.impl.MapPropertyInfoImpl from file:/home/wielants/Downloads/jaxws-ri/lib/jaxb-impl.jar]
[Loaded com.sun.xml.bind.v2.model.runtime.RuntimeMapPropertyInfo from file:/home/wielants/Downloads/jaxws-ri/lib/jaxb-impl.jar]
[Loaded com.sun.xml.bind.v2.model.impl.RuntimeMapPropertyInfoImpl from file:/home/wielants/Downloads/jaxws-ri/lib/jaxb-impl.jar]
[Loaded java.lang.InstantiationException from /usr/lib/jvm/java-7-openjdk-amd64/jre/lib/rt.jar]
[Loaded com.sun.xml.bind.AccessorFactory from file:/home/wielants/Downloads/jaxws-ri/lib/jaxb-impl.jar]
[Loaded com.sun.xml.bind.v2.model.impl.ClassInfoImpl$SecondaryAnnotation from file:/home/wielants/Downloads/jaxws-ri/lib/jaxb-impl.jar]
[Loaded javax.xml.bind.annotation.adapters.XmlJavaTypeAdapter from /usr/lib/jvm/java-7-openjdk-amd64/jre/lib/rt.jar]
[Loaded javax.xml.bind.annotation.XmlID from /usr/lib/jvm/java-7-openjdk-amd64/jre/lib/rt.jar]
[Loaded javax.xml.bind.annotation.XmlIDREF from /usr/lib/jvm/java-7-openjdk-amd64/jre/lib/rt.jar]
[Loaded javax.xml.bind.annotation.XmlInlineBinaryData from /usr/lib/jvm/java-7-openjdk-amd64/jre/lib/rt.jar]
[Loaded javax.xml.bind.annotation.XmlMimeType from /usr/lib/jvm/java-7-openjdk-amd64/jre/lib/rt.jar]
[Loaded javax.xml.bind.annotation.XmlAttachmentRef from /usr/lib/jvm/java-7-openjdk-amd64/jre/lib/rt.jar]
[Loaded javax.xml.bind.annotation.XmlElementWrapper from /usr/lib/jvm/java-7-openjdk-amd64/jre/lib/rt.jar]
[Loaded javax.xml.bind.annotation.XmlList from /usr/lib/jvm/java-7-openjdk-amd64/jre/lib/rt.jar]
[Loaded javax.xml.bind.annotation.XmlAnyAttribute from /usr/lib/jvm/java-7-openjdk-amd64/jre/lib/rt.jar]
[Loaded javax.xml.bind.annotation.XmlElements from /usr/lib/jvm/java-7-openjdk-amd64/jre/lib/rt.jar]
[Loaded javax.xml.bind.annotation.XmlAnyElement from /usr/lib/jvm/java-7-openjdk-amd64/jre/lib/rt.jar]
[Loaded javax.xml.bind.annotation.XmlMixed from /usr/lib/jvm/java-7-openjdk-amd64/jre/lib/rt.jar]
[Loaded com.sun.xml.bind.annotation.OverrideAnnotationOf from file:/home/wielants/Downloads/jaxws-ri/lib/jaxb-core.jar]
[Loaded javax.xml.bind.annotation.XmlAccessorOrder from /usr/lib/jvm/java-7-openjdk-amd64/jre/lib/rt.jar]
[Loaded java.lang.Package$1PackageInfoProxy from /usr/lib/jvm/java-7-openjdk-amd64/jre/lib/rt.jar]
[Loaded org.w3c.dom.Node from /usr/lib/jvm/java-7-openjdk-amd64/jre/lib/rt.jar]
[Loaded com.sun.xml.bind.InternalAccessorFactory from file:/home/wielants/Downloads/jaxws-ri/lib/jaxb-impl.jar]
[Loaded com.sun.xml.bind.AccessorFactoryImpl from file:/home/wielants/Downloads/jaxws-ri/lib/jaxb-impl.jar]
[Loaded com.sun.xml.bind.v2.runtime.reflect.Accessor$ReadOnlyFieldReflection from file:/home/wielants/Downloads/jaxws-ri/lib/jaxb-impl.jar]
[Loaded com.sun.xml.bind.v2.runtime.reflect.Accessor$GetterSetterReflection from file:/home/wielants/Downloads/jaxws-ri/lib/jaxb-impl.jar]
[Loaded com.sun.xml.bind.v2.runtime.reflect.Accessor$SetterOnlyReflection from file:/home/wielants/Downloads/jaxws-ri/lib/jaxb-impl.jar]
[Loaded com.sun.xml.bind.v2.runtime.reflect.Accessor$GetterOnlyReflection from file:/home/wielants/Downloads/jaxws-ri/lib/jaxb-impl.jar]
[Loaded javax.xml.bind.annotation.XmlAccessorType from /usr/lib/jvm/java-7-openjdk-amd64/jre/lib/rt.jar]
[Loaded javax.xml.bind.annotation.XmlAccessType from /usr/lib/jvm/java-7-openjdk-amd64/jre/lib/rt.jar]
[Loaded com.sun.istack.FinalArrayList from file:/home/wielants/Downloads/jaxws-ri/lib/jaxb-core.jar]
[Loaded java.util.Arrays$ArrayList from /usr/lib/jvm/java-7-openjdk-amd64/jre/lib/rt.jar]
[Loaded java.util.AbstractList$Itr from /usr/lib/jvm/java-7-openjdk-amd64/jre/lib/rt.jar]
[Loaded com.sun.xml.ws.developer.MemberSubmissionEndpointReference$Address from file:/home/wielants/Downloads/jaxws-ri/lib/jaxws-rt.jar]
[Loaded com.sun.xml.ws.developer.MemberSubmissionEndpointReference$Elements from file:/home/wielants/Downloads/jaxws-ri/lib/jaxws-rt.jar]
[Loaded com.sun.xml.ws.developer.MemberSubmissionEndpointReference$AttributedQName from file:/home/wielants/Downloads/jaxws-ri/lib/jaxws-rt.jar]
[Loaded com.sun.xml.ws.developer.MemberSubmissionEndpointReference$ServiceNameType from file:/home/wielants/Downloads/jaxws-ri/lib/jaxws-rt.jar]
[Loaded javax.xml.bind.annotation.XmlElement$DEFAULT from /usr/lib/jvm/java-7-openjdk-amd64/jre/lib/rt.jar]
[Loaded com.sun.proxy.$Proxy4 by instance of java.lang.reflect.Proxy]
[Loaded java.util.LinkedHashMap$ValueIterator from /usr/lib/jvm/java-7-openjdk-amd64/jre/lib/rt.jar]
[Loaded com.sun.xml.bind.v2.runtime.reflect.Accessor$1 from file:/home/wielants/Downloads/jaxws-ri/lib/jaxb-impl.jar]
[Loaded com.sun.xml.bind.v2.runtime.reflect.Accessor$2 from file:/home/wielants/Downloads/jaxws-ri/lib/jaxb-impl.jar]
[Loaded com.sun.xml.bind.v2.runtime.reflect.AdaptedAccessor from file:/home/wielants/Downloads/jaxws-ri/lib/jaxb-impl.jar]
[Loaded java.lang.Byte$ByteCache from /usr/lib/jvm/java-7-openjdk-amd64/jre/lib/rt.jar]
[Loaded java.lang.Character$CharacterCache from /usr/lib/jvm/java-7-openjdk-amd64/jre/lib/rt.jar]
[Loaded java.lang.Long$LongCache from /usr/lib/jvm/java-7-openjdk-amd64/jre/lib/rt.jar]
[Loaded java.lang.Short$ShortCache from /usr/lib/jvm/java-7-openjdk-amd64/jre/lib/rt.jar]
[Loaded com.sun.xml.bind.v2.model.impl.RuntimeClassInfoImpl$RuntimePropertySeed from file:/home/wielants/Downloads/jaxws-ri/lib/jaxb-impl.jar]
[Loaded com.sun.xml.bind.v2.model.impl.FieldPropertySeed from file:/home/wielants/Downloads/jaxws-ri/lib/jaxb-impl.jar]
[Loaded com.sun.xml.bind.v2.model.impl.ClassInfoImpl$PropertyGroup from file:/home/wielants/Downloads/jaxws-ri/lib/jaxb-impl.jar]
[Loaded com.sun.xml.bind.v2.model.impl.ClassInfoImpl$1 from file:/home/wielants/Downloads/jaxws-ri/lib/jaxb-impl.jar]
[Loaded com.sun.xml.bind.v2.model.core.PropertyKind from file:/home/wielants/Downloads/jaxws-ri/lib/jaxb-core.jar]
[Loaded com.sun.xml.bind.v2.model.core.TypeRef from file:/home/wielants/Downloads/jaxws-ri/lib/jaxb-core.jar]
[Loaded com.sun.xml.bind.v2.model.impl.TypeRefImpl from file:/home/wielants/Downloads/jaxws-ri/lib/jaxb-impl.jar]
[Loaded com.sun.xml.bind.v2.model.runtime.RuntimeTypeRef from file:/home/wielants/Downloads/jaxws-ri/lib/jaxb-impl.jar]
[Loaded com.sun.xml.bind.v2.model.impl.RuntimeTypeRefImpl from file:/home/wielants/Downloads/jaxws-ri/lib/jaxb-impl.jar]
[Loaded com.sun.xml.bind.v2.model.impl.Util from file:/home/wielants/Downloads/jaxws-ri/lib/jaxb-impl.jar]
[Loaded javax.xml.bind.annotation.adapters.XmlJavaTypeAdapters from /usr/lib/jvm/java-7-openjdk-amd64/jre/lib/rt.jar]
[Loaded com.sun.xml.bind.v2.model.core.ID from file:/home/wielants/Downloads/jaxws-ri/lib/jaxb-core.jar]
[Loaded javax.xml.bind.annotation.XmlSchemaTypes from /usr/lib/jvm/java-7-openjdk-amd64/jre/lib/rt.jar]
[Loaded com.sun.xml.bind.v2.model.impl.ElementPropertyInfoImpl$1 from file:/home/wielants/Downloads/jaxws-ri/lib/jaxb-impl.jar]
[Loaded com.sun.xml.bind.annotation.XmlLocation from file:/home/wielants/Downloads/jaxws-ri/lib/jaxb-core.jar]
[Loaded com.sun.proxy.$Proxy5 by instance of java.lang.reflect.Proxy]
[Loaded com.sun.xml.bind.v2.model.annotation.SecureLoader from file:/home/wielants/Downloads/jaxws-ri/lib/jaxb-impl.jar]
[Loaded java.lang.reflect.Proxy$Key2 from /usr/lib/jvm/java-7-openjdk-amd64/jre/lib/rt.jar]
[Loaded com.sun.proxy.$Proxy6 from sun.misc.Launcher$AppClassLoader]
[Loaded java.lang.reflect.UndeclaredThrowableException from /usr/lib/jvm/java-7-openjdk-amd64/jre/lib/rt.jar]
[Loaded com.sun.xml.bind.v2.model.annotation.ClassLocatable from file:/home/wielants/Downloads/jaxws-ri/lib/jaxb-impl.jar]
[Loaded javax.xml.bind.annotation.XmlSeeAlso from /usr/lib/jvm/java-7-openjdk-amd64/jre/lib/rt.jar]
[Loaded sun.reflect.generics.repository.FieldRepository from /usr/lib/jvm/java-7-openjdk-amd64/jre/lib/rt.jar]
[Loaded java.lang.reflect.ParameterizedType from /usr/lib/jvm/java-7-openjdk-amd64/jre/lib/rt.jar]
[Loaded sun.reflect.generics.reflectiveObjects.ParameterizedTypeImpl from /usr/lib/jvm/java-7-openjdk-amd64/jre/lib/rt.jar]
[Loaded sun.reflect.generics.tree.FormalTypeParameter from /usr/lib/jvm/java-7-openjdk-amd64/jre/lib/rt.jar]
[Loaded java.lang.IndexOutOfBoundsException from /usr/lib/jvm/java-7-openjdk-amd64/jre/lib/rt.jar]
[Loaded java.lang.ArrayIndexOutOfBoundsException from /usr/lib/jvm/java-7-openjdk-amd64/jre/lib/rt.jar]
[Loaded sun.reflect.generics.tree.Signature from /usr/lib/jvm/java-7-openjdk-amd64/jre/lib/rt.jar]
[Loaded sun.reflect.generics.tree.ClassSignature from /usr/lib/jvm/java-7-openjdk-amd64/jre/lib/rt.jar]
[Loaded java.lang.reflect.TypeVariable from /usr/lib/jvm/java-7-openjdk-amd64/jre/lib/rt.jar]
[Loaded sun.reflect.generics.reflectiveObjects.LazyReflectiveObjectGenerator from /usr/lib/jvm/java-7-openjdk-amd64/jre/lib/rt.jar]
[Loaded sun.reflect.generics.reflectiveObjects.TypeVariableImpl from /usr/lib/jvm/java-7-openjdk-amd64/jre/lib/rt.jar]
[Loaded javax.xml.bind.annotation.DomHandler from /usr/lib/jvm/java-7-openjdk-amd64/jre/lib/rt.jar]
[Loaded javax.xml.bind.annotation.W3CDomHandler from /usr/lib/jvm/java-7-openjdk-amd64/jre/lib/rt.jar]
[Loaded com.sun.proxy.$Proxy7 by instance of java.lang.reflect.Proxy]
[Loaded com.sun.proxy.$Proxy8 from sun.misc.Launcher$AppClassLoader]
[Loaded org.w3c.dom.Element from /usr/lib/jvm/java-7-openjdk-amd64/jre/lib/rt.jar]
[Loaded sun.reflect.generics.tree.TypeVariableSignature from /usr/lib/jvm/java-7-openjdk-amd64/jre/lib/rt.jar]
[Loaded com.sun.xml.bind.v2.model.nav.ReflectionNavigator$BinderArg from file:/home/wielants/Downloads/jaxws-ri/lib/jaxb-core.jar]
[Loaded java.lang.reflect.WildcardType from /usr/lib/jvm/java-7-openjdk-amd64/jre/lib/rt.jar]
[Loaded com.sun.xml.bind.v2.model.nav.ParameterizedTypeImpl from file:/home/wielants/Downloads/jaxws-ri/lib/jaxb-core.jar]
[Loaded java.lang.reflect.MalformedParameterizedTypeException from /usr/lib/jvm/java-7-openjdk-amd64/jre/lib/rt.jar]
[Loaded java.util.LinkedHashSet from /usr/lib/jvm/java-7-openjdk-amd64/jre/lib/rt.jar]
[Loaded com.sun.xml.bind.v2.model.core.WildcardMode from file:/home/wielants/Downloads/jaxws-ri/lib/jaxb-core.jar]
[Loaded javax.xml.ws.WebServiceFeature from /usr/lib/jvm/java-7-openjdk-amd64/jre/lib/rt.jar]
[Loaded sun.reflect.generics.scope.MethodScope from /usr/lib/jvm/java-7-openjdk-amd64/jre/lib/rt.jar]
[Loaded sun.reflect.generics.repository.ConstructorRepository from /usr/lib/jvm/java-7-openjdk-amd64/jre/lib/rt.jar]
[Loaded sun.reflect.generics.repository.MethodRepository from /usr/lib/jvm/java-7-openjdk-amd64/jre/lib/rt.jar]
[Loaded sun.reflect.generics.tree.ArrayTypeSignature from /usr/lib/jvm/java-7-openjdk-amd64/jre/lib/rt.jar]
[Loaded sun.reflect.generics.tree.MethodTypeSignature from /usr/lib/jvm/java-7-openjdk-amd64/jre/lib/rt.jar]
[Loaded java.util.SortedSet from /usr/lib/jvm/java-7-openjdk-amd64/jre/lib/rt.jar]
[Loaded java.util.NavigableSet from /usr/lib/jvm/java-7-openjdk-amd64/jre/lib/rt.jar]
[Loaded java.util.TreeSet from /usr/lib/jvm/java-7-openjdk-amd64/jre/lib/rt.jar]
[Loaded java.util.HashMap$KeySet from /usr/lib/jvm/java-7-openjdk-amd64/jre/lib/rt.jar]
[Loaded java.util.SortedMap from /usr/lib/jvm/java-7-openjdk-amd64/jre/lib/rt.jar]
[Loaded java.util.NavigableMap from /usr/lib/jvm/java-7-openjdk-amd64/jre/lib/rt.jar]
[Loaded java.util.TreeMap from /usr/lib/jvm/java-7-openjdk-amd64/jre/lib/rt.jar]
[Loaded java.util.LinkedHashMap$KeyIterator from /usr/lib/jvm/java-7-openjdk-amd64/jre/lib/rt.jar]
[Loaded java.util.TreeMap$KeySet from /usr/lib/jvm/java-7-openjdk-amd64/jre/lib/rt.jar]
[Loaded java.util.TreeMap$PrivateEntryIterator from /usr/lib/jvm/java-7-openjdk-amd64/jre/lib/rt.jar]
[Loaded java.util.TreeMap$KeyIterator from /usr/lib/jvm/java-7-openjdk-amd64/jre/lib/rt.jar]
[Loaded javax.xml.bind.annotation.XmlAccessOrder from /usr/lib/jvm/java-7-openjdk-amd64/jre/lib/rt.jar]
[Loaded com.sun.xml.bind.v2.TODO from file:/home/wielants/Downloads/jaxws-ri/lib/jaxb-core.jar]
[Loaded com.sun.proxy.$Proxy9 by instance of java.lang.reflect.Proxy]
[Loaded java.util.Collections$SingletonList from /usr/lib/jvm/java-7-openjdk-amd64/jre/lib/rt.jar]
[Loaded java.util.Collections$1 from /usr/lib/jvm/java-7-openjdk-amd64/jre/lib/rt.jar]
[Loaded com.sun.xml.bind.v2.model.nav.SecureLoader from file:/home/wielants/Downloads/jaxws-ri/lib/jaxb-core.jar]
[Loaded java.util.Collections$UnmodifiableCollection$1 from /usr/lib/jvm/java-7-openjdk-amd64/jre/lib/rt.jar]
[Loaded com.sun.xml.bind.api.impl.NameConverter from file:/home/wielants/Downloads/jaxws-ri/lib/jaxb-core.jar]
[Loaded com.sun.xml.bind.api.impl.NameUtil from file:/home/wielants/Downloads/jaxws-ri/lib/jaxb-core.jar]
[Loaded com.sun.xml.bind.api.impl.NameConverter$Standard from file:/home/wielants/Downloads/jaxws-ri/lib/jaxb-core.jar]
[Loaded com.sun.xml.bind.api.impl.NameConverter$1 from file:/home/wielants/Downloads/jaxws-ri/lib/jaxb-core.jar]
[Loaded com.sun.xml.bind.api.impl.NameConverter$2 from file:/home/wielants/Downloads/jaxws-ri/lib/jaxb-core.jar]
[Loaded com.sun.proxy.$Proxy10 by instance of java.lang.reflect.Proxy]
[Loaded javax.xml.ws.wsaddressing.package-info from /usr/lib/jvm/java-7-openjdk-amd64/jre/lib/rt.jar]
[Loaded javax.xml.bind.annotation.XmlNs from /usr/lib/jvm/java-7-openjdk-amd64/jre/lib/rt.jar]
[Loaded javax.xml.bind.annotation.XmlNsForm from /usr/lib/jvm/java-7-openjdk-amd64/jre/lib/rt.jar]
[Loaded com.sun.proxy.$Proxy11 by instance of java.lang.reflect.Proxy]
[Loaded javax.xml.ws.wsaddressing.W3CEndpointReference$Address from /usr/lib/jvm/java-7-openjdk-amd64/jre/lib/rt.jar]
[Loaded javax.xml.ws.wsaddressing.W3CEndpointReference$Elements from /usr/lib/jvm/java-7-openjdk-amd64/jre/lib/rt.jar]
[Loaded sun.reflect.ClassFileConstants from /usr/lib/jvm/java-7-openjdk-amd64/jre/lib/rt.jar]
[Loaded sun.reflect.AccessorGenerator from /usr/lib/jvm/java-7-openjdk-amd64/jre/lib/rt.jar]
[Loaded sun.reflect.MethodAccessorGenerator from /usr/lib/jvm/java-7-openjdk-amd64/jre/lib/rt.jar]
[Loaded sun.reflect.ByteVectorFactory from /usr/lib/jvm/java-7-openjdk-amd64/jre/lib/rt.jar]
[Loaded sun.reflect.ByteVector from /usr/lib/jvm/java-7-openjdk-amd64/jre/lib/rt.jar]
[Loaded sun.reflect.ByteVectorImpl from /usr/lib/jvm/java-7-openjdk-amd64/jre/lib/rt.jar]
[Loaded sun.reflect.ClassFileAssembler from /usr/lib/jvm/java-7-openjdk-amd64/jre/lib/rt.jar]
[Loaded sun.reflect.UTF8 from /usr/lib/jvm/java-7-openjdk-amd64/jre/lib/rt.jar]
[Loaded sun.reflect.Label from /usr/lib/jvm/java-7-openjdk-amd64/jre/lib/rt.jar]
[Loaded sun.reflect.Label$PatchInfo from /usr/lib/jvm/java-7-openjdk-amd64/jre/lib/rt.jar]
[Loaded sun.reflect.MethodAccessorGenerator$1 from /usr/lib/jvm/java-7-openjdk-amd64/jre/lib/rt.jar]
[Loaded sun.reflect.ClassDefiner from /usr/lib/jvm/java-7-openjdk-amd64/jre/lib/rt.jar]
[Loaded sun.reflect.ClassDefiner$1 from /usr/lib/jvm/java-7-openjdk-amd64/jre/lib/rt.jar]
[Loaded sun.reflect.GeneratedMethodAccessor1 from __JVM_DefineClass__]
[Loaded com.sun.xml.bind.v2.util.FlattenIterator from file:/home/wielants/Downloads/jaxws-ri/lib/jaxb-core.jar]
[Loaded java.util.NoSuchElementException from /usr/lib/jvm/java-7-openjdk-amd64/jre/lib/rt.jar]
[Loaded com.sun.xml.bind.v2.runtime.unmarshaller.Loader from file:/home/wielants/Downloads/jaxws-ri/lib/jaxb-impl.jar]
[Loaded com.sun.xml.bind.v2.runtime.unmarshaller.TextLoader from file:/home/wielants/Downloads/jaxws-ri/lib/jaxb-impl.jar]
[Loaded com.sun.xml.bind.v2.runtime.unmarshaller.XsiTypeLoader from file:/home/wielants/Downloads/jaxws-ri/lib/jaxb-impl.jar]
[Loaded org.xml.sax.Locator from /usr/lib/jvm/java-7-openjdk-amd64/jre/lib/rt.jar]
[Loaded com.sun.xml.bind.v2.runtime.unmarshaller.StructureLoader from file:/home/wielants/Downloads/jaxws-ri/lib/jaxb-impl.jar]
[Loaded com.sun.xml.bind.v2.runtime.property.StructureLoaderBuilder from file:/home/wielants/Downloads/jaxws-ri/lib/jaxb-impl.jar]
[Loaded com.sun.xml.bind.v2.runtime.property.Property from file:/home/wielants/Downloads/jaxws-ri/lib/jaxb-impl.jar]
[Loaded com.sun.xml.bind.v2.runtime.property.PropertyImpl from file:/home/wielants/Downloads/jaxws-ri/lib/jaxb-impl.jar]
[Loaded com.sun.xml.bind.v2.runtime.property.AttributeProperty from file:/home/wielants/Downloads/jaxws-ri/lib/jaxb-impl.jar]
[Loaded com.sun.xml.bind.v2.runtime.property.PropertyFactory from file:/home/wielants/Downloads/jaxws-ri/lib/jaxb-impl.jar]
[Loaded java.lang.InstantiationError from /usr/lib/jvm/java-7-openjdk-amd64/jre/lib/rt.jar]
[Loaded com.sun.xml.bind.v2.runtime.property.SingleElementLeafProperty from file:/home/wielants/Downloads/jaxws-ri/lib/jaxb-impl.jar]
[Loaded com.sun.xml.bind.v2.runtime.property.ArrayProperty from file:/home/wielants/Downloads/jaxws-ri/lib/jaxb-impl.jar]
[Loaded com.sun.xml.bind.v2.runtime.property.ArrayERProperty from file:/home/wielants/Downloads/jaxws-ri/lib/jaxb-impl.jar]
[Loaded com.sun.xml.bind.v2.runtime.property.ArrayElementProperty from file:/home/wielants/Downloads/jaxws-ri/lib/jaxb-impl.jar]
[Loaded com.sun.xml.bind.v2.runtime.property.ArrayElementLeafProperty from file:/home/wielants/Downloads/jaxws-ri/lib/jaxb-impl.jar]
[Loaded com.sun.xml.bind.v2.runtime.property.SingleElementNodeProperty from file:/home/wielants/Downloads/jaxws-ri/lib/jaxb-impl.jar]
[Loaded com.sun.xml.bind.v2.runtime.property.SingleReferenceNodeProperty from file:/home/wielants/Downloads/jaxws-ri/lib/jaxb-impl.jar]
[Loaded com.sun.xml.bind.v2.runtime.property.SingleMapNodeProperty from file:/home/wielants/Downloads/jaxws-ri/lib/jaxb-impl.jar]
[Loaded com.sun.xml.bind.v2.runtime.property.ArrayElementNodeProperty from file:/home/wielants/Downloads/jaxws-ri/lib/jaxb-impl.jar]
[Loaded com.sun.xml.bind.v2.runtime.property.ArrayReferenceNodeProperty from file:/home/wielants/Downloads/jaxws-ri/lib/jaxb-impl.jar]
[Loaded com.sun.xml.bind.v2.runtime.unmarshaller.LeafPropertyLoader from file:/home/wielants/Downloads/jaxws-ri/lib/jaxb-impl.jar]
[Loaded com.sun.xml.bind.v2.runtime.unmarshaller.DefaultValueLoaderDecorator from file:/home/wielants/Downloads/jaxws-ri/lib/jaxb-impl.jar]
[Loaded com.sun.xml.bind.v2.runtime.unmarshaller.ProxyLoader from file:/home/wielants/Downloads/jaxws-ri/lib/jaxb-impl.jar]
[Loaded com.sun.xml.bind.v2.runtime.unmarshaller.XsiNilLoader from file:/home/wielants/Downloads/jaxws-ri/lib/jaxb-impl.jar]
[Loaded com.sun.xml.bind.v2.runtime.unmarshaller.XsiNilLoader$Single from file:/home/wielants/Downloads/jaxws-ri/lib/jaxb-impl.jar]
[Loaded com.sun.xml.bind.v2.runtime.unmarshaller.LeafPropertyXsiLoader from file:/home/wielants/Downloads/jaxws-ri/lib/jaxb-impl.jar]
[Loaded com.sun.xml.bind.v2.runtime.property.ArrayERProperty$ItemsLoader from file:/home/wielants/Downloads/jaxws-ri/lib/jaxb-impl.jar]
[Loaded com.sun.xml.bind.v2.runtime.reflect.NullSafeAccessor from file:/home/wielants/Downloads/jaxws-ri/lib/jaxb-impl.jar]
[Loaded com.sun.xml.bind.v2.runtime.unmarshaller.XsiNilLoader$Array from file:/home/wielants/Downloads/jaxws-ri/lib/jaxb-impl.jar]
[Loaded com.sun.xml.bind.v2.runtime.property.SingleReferenceNodeProperty$1 from file:/home/wielants/Downloads/jaxws-ri/lib/jaxb-impl.jar]
[Loaded com.sun.xml.bind.v2.runtime.unmarshaller.WildcardLoader from file:/home/wielants/Downloads/jaxws-ri/lib/jaxb-impl.jar]
[Loaded com.sun.xml.bind.v2.runtime.property.SingleMapNodeProperty$1 from file:/home/wielants/Downloads/jaxws-ri/lib/jaxb-impl.jar]
[Loaded com.sun.xml.bind.v2.runtime.property.SingleMapNodeProperty$2 from file:/home/wielants/Downloads/jaxws-ri/lib/jaxb-impl.jar]
[Loaded com.sun.xml.bind.v2.runtime.property.ArrayReferenceNodeProperty$MixedTextLoader from file:/home/wielants/Downloads/jaxws-ri/lib/jaxb-impl.jar]
[Loaded com.sun.xml.bind.v2.runtime.property.PropertyFactory$1 from file:/home/wielants/Downloads/jaxws-ri/lib/jaxb-impl.jar]
[Loaded com.sun.xml.bind.v2.runtime.reflect.opt.OptimizedAccessorFactory from file:/home/wielants/Downloads/jaxws-ri/lib/jaxb-impl.jar]
[Loaded com.sun.xml.bind.v2.runtime.reflect.opt.FieldAccessor_Byte from file:/home/wielants/Downloads/jaxws-ri/lib/jaxb-impl.jar]
[Loaded com.sun.xml.bind.v2.runtime.reflect.opt.MethodAccessor_Byte from file:/home/wielants/Downloads/jaxws-ri/lib/jaxb-impl.jar]
[Loaded com.sun.xml.bind.v2.bytecode.ClassTailor from file:/home/wielants/Downloads/jaxws-ri/lib/jaxb-impl.jar]
[Loaded com.sun.xml.bind.v2.runtime.reflect.opt.Bean from file:/home/wielants/Downloads/jaxws-ri/lib/jaxb-impl.jar]
[Loaded com.sun.xml.bind.v2.runtime.reflect.opt.Ref from file:/home/wielants/Downloads/jaxws-ri/lib/jaxb-impl.jar]
[Loaded com.sun.xml.bind.v2.runtime.reflect.opt.AccessorInjector from file:/home/wielants/Downloads/jaxws-ri/lib/jaxb-impl.jar]
[Loaded com.sun.xml.bind.v2.runtime.reflect.opt.SecureLoader from file:/home/wielants/Downloads/jaxws-ri/lib/jaxb-impl.jar]
[Loaded com.sun.xml.bind.v2.runtime.reflect.opt.Injector from file:/home/wielants/Downloads/jaxws-ri/lib/jaxb-impl.jar]
[Loaded java.util.concurrent.locks.ReadWriteLock from /usr/lib/jvm/java-7-openjdk-amd64/jre/lib/rt.jar]
[Loaded java.util.concurrent.locks.ReentrantReadWriteLock from /usr/lib/jvm/java-7-openjdk-amd64/jre/lib/rt.jar]
[Loaded java.util.concurrent.locks.ReentrantReadWriteLock$Sync from /usr/lib/jvm/java-7-openjdk-amd64/jre/lib/rt.jar]
[Loaded java.util.concurrent.locks.ReentrantReadWriteLock$NonfairSync from /usr/lib/jvm/java-7-openjdk-amd64/jre/lib/rt.jar]
[Loaded java.util.concurrent.locks.ReentrantReadWriteLock$Sync$ThreadLocalHoldCounter from /usr/lib/jvm/java-7-openjdk-amd64/jre/lib/rt.jar]
[Loaded java.util.concurrent.locks.ReentrantReadWriteLock$ReadLock from /usr/lib/jvm/java-7-openjdk-amd64/jre/lib/rt.jar]
[Loaded java.util.concurrent.locks.ReentrantReadWriteLock$WriteLock from /usr/lib/jvm/java-7-openjdk-amd64/jre/lib/rt.jar]
[Loaded java.lang.ClassFormatError from /usr/lib/jvm/java-7-openjdk-amd64/jre/lib/rt.jar]
[Loaded java.lang.AssertionStatusDirectives from /usr/lib/jvm/java-7-openjdk-amd64/jre/lib/rt.jar]
[Loaded com.sun.xml.bind.v2.runtime.reflect.opt.Injector$1 from file:/home/wielants/Downloads/jaxws-ri/lib/jaxb-impl.jar]
[Loaded java.io.DataInput from /usr/lib/jvm/java-7-openjdk-amd64/jre/lib/rt.jar]
[Loaded java.io.DataInputStream from /usr/lib/jvm/java-7-openjdk-amd64/jre/lib/rt.jar]
[Loaded com.sun.xml.ws.developer.MemberSubmissionEndpointReference$JaxbAccessorF_addr from __JVM_DefineClass__]
[Loaded com.sun.xml.bind.v2.runtime.property.ValueProperty from file:/home/wielants/Downloads/jaxws-ri/lib/jaxb-impl.jar]
[Loaded com.sun.xml.bind.v2.runtime.unmarshaller.ValuePropertyLoader from file:/home/wielants/Downloads/jaxws-ri/lib/jaxb-impl.jar]
[Loaded com.sun.xml.bind.v2.runtime.reflect.TransducedAccessor from file:/home/wielants/Downloads/jaxws-ri/lib/jaxb-impl.jar]
[Loaded com.sun.xml.bind.v2.runtime.reflect.DefaultTransducedAccessor from file:/home/wielants/Downloads/jaxws-ri/lib/jaxb-impl.jar]
[Loaded com.sun.xml.bind.v2.runtime.reflect.ListTransducedAccessorImpl from file:/home/wielants/Downloads/jaxws-ri/lib/jaxb-impl.jar]
[Loaded com.sun.xml.bind.v2.runtime.reflect.TransducedAccessor$IDREFTransducedAccessorImpl from file:/home/wielants/Downloads/jaxws-ri/lib/jaxb-impl.jar]
[Loaded com.sun.xml.bind.v2.runtime.reflect.TransducedAccessor$CompositeTransducedAccessorImpl from file:/home/wielants/Downloads/jaxws-ri/lib/jaxb-impl.jar]
[Loaded com.sun.xml.bind.v2.runtime.reflect.TransducedAccessor$CompositeContextDependentTransducedAccessorImpl from file:/home/wielants/Downloads/jaxws-ri/lib/jaxb-impl.jar]
[Loaded com.sun.xml.bind.v2.runtime.reflect.opt.OptimizedTransducedAccessorFactory from file:/home/wielants/Downloads/jaxws-ri/lib/jaxb-impl.jar]
[Loaded com.sun.xml.bind.v2.runtime.reflect.opt.TransducedAccessor_field_Byte from file:/home/wielants/Downloads/jaxws-ri/lib/jaxb-impl.jar]
[Loaded com.sun.xml.bind.v2.runtime.reflect.opt.TransducedAccessor_method_Byte from file:/home/wielants/Downloads/jaxws-ri/lib/jaxb-impl.jar]
[Loaded com.sun.xml.ws.developer.MemberSubmissionEndpointReference$Address$JaxbAccessorF_uri from __JVM_DefineClass__]
[Loaded com.sun.xml.bind.v2.runtime.LifecycleMethods from file:/home/wielants/Downloads/jaxws-ri/lib/jaxb-impl.jar]
[Loaded java.lang.CloneNotSupportedException from /usr/lib/jvm/java-7-openjdk-amd64/jre/lib/rt.jar]
[Loaded com.sun.xml.bind.v2.runtime.property.TagAndType from file:/home/wielants/Downloads/jaxws-ri/lib/jaxb-impl.jar]
[Loaded com.sun.xml.bind.v2.runtime.Name from file:/home/wielants/Downloads/jaxws-ri/lib/jaxb-impl.jar]
[Loaded com.sun.xml.ws.developer.MemberSubmissionEndpointReference$JaxbAccessorF_referenceProperties from __JVM_DefineClass__]
[Loaded com.sun.xml.bind.v2.runtime.reflect.Lister from file:/home/wielants/Downloads/jaxws-ri/lib/jaxb-impl.jar]
[Loaded com.sun.xml.bind.v2.runtime.reflect.Lister$1 from file:/home/wielants/Downloads/jaxws-ri/lib/jaxb-impl.jar]
[Loaded com.sun.xml.bind.v2.runtime.reflect.ListIterator from file:/home/wielants/Downloads/jaxws-ri/lib/jaxb-impl.jar]
[Loaded com.sun.xml.bind.v2.runtime.reflect.Lister$CollectionLister from file:/home/wielants/Downloads/jaxws-ri/lib/jaxb-impl.jar]
[Loaded com.sun.xml.bind.v2.runtime.reflect.Lister$IDREFS from file:/home/wielants/Downloads/jaxws-ri/lib/jaxb-impl.jar]
[Loaded com.sun.xml.bind.v2.runtime.reflect.AdaptedLister from file:/home/wielants/Downloads/jaxws-ri/lib/jaxb-impl.jar]
[Loaded com.sun.xml.bind.v2.runtime.reflect.Lister$ArrayLister from file:/home/wielants/Downloads/jaxws-ri/lib/jaxb-impl.jar]
[Loaded java.util.Collections$SynchronizedMap from /usr/lib/jvm/java-7-openjdk-amd64/jre/lib/rt.jar]
[Loaded com.sun.xml.bind.v2.runtime.reflect.PrimitiveArrayListerBoolean from file:/home/wielants/Downloads/jaxws-ri/lib/jaxb-impl.jar]
[Loaded com.sun.xml.bind.v2.runtime.reflect.PrimitiveArrayListerByte from file:/home/wielants/Downloads/jaxws-ri/lib/jaxb-impl.jar]
[Loaded com.sun.xml.bind.v2.runtime.reflect.PrimitiveArrayListerCharacter from file:/home/wielants/Downloads/jaxws-ri/lib/jaxb-impl.jar]
[Loaded com.sun.xml.bind.v2.runtime.reflect.PrimitiveArrayListerDouble from file:/home/wielants/Downloads/jaxws-ri/lib/jaxb-impl.jar]
[Loaded com.sun.xml.bind.v2.runtime.reflect.PrimitiveArrayListerFloat from file:/home/wielants/Downloads/jaxws-ri/lib/jaxb-impl.jar]
[Loaded com.sun.xml.bind.v2.runtime.reflect.PrimitiveArrayListerInteger from file:/home/wielants/Downloads/jaxws-ri/lib/jaxb-impl.jar]
[Loaded com.sun.xml.bind.v2.runtime.reflect.PrimitiveArrayListerLong from file:/home/wielants/Downloads/jaxws-ri/lib/jaxb-impl.jar]
[Loaded com.sun.xml.bind.v2.runtime.reflect.PrimitiveArrayListerShort from file:/home/wielants/Downloads/jaxws-ri/lib/jaxb-impl.jar]
[Loaded com.sun.xml.bind.v2.runtime.reflect.Lister$2 from file:/home/wielants/Downloads/jaxws-ri/lib/jaxb-impl.jar]
[Loaded java.util.AbstractSequentialList from /usr/lib/jvm/java-7-openjdk-amd64/jre/lib/rt.jar]
[Loaded java.util.LinkedList from /usr/lib/jvm/java-7-openjdk-amd64/jre/lib/rt.jar]
[Loaded com.sun.xml.bind.v2.ClassFactory from file:/home/wielants/Downloads/jaxws-ri/lib/jaxb-core.jar]
[Loaded com.sun.xml.bind.v2.ClassFactory$1 from file:/home/wielants/Downloads/jaxws-ri/lib/jaxb-core.jar]
[Loaded java.lang.ExceptionInInitializerError from /usr/lib/jvm/java-7-openjdk-amd64/jre/lib/rt.jar]
[Loaded com.sun.xml.ws.developer.MemberSubmissionEndpointReference$Elements$JaxbAccessorF_elements from __JVM_DefineClass__]
[Loaded javax.xml.parsers.DocumentBuilder from /usr/lib/jvm/java-7-openjdk-amd64/jre/lib/rt.jar]
[Loaded com.sun.xml.ws.developer.MemberSubmissionEndpointReference$JaxbAccessorF_referenceParameters from __JVM_DefineClass__]
[Loaded com.sun.xml.ws.developer.MemberSubmissionEndpointReference$JaxbAccessorF_portTypeName from __JVM_DefineClass__]
[Loaded com.sun.xml.ws.developer.MemberSubmissionEndpointReference$AttributedQName$JaxbAccessorF_name from __JVM_DefineClass__]
[Loaded com.sun.xml.ws.developer.MemberSubmissionEndpointReference$JaxbAccessorF_serviceName from __JVM_DefineClass__]
[Loaded com.sun.xml.ws.developer.MemberSubmissionEndpointReference$ServiceNameType$JaxbAccessorF_portName from __JVM_DefineClass__]
[Loaded com.sun.xml.ws.developer.MemberSubmissionEndpointReference$JaxbAccessorF_elements from __JVM_DefineClass__]
[Loaded javax.xml.bind.JAXBElement from /usr/lib/jvm/java-7-openjdk-amd64/jre/lib/rt.jar]
[Loaded com.sun.xml.bind.v2.runtime.unmarshaller.Intercepter from file:/home/wielants/Downloads/jaxws-ri/lib/jaxb-impl.jar]
[Loaded com.sun.xml.bind.v2.runtime.ElementBeanInfoImpl$IntercepterLoader from file:/home/wielants/Downloads/jaxws-ri/lib/jaxb-impl.jar]
[Loaded com.sun.xml.bind.v2.runtime.ElementBeanInfoImpl$1 from file:/home/wielants/Downloads/jaxws-ri/lib/jaxb-impl.jar]
[Loaded com.sun.xml.bind.v2.runtime.CompositeStructureBeanInfo from file:/home/wielants/Downloads/jaxws-ri/lib/jaxb-impl.jar]
[Loaded com.sun.xml.bind.v2.runtime.unmarshaller.DomLoader from file:/home/wielants/Downloads/jaxws-ri/lib/jaxb-impl.jar]
[Loaded com.sun.xml.bind.v2.runtime.property.UnmarshallerChain from file:/home/wielants/Downloads/jaxws-ri/lib/jaxb-impl.jar]
[Loaded com.sun.xml.bind.v2.runtime.unmarshaller.StructureLoader$1 from file:/home/wielants/Downloads/jaxws-ri/lib/jaxb-impl.jar]
[Loaded com.sun.xml.bind.v2.runtime.property.ArrayERProperty$ReceiverImpl from file:/home/wielants/Downloads/jaxws-ri/lib/jaxb-impl.jar]
[Loaded com.sun.xml.bind.v2.util.QNameMap$EntrySet from file:/home/wielants/Downloads/jaxws-ri/lib/jaxb-impl.jar]
[Loaded com.sun.xml.bind.v2.util.QNameMap$HashIterator from file:/home/wielants/Downloads/jaxws-ri/lib/jaxb-impl.jar]
[Loaded com.sun.xml.bind.v2.util.QNameMap$EntryIterator from file:/home/wielants/Downloads/jaxws-ri/lib/jaxb-impl.jar]
[Loaded com.sun.xml.bind.v2.runtime.unmarshaller.ChildLoader from file:/home/wielants/Downloads/jaxws-ri/lib/jaxb-impl.jar]
[Loaded com.sun.xml.bind.v2.runtime.NameList from file:/home/wielants/Downloads/jaxws-ri/lib/jaxb-impl.jar]
[Loaded com.sun.xml.ws.client.HandlerConfigurator from file:/home/wielants/Downloads/jaxws-ri/lib/jaxws-rt.jar]
[Loaded com.sun.xml.ws.client.HandlerConfigurator$HandlerResolverImpl from file:/home/wielants/Downloads/jaxws-ri/lib/jaxws-rt.jar]
[Loaded com.sun.xml.ws.api.ComponentEx from file:/home/wielants/Downloads/jaxws-ri/lib/jaxws-rt.jar]
[Loaded com.sun.xml.ws.api.server.Container from file:/home/wielants/Downloads/jaxws-ri/lib/jaxws-rt.jar]
[Loaded com.sun.xml.ws.client.ClientContainer from file:/home/wielants/Downloads/jaxws-ri/lib/jaxws-rt.jar]
[Loaded com.sun.xml.ws.api.model.wsdl.WSDLFeaturedObject from file:/home/wielants/Downloads/jaxws-ri/lib/jaxws-rt.jar]
[Loaded com.sun.xml.ws.api.model.wsdl.WSDLPort from file:/home/wielants/Downloads/jaxws-ri/lib/jaxws-rt.jar]
[Loaded com.sun.xml.ws.client.HandlerConfigurator$AnnotationConfigurator from file:/home/wielants/Downloads/jaxws-ri/lib/jaxws-rt.jar]
[Loaded com.sun.xml.ws.api.BindingID from file:/home/wielants/Downloads/jaxws-ri/lib/jaxws-rt.jar]
[Loaded com.sun.xml.ws.api.BindingID$Impl from file:/home/wielants/Downloads/jaxws-ri/lib/jaxws-rt.jar]
[Loaded com.sun.xml.ws.api.BindingID$SOAPHTTPImpl from file:/home/wielants/Downloads/jaxws-ri/lib/jaxws-rt.jar]
[Loaded javax.xml.ws.Binding from /usr/lib/jvm/java-7-openjdk-amd64/jre/lib/rt.jar]
[Loaded com.sun.xml.ws.api.WSBinding from file:/home/wielants/Downloads/jaxws-ri/lib/jaxws-rt.jar]
[Loaded javax.xml.ws.handler.PortInfo from /usr/lib/jvm/java-7-openjdk-amd64/jre/lib/rt.jar]
[Loaded com.sun.xml.ws.api.client.WSPortInfo from file:/home/wielants/Downloads/jaxws-ri/lib/jaxws-rt.jar]
[Loaded javax.xml.stream.XMLStreamException from /usr/lib/jvm/java-7-openjdk-amd64/jre/lib/rt.jar]
[Loaded com.sun.xml.ws.util.ServiceConfigurationError from file:/home/wielants/Downloads/jaxws-ri/lib/jaxws-rt.jar]
[Loaded com.sun.xml.ws.client.WSServiceDelegate$DelegatingLoader from file:/home/wielants/Downloads/jaxws-ri/lib/jaxws-rt.jar]
[Loaded com.sun.xml.ws.api.WSService$InitParams from file:/home/wielants/Downloads/jaxws-ri/lib/jaxws-rt.jar]
[Loaded com.sun.xml.ws.api.WSFeatureList from file:/home/wielants/Downloads/jaxws-ri/lib/jaxws-rt.jar]
[Loaded com.sun.xml.ws.binding.WebServiceFeatureList from file:/home/wielants/Downloads/jaxws-ri/lib/jaxws-rt.jar]
[Loaded javax.xml.ws.soap.AddressingFeature from /usr/lib/jvm/java-7-openjdk-amd64/jre/lib/rt.jar]
[Loaded com.sun.istack.localization.Localizable from file:/home/wielants/Downloads/jaxws-ri/lib/jaxb-core.jar]
[Loaded com.sun.xml.ws.util.exception.JAXWSExceptionBase from file:/home/wielants/Downloads/jaxws-ri/lib/jaxws-rt.jar]
[Loaded com.sun.xml.ws.model.RuntimeModelerException from file:/home/wielants/Downloads/jaxws-ri/lib/jaxws-rt.jar]
[Loaded javax.xml.ws.soap.MTOMFeature from /usr/lib/jvm/java-7-openjdk-amd64/jre/lib/rt.jar]
[Loaded javax.xml.ws.RespectBindingFeature from /usr/lib/jvm/java-7-openjdk-amd64/jre/lib/rt.jar]
[Loaded javax.xml.transform.stream.StreamSource from /usr/lib/jvm/java-7-openjdk-amd64/jre/lib/rt.jar]
[Loaded java.util.concurrent.CopyOnWriteArraySet from /usr/lib/jvm/java-7-openjdk-amd64/jre/lib/rt.jar]
[Loaded com.sun.xml.ws.api.server.ContainerResolver from file:/home/wielants/Downloads/jaxws-ri/lib/jaxws-rt.jar]
[Loaded com.sun.xml.ws.api.server.ThreadLocalContainerResolver from file:/home/wielants/Downloads/jaxws-ri/lib/jaxws-rt.jar]
[Loaded com.sun.xml.ws.api.server.ThreadLocalContainerResolver$1 from file:/home/wielants/Downloads/jaxws-ri/lib/jaxws-rt.jar]
[Loaded java.util.concurrent.Executor from /usr/lib/jvm/java-7-openjdk-amd64/jre/lib/rt.jar]
[Loaded com.sun.xml.ws.api.server.Container$NoneContainer from file:/home/wielants/Downloads/jaxws-ri/lib/jaxws-rt.jar]
[Loaded com.sun.xml.ws.api.ResourceLoader from file:/home/wielants/Downloads/jaxws-ri/lib/jaxws-rt.jar]
[Loaded com.sun.xml.ws.client.ClientContainer$1 from file:/home/wielants/Downloads/jaxws-ri/lib/jaxws-rt.jar]
[Loaded com.sun.xml.ws.api.ServiceSharedFeatureMarker from file:/home/wielants/Downloads/jaxws-ri/lib/jaxws-rt.jar]
[Loaded com.sun.xml.ws.api.ComponentFeature from file:/home/wielants/Downloads/jaxws-ri/lib/jaxws-rt.jar]
[Loaded com.sun.xml.ws.api.ComponentsFeature from file:/home/wielants/Downloads/jaxws-ri/lib/jaxws-rt.jar]
[Loaded com.sun.xml.ws.api.client.ServiceInterceptorFactory from file:/home/wielants/Downloads/jaxws-ri/lib/jaxws-rt.jar]
[Loaded com.sun.xml.ws.api.client.ServiceInterceptorFactory$1 from file:/home/wielants/Downloads/jaxws-ri/lib/jaxws-rt.jar]
[Loaded com.sun.xml.ws.util.ServiceFinder from file:/home/wielants/Downloads/jaxws-ri/lib/jaxws-rt.jar]
[Loaded com.sun.xml.ws.util.ServiceFinder$LazyIterator from file:/home/wielants/Downloads/jaxws-ri/lib/jaxws-rt.jar]
[Loaded com.sun.xml.ws.util.ServiceFinder$CompositeIterator from file:/home/wielants/Downloads/jaxws-ri/lib/jaxws-rt.jar]
[Loaded java.util.ListIterator from /usr/lib/jvm/java-7-openjdk-amd64/jre/lib/rt.jar]
[Loaded java.util.concurrent.CopyOnWriteArrayList$COWIterator from /usr/lib/jvm/java-7-openjdk-amd64/jre/lib/rt.jar]
[Loaded com.sun.xml.ws.util.ServiceFinder$ServiceNameIterator from file:/home/wielants/Downloads/jaxws-ri/lib/jaxws-rt.jar]
[Loaded com.sun.xml.ws.util.ServiceFinder$ServiceName from file:/home/wielants/Downloads/jaxws-ri/lib/jaxws-rt.jar]
[Loaded java.util.HashMap$KeyIterator from /usr/lib/jvm/java-7-openjdk-amd64/jre/lib/rt.jar]
[Loaded com.sun.xml.ws.api.client.ServiceInterceptor from file:/home/wielants/Downloads/jaxws-ri/lib/jaxws-rt.jar]
[Loaded com.sun.xml.ws.api.client.ServiceInterceptor$1 from file:/home/wielants/Downloads/jaxws-ri/lib/jaxws-rt.jar]
[Loaded com.sun.xml.ws.util.JAXWSUtils from file:/home/wielants/Downloads/jaxws-ri/lib/jaxws-rt.jar]
[Loaded com.sun.xml.ws.util.xml.XmlUtil from file:/home/wielants/Downloads/jaxws-ri/lib/jaxws-rt.jar]
[Loaded org.xml.sax.EntityResolver from /usr/lib/jvm/java-7-openjdk-amd64/jre/lib/rt.jar]
[Loaded org.xml.sax.ContentHandler from /usr/lib/jvm/java-7-openjdk-amd64/jre/lib/rt.jar]
[Loaded com.sun.xml.ws.server.ServerRtException from file:/home/wielants/Downloads/jaxws-ri/lib/jaxws-rt.jar]
[Loaded com.sun.org.apache.xml.internal.resolver.CatalogManager from /usr/lib/jvm/java-7-openjdk-amd64/jre/lib/rt.jar]
[Loaded com.sun.xml.ws.util.xml.XmlUtil$1 from file:/home/wielants/Downloads/jaxws-ri/lib/jaxws-rt.jar]
[Loaded com.sun.xml.ws.util.ByteArrayBuffer from file:/home/wielants/Downloads/jaxws-ri/lib/jaxws-rt.jar]
[Loaded javax.xml.transform.TransformerFactory from /usr/lib/jvm/java-7-openjdk-amd64/jre/lib/rt.jar]
[Loaded javax.xml.transform.FactoryFinder from /usr/lib/jvm/java-7-openjdk-amd64/jre/lib/rt.jar]
[Loaded javax.xml.transform.SecuritySupport from /usr/lib/jvm/java-7-openjdk-amd64/jre/lib/rt.jar]
[Loaded javax.xml.transform.SecuritySupport$2 from /usr/lib/jvm/java-7-openjdk-amd64/jre/lib/rt.jar]
[Loaded javax.xml.transform.SecuritySupport$5 from /usr/lib/jvm/java-7-openjdk-amd64/jre/lib/rt.jar]
[Loaded javax.xml.transform.SecuritySupport$1 from /usr/lib/jvm/java-7-openjdk-amd64/jre/lib/rt.jar]
[Loaded javax.xml.transform.SecuritySupport$4 from /usr/lib/jvm/java-7-openjdk-amd64/jre/lib/rt.jar]
[Loaded com.sun.org.apache.xalan.internal.xsltc.compiler.SourceLoader from /usr/lib/jvm/java-7-openjdk-amd64/jre/lib/rt.jar]
[Loaded javax.xml.transform.ErrorListener from /usr/lib/jvm/java-7-openjdk-amd64/jre/lib/rt.jar]
[Loaded javax.xml.transform.sax.SAXTransformerFactory from /usr/lib/jvm/java-7-openjdk-amd64/jre/lib/rt.jar]
[Loaded com.sun.org.apache.xalan.internal.xsltc.trax.TransformerFactoryImpl from /usr/lib/jvm/java-7-openjdk-amd64/jre/lib/rt.jar]
[Loaded com.sun.org.apache.xml.internal.dtm.DTMManager from /usr/lib/jvm/java-7-openjdk-amd64/jre/lib/rt.jar]
[Loaded com.sun.org.apache.xml.internal.dtm.ref.DTMManagerDefault from /usr/lib/jvm/java-7-openjdk-amd64/jre/lib/rt.jar]
[Loaded com.sun.org.apache.xalan.internal.xsltc.dom.XSLTCDTMManager from /usr/lib/jvm/java-7-openjdk-amd64/jre/lib/rt.jar]
[Loaded com.sun.org.apache.xalan.internal.utils.SecuritySupport from /usr/lib/jvm/java-7-openjdk-amd64/jre/lib/rt.jar]
[Loaded com.sun.org.apache.xalan.internal.utils.SecuritySupport$4 from /usr/lib/jvm/java-7-openjdk-amd64/jre/lib/rt.jar]
[Loaded com.sun.org.apache.xalan.internal.utils.ObjectFactory from /usr/lib/jvm/java-7-openjdk-amd64/jre/lib/rt.jar]
[Loaded com.sun.org.apache.xalan.internal.utils.SecuritySupport$9 from /usr/lib/jvm/java-7-openjdk-amd64/jre/lib/rt.jar]
[Loaded com.sun.org.apache.xalan.internal.utils.SecuritySupport$1 from /usr/lib/jvm/java-7-openjdk-amd64/jre/lib/rt.jar]
[Loaded com.sun.org.apache.xalan.internal.utils.SecuritySupport$2 from /usr/lib/jvm/java-7-openjdk-amd64/jre/lib/rt.jar]
[Loaded com.sun.org.apache.xalan.internal.utils.SecuritySupport$3 from /usr/lib/jvm/java-7-openjdk-amd64/jre/lib/rt.jar]
[Loaded com.sun.org.apache.xalan.internal.utils.SecuritySupport$7 from /usr/lib/jvm/java-7-openjdk-amd64/jre/lib/rt.jar]
[Loaded com.sun.org.apache.xalan.internal.utils.FeaturePropertyBase from /usr/lib/jvm/java-7-openjdk-amd64/jre/lib/rt.jar]
[Loaded com.sun.org.apache.xalan.internal.utils.FeatureManager from /usr/lib/jvm/java-7-openjdk-amd64/jre/lib/rt.jar]
[Loaded com.sun.org.apache.xalan.internal.utils.FeaturePropertyBase$State from /usr/lib/jvm/java-7-openjdk-amd64/jre/lib/rt.jar]
[Loaded com.sun.org.apache.xalan.internal.utils.FeatureManager$Feature from /usr/lib/jvm/java-7-openjdk-amd64/jre/lib/rt.jar]
[Loaded com.sun.org.apache.xalan.internal.utils.XMLSecurityPropertyManager from /usr/lib/jvm/java-7-openjdk-amd64/jre/lib/rt.jar]
[Loaded com.sun.org.apache.xalan.internal.utils.XMLSecurityPropertyManager$Property from /usr/lib/jvm/java-7-openjdk-amd64/jre/lib/rt.jar]
[Loaded com.sun.org.apache.xalan.internal.utils.XMLSecurityManager from /usr/lib/jvm/java-7-openjdk-amd64/jre/lib/rt.jar]
[Loaded com.sun.org.apache.xalan.internal.utils.XMLSecurityManager$Limit from /usr/lib/jvm/java-7-openjdk-amd64/jre/lib/rt.jar]
[Loaded com.sun.org.apache.xalan.internal.utils.XMLSecurityManager$State from /usr/lib/jvm/java-7-openjdk-amd64/jre/lib/rt.jar]
[Loaded com.sun.org.apache.xalan.internal.utils.XMLSecurityManager$NameMap from /usr/lib/jvm/java-7-openjdk-amd64/jre/lib/rt.jar]
[Loaded javax.xml.parsers.SAXParserFactory from /usr/lib/jvm/java-7-openjdk-amd64/jre/lib/rt.jar]
[Loaded javax.xml.parsers.FactoryFinder from /usr/lib/jvm/java-7-openjdk-amd64/jre/lib/rt.jar]
[Loaded javax.xml.parsers.SecuritySupport from /usr/lib/jvm/java-7-openjdk-amd64/jre/lib/rt.jar]
[Loaded javax.xml.parsers.SecuritySupport$2 from /usr/lib/jvm/java-7-openjdk-amd64/jre/lib/rt.jar]
[Loaded javax.xml.parsers.SecuritySupport$5 from /usr/lib/jvm/java-7-openjdk-amd64/jre/lib/rt.jar]
[Loaded javax.xml.parsers.SecuritySupport$1 from /usr/lib/jvm/java-7-openjdk-amd64/jre/lib/rt.jar]
[Loaded javax.xml.parsers.SecuritySupport$4 from /usr/lib/jvm/java-7-openjdk-amd64/jre/lib/rt.jar]
[Loaded com.sun.org.apache.xerces.internal.jaxp.SAXParserFactoryImpl from /usr/lib/jvm/java-7-openjdk-amd64/jre/lib/rt.jar]
[Loaded com.sun.xml.ws.util.xml.XmlUtil$2 from file:/home/wielants/Downloads/jaxws-ri/lib/jaxws-rt.jar]
[Loaded javax.xml.transform.URIResolver from /usr/lib/jvm/java-7-openjdk-amd64/jre/lib/rt.jar]
[Loaded com.sun.org.apache.xml.internal.resolver.helpers.BootstrapResolver from /usr/lib/jvm/java-7-openjdk-amd64/jre/lib/rt.jar]
[Loaded com.sun.org.apache.xerces.internal.utils.SecuritySupport from /usr/lib/jvm/java-7-openjdk-amd64/jre/lib/rt.jar]
[Loaded com.sun.org.apache.xerces.internal.utils.SecuritySupport$4 from /usr/lib/jvm/java-7-openjdk-amd64/jre/lib/rt.jar]
[Loaded com.sun.org.apache.xml.internal.resolver.helpers.Debug from /usr/lib/jvm/java-7-openjdk-amd64/jre/lib/rt.jar]
[Loaded com.sun.org.apache.xml.internal.resolver.Catalog from /usr/lib/jvm/java-7-openjdk-amd64/jre/lib/rt.jar]
[Loaded com.sun.org.apache.xml.internal.resolver.CatalogEntry from /usr/lib/jvm/java-7-openjdk-amd64/jre/lib/rt.jar]
[Loaded com.sun.org.apache.xml.internal.resolver.readers.CatalogReader from /usr/lib/jvm/java-7-openjdk-amd64/jre/lib/rt.jar]
[Loaded org.xml.sax.DocumentHandler from /usr/lib/jvm/java-7-openjdk-amd64/jre/lib/rt.jar]
[Loaded com.sun.org.apache.xml.internal.resolver.readers.SAXCatalogReader from /usr/lib/jvm/java-7-openjdk-amd64/jre/lib/rt.jar]
[Loaded com.sun.org.apache.xml.internal.resolver.readers.TextCatalogReader from /usr/lib/jvm/java-7-openjdk-amd64/jre/lib/rt.jar]
[Loaded com.sun.org.apache.xml.internal.resolver.readers.TR9401CatalogReader from /usr/lib/jvm/java-7-openjdk-amd64/jre/lib/rt.jar]
[Loaded com.sun.org.apache.xml.internal.resolver.helpers.FileURL from /usr/lib/jvm/java-7-openjdk-amd64/jre/lib/rt.jar]
[Loaded java.net.URI$Parser from /usr/lib/jvm/java-7-openjdk-amd64/jre/lib/rt.jar]
[Loaded com.sun.org.apache.xml.internal.resolver.tools.CatalogResolver from /usr/lib/jvm/java-7-openjdk-amd64/jre/lib/rt.jar]
[Loaded com.sun.xml.ws.api.wsdl.parser.WSDLParserExtension from file:/home/wielants/Downloads/jaxws-ri/lib/jaxws-rt.jar]
[Loaded com.sun.xml.ws.wsdl.parser.RuntimeWSDLParser from file:/home/wielants/Downloads/jaxws-ri/lib/jaxws-rt.jar]
[Loaded com.sun.xml.ws.api.model.wsdl.WSDLModel from file:/home/wielants/Downloads/jaxws-ri/lib/jaxws-rt.jar]
[Loaded com.sun.xml.ws.policy.jaxws.PolicyWSDLParserExtension from file:/home/wielants/Downloads/jaxws-ri/lib/jaxws-rt.jar]
[Loaded com.sun.xml.ws.wsdl.parser.W3CAddressingWSDLParserExtension from file:/home/wielants/Downloads/jaxws-ri/lib/jaxws-rt.jar]
[Loaded com.sun.xml.ws.wsdl.parser.MemberSubmissionAddressingWSDLParserExtension from file:/home/wielants/Downloads/jaxws-ri/lib/jaxws-rt.jar]
[Loaded com.sun.xml.ws.wsdl.parser.W3CAddressingMetadataWSDLParserExtension from file:/home/wielants/Downloads/jaxws-ri/lib/jaxws-rt.jar]
[Loaded com.sun.xml.ws.wsdl.parser.WSDLParserExtensionFacade from file:/home/wielants/Downloads/jaxws-ri/lib/jaxws-rt.jar]
[Loaded com.sun.xml.ws.api.wsdl.parser.WSDLParserExtensionContext from file:/home/wielants/Downloads/jaxws-ri/lib/jaxws-rt.jar]
[Loaded com.sun.xml.ws.api.wsdl.parser.XMLEntityResolver from file:/home/wielants/Downloads/jaxws-ri/lib/jaxws-rt.jar]
[Loaded com.sun.xml.ws.wsdl.parser.InaccessibleWSDLException from file:/home/wielants/Downloads/jaxws-ri/lib/jaxws-rt.jar]
[Loaded javax.xml.stream.XMLStreamConstants from /usr/lib/jvm/java-7-openjdk-amd64/jre/lib/rt.jar]
[Loaded javax.xml.stream.XMLStreamReader from /usr/lib/jvm/java-7-openjdk-amd64/jre/lib/rt.jar]
[Loaded com.sun.xml.ws.wsdl.parser.RuntimeWSDLParser$1 from file:/home/wielants/Downloads/jaxws-ri/lib/jaxws-rt.jar]
[Loaded com.sun.xml.stream.buffer.AbstractCreatorProcessor from file:/home/wielants/Downloads/jaxws-ri/lib/streambuffer.jar]
[Loaded com.sun.xml.stream.buffer.AbstractCreator from file:/home/wielants/Downloads/jaxws-ri/lib/streambuffer.jar]
[Loaded com.sun.xml.stream.buffer.stax.StreamBufferCreator from file:/home/wielants/Downloads/jaxws-ri/lib/streambuffer.jar]
[Loaded com.sun.xml.stream.buffer.stax.StreamReaderBufferCreator from file:/home/wielants/Downloads/jaxws-ri/lib/streambuffer.jar]
[Loaded com.sun.xml.stream.buffer.XMLStreamBuffer from file:/home/wielants/Downloads/jaxws-ri/lib/streambuffer.jar]
[Loaded com.sun.xml.stream.buffer.XMLStreamBufferMark from file:/home/wielants/Downloads/jaxws-ri/lib/streambuffer.jar]
[Loaded com.sun.xml.ws.api.model.wsdl.WSDLBoundPortType from file:/home/wielants/Downloads/jaxws-ri/lib/jaxws-rt.jar]
[Loaded com.sun.xml.ws.api.model.wsdl.WSDLBoundOperation from file:/home/wielants/Downloads/jaxws-ri/lib/jaxws-rt.jar]
[Loaded com.sun.xml.ws.api.model.wsdl.WSDLBoundFault from file:/home/wielants/Downloads/jaxws-ri/lib/jaxws-rt.jar]
[Loaded com.sun.xml.ws.api.model.wsdl.WSDLPortType from file:/home/wielants/Downloads/jaxws-ri/lib/jaxws-rt.jar]
[Loaded com.sun.xml.ws.api.model.wsdl.WSDLOperation from file:/home/wielants/Downloads/jaxws-ri/lib/jaxws-rt.jar]
[Loaded com.sun.xml.ws.api.model.wsdl.WSDLFault from file:/home/wielants/Downloads/jaxws-ri/lib/jaxws-rt.jar]
[Loaded com.sun.xml.ws.api.model.wsdl.WSDLInput from file:/home/wielants/Downloads/jaxws-ri/lib/jaxws-rt.jar]
[Loaded com.sun.xml.ws.api.model.wsdl.WSDLOutput from file:/home/wielants/Downloads/jaxws-ri/lib/jaxws-rt.jar]
[Loaded com.sun.xml.ws.api.model.wsdl.WSDLMessage from file:/home/wielants/Downloads/jaxws-ri/lib/jaxws-rt.jar]
[Loaded com.sun.xml.ws.api.model.wsdl.WSDLPartDescriptor from file:/home/wielants/Downloads/jaxws-ri/lib/jaxws-rt.jar]
[Loaded com.sun.xml.ws.api.policy.PolicyResolverFactory from file:/home/wielants/Downloads/jaxws-ri/lib/jaxws-rt.jar]
[Loaded com.sun.xml.ws.api.policy.PolicyResolver from file:/home/wielants/Downloads/jaxws-ri/lib/jaxws-rt.jar]
[Loaded com.sun.xml.ws.policy.jaxws.DefaultPolicyResolver from file:/home/wielants/Downloads/jaxws-ri/lib/jaxws-rt.jar]
[Loaded com.sun.xml.ws.policy.PolicyException from file:/home/wielants/Downloads/jaxws-ri/lib/policy.jar]
[Loaded com.sun.xml.ws.wsdl.parser.EntityResolverWrapper from file:/home/wielants/Downloads/jaxws-ri/lib/jaxws-rt.jar]
[Loaded com.sun.xml.ws.model.wsdl.AbstractObjectImpl from file:/home/wielants/Downloads/jaxws-ri/lib/jaxws-rt.jar]
[Loaded com.sun.xml.ws.model.wsdl.AbstractExtensibleImpl from file:/home/wielants/Downloads/jaxws-ri/lib/jaxws-rt.jar]
[Loaded com.sun.xml.ws.model.wsdl.WSDLModelImpl from file:/home/wielants/Downloads/jaxws-ri/lib/jaxws-rt.jar]
[Loaded com.sun.xml.ws.wsdl.parser.WSDLParserExtensionContextImpl from file:/home/wielants/Downloads/jaxws-ri/lib/jaxws-rt.jar]
[Loaded com.sun.xml.ws.policy.jaxws.BuilderHandler from file:/home/wielants/Downloads/jaxws-ri/lib/jaxws-rt.jar]
[Loaded com.sun.xml.ws.policy.jaxws.BuilderHandlerServiceScope from file:/home/wielants/Downloads/jaxws-ri/lib/jaxws-rt.jar]
[Loaded com.sun.xml.ws.policy.jaxws.BuilderHandlerEndpointScope from file:/home/wielants/Downloads/jaxws-ri/lib/jaxws-rt.jar]
[Loaded com.sun.xml.ws.policy.jaxws.BuilderHandlerOperationScope from file:/home/wielants/Downloads/jaxws-ri/lib/jaxws-rt.jar]
[Loaded com.sun.xml.ws.policy.jaxws.BuilderHandlerMessageScope from file:/home/wielants/Downloads/jaxws-ri/lib/jaxws-rt.jar]
[Loaded com.sun.istack.logging.Logger from file:/home/wielants/Downloads/jaxws-ri/lib/jaxb-core.jar]
[Loaded com.sun.xml.ws.policy.privateutil.PolicyLogger from file:/home/wielants/Downloads/jaxws-ri/lib/policy.jar]
[Loaded com.sun.xml.ws.util.Constants from file:/home/wielants/Downloads/jaxws-ri/lib/jaxws-rt.jar]
[Loaded com.sun.xml.ws.policy.jaxws.SafePolicyReader from file:/home/wielants/Downloads/jaxws-ri/lib/jaxws-rt.jar]
[Loaded com.sun.xml.ws.policy.jaxws.PolicyMapBuilder from file:/home/wielants/Downloads/jaxws-ri/lib/jaxws-rt.jar]
[Loaded com.sun.xml.ws.wsdl.parser.DelegatingParserExtension from file:/home/wielants/Downloads/jaxws-ri/lib/jaxws-rt.jar]
[Loaded com.sun.xml.ws.wsdl.parser.FoolProofParserExtension from file:/home/wielants/Downloads/jaxws-ri/lib/jaxws-rt.jar]
[Loaded com.sun.xml.ws.developer.MemberSubmissionAddressingFeature from file:/home/wielants/Downloads/jaxws-ri/lib/jaxws-rt.jar]
[Loaded java.util.Vector$1 from /usr/lib/jvm/java-7-openjdk-amd64/jre/lib/rt.jar]
[Loaded com.sun.xml.ws.api.wsdl.parser.XMLEntityResolver$Parser from file:/home/wielants/Downloads/jaxws-ri/lib/jaxws-rt.jar]
[Loaded sun.net.ProgressMonitor from /usr/lib/jvm/java-7-openjdk-amd64/jre/lib/rt.jar]
[Loaded sun.net.ProgressMeteringPolicy from /usr/lib/jvm/java-7-openjdk-amd64/jre/lib/rt.jar]
[Loaded sun.net.DefaultProgressMeteringPolicy from /usr/lib/jvm/java-7-openjdk-amd64/jre/lib/rt.jar]
[Loaded com.sun.xml.ws.api.streaming.XMLStreamReaderFactory$RecycleAware from file:/home/wielants/Downloads/jaxws-ri/lib/jaxws-rt.jar]
[Loaded com.sun.xml.ws.util.xml.XMLStreamReaderFilter from file:/home/wielants/Downloads/jaxws-ri/lib/jaxws-rt.jar]
[Loaded com.sun.xml.ws.streaming.TidyXMLStreamReader from file:/home/wielants/Downloads/jaxws-ri/lib/jaxws-rt.jar]
[Loaded com.sun.xml.ws.api.streaming.XMLStreamReaderFactory from file:/home/wielants/Downloads/jaxws-ri/lib/jaxws-rt.jar]
[Loaded com.sun.xml.ws.api.streaming.XMLStreamReaderFactory$NoLock from file:/home/wielants/Downloads/jaxws-ri/lib/jaxws-rt.jar]
[Loaded com.sun.xml.ws.api.streaming.XMLStreamReaderFactory$Woodstox from file:/home/wielants/Downloads/jaxws-ri/lib/jaxws-rt.jar]
[Loaded com.sun.xml.ws.api.streaming.XMLStreamReaderFactory$Default from file:/home/wielants/Downloads/jaxws-ri/lib/jaxws-rt.jar]
[Loaded com.sun.xml.ws.streaming.XMLReaderException from file:/home/wielants/Downloads/jaxws-ri/lib/jaxws-rt.jar]
[Loaded com.sun.xml.ws.api.streaming.XMLStreamReaderFactory$1 from file:/home/wielants/Downloads/jaxws-ri/lib/jaxws-rt.jar]
[Loaded javax.xml.stream.XMLInputFactory from /usr/lib/jvm/java-7-openjdk-amd64/jre/lib/rt.jar]
[Loaded javax.xml.stream.FactoryFinder from /usr/lib/jvm/java-7-openjdk-amd64/jre/lib/rt.jar]
[Loaded javax.xml.stream.SecuritySupport from /usr/lib/jvm/java-7-openjdk-amd64/jre/lib/rt.jar]
[Loaded javax.xml.stream.SecuritySupport$2 from /usr/lib/jvm/java-7-openjdk-amd64/jre/lib/rt.jar]
[Loaded javax.xml.stream.SecuritySupport$5 from /usr/lib/jvm/java-7-openjdk-amd64/jre/lib/rt.jar]
[Loaded javax.xml.stream.SecuritySupport$1 from /usr/lib/jvm/java-7-openjdk-amd64/jre/lib/rt.jar]
[Loaded javax.xml.stream.SecuritySupport$4 from /usr/lib/jvm/java-7-openjdk-amd64/jre/lib/rt.jar]
[Loaded com.ctc.wstx.sr.ReaderCreator from file:/home/wielants/Downloads/jaxws-ri/lib/woodstox-core-asl.jar]
[Loaded com.ctc.wstx.cfg.InputConfigFlags from file:/home/wielants/Downloads/jaxws-ri/lib/woodstox-core-asl.jar]
[Loaded org.codehaus.stax2.XMLStreamProperties from file:/home/wielants/Downloads/jaxws-ri/lib/stax2-api.jar]
[Loaded org.codehaus.stax2.XMLInputFactory2 from file:/home/wielants/Downloads/jaxws-ri/lib/stax2-api.jar]
[Loaded com.ctc.wstx.stax.WstxInputFactory from file:/home/wielants/Downloads/jaxws-ri/lib/woodstox-core-asl.jar]
[Loaded javax.xml.stream.util.XMLEventAllocator from /usr/lib/jvm/java-7-openjdk-amd64/jre/lib/rt.jar]
[Loaded com.ctc.wstx.exc.WstxException from file:/home/wielants/Downloads/jaxws-ri/lib/woodstox-core-asl.jar]
[Loaded com.ctc.wstx.exc.WstxIOException from file:/home/wielants/Downloads/jaxws-ri/lib/woodstox-core-asl.jar]
[Loaded com.ctc.wstx.io.InputBootstrapper from file:/home/wielants/Downloads/jaxws-ri/lib/woodstox-core-asl.jar]
[Loaded com.ctc.wstx.io.StreamBootstrapper from file:/home/wielants/Downloads/jaxws-ri/lib/woodstox-core-asl.jar]
[Loaded com.ctc.wstx.io.ReaderBootstrapper from file:/home/wielants/Downloads/jaxws-ri/lib/woodstox-core-asl.jar]
[Loaded org.codehaus.stax2.io.Stax2Source from file:/home/wielants/Downloads/jaxws-ri/lib/stax2-api.jar]
[Loaded org.codehaus.stax2.typed.TypedXMLStreamReader from file:/home/wielants/Downloads/jaxws-ri/lib/stax2-api.jar]
[Loaded org.codehaus.stax2.validation.Validatable from file:/home/wielants/Downloads/jaxws-ri/lib/stax2-api.jar]
[Loaded org.codehaus.stax2.XMLStreamReader2 from file:/home/wielants/Downloads/jaxws-ri/lib/stax2-api.jar]
[Loaded javax.xml.stream.XMLEventReader from /usr/lib/jvm/java-7-openjdk-amd64/jre/lib/rt.jar]
[Loaded org.codehaus.stax2.XMLEventReader2 from file:/home/wielants/Downloads/jaxws-ri/lib/stax2-api.jar]
[Loaded com.ctc.wstx.util.DefaultXmlSymbolTable from file:/home/wielants/Downloads/jaxws-ri/lib/woodstox-core-asl.jar]
[Loaded com.ctc.wstx.util.SymbolTable from file:/home/wielants/Downloads/jaxws-ri/lib/woodstox-core-asl.jar]
[Loaded com.ctc.wstx.util.SymbolTable$Bucket from file:/home/wielants/Downloads/jaxws-ri/lib/woodstox-core-asl.jar]
[Loaded com.ctc.wstx.api.CommonConfig from file:/home/wielants/Downloads/jaxws-ri/lib/woodstox-core-asl.jar]
[Loaded com.ctc.wstx.api.ReaderConfig from file:/home/wielants/Downloads/jaxws-ri/lib/woodstox-core-asl.jar]
[Loaded com.ctc.wstx.util.DataUtil from file:/home/wielants/Downloads/jaxws-ri/lib/woodstox-core-asl.jar]
[Loaded com.ctc.wstx.api.WstxInputProperties from file:/home/wielants/Downloads/jaxws-ri/lib/woodstox-core-asl.jar]
[Loaded com.ctc.wstx.api.WstxInputProperties$ParsingMode from file:/home/wielants/Downloads/jaxws-ri/lib/woodstox-core-asl.jar]
[Loaded com.ctc.wstx.util.ArgUtil from file:/home/wielants/Downloads/jaxws-ri/lib/woodstox-core-asl.jar]
[Loaded java.lang.NumberFormatException from /usr/lib/jvm/java-7-openjdk-amd64/jre/lib/rt.jar]
[Loaded com.sun.xml.ws.api.streaming.XMLStreamReaderFactory$Zephyr from file:/home/wielants/Downloads/jaxws-ri/lib/jaxws-rt.jar]
[Loaded java.io.StringReader from /usr/lib/jvm/java-7-openjdk-amd64/jre/lib/rt.jar]
[Loaded com.ctc.wstx.exc.WstxParsingException from file:/home/wielants/Downloads/jaxws-ri/lib/woodstox-core-asl.jar]
[Loaded com.ctc.wstx.exc.WstxUnexpectedCharException from file:/home/wielants/Downloads/jaxws-ri/lib/woodstox-core-asl.jar]
[Loaded com.ctc.wstx.exc.WstxEOFException from file:/home/wielants/Downloads/jaxws-ri/lib/woodstox-core-asl.jar]
[Loaded com.ctc.wstx.io.MergedReader from file:/home/wielants/Downloads/jaxws-ri/lib/woodstox-core-asl.jar]
[Loaded javax.xml.stream.Location from /usr/lib/jvm/java-7-openjdk-amd64/jre/lib/rt.jar]
[Loaded com.ctc.wstx.io.InputSourceFactory from file:/home/wielants/Downloads/jaxws-ri/lib/woodstox-core-asl.jar]
[Loaded com.ctc.wstx.io.WstxInputSource from file:/home/wielants/Downloads/jaxws-ri/lib/woodstox-core-asl.jar]
[Loaded com.ctc.wstx.io.BaseInputSource from file:/home/wielants/Downloads/jaxws-ri/lib/woodstox-core-asl.jar]
[Loaded com.ctc.wstx.io.CharArraySource from file:/home/wielants/Downloads/jaxws-ri/lib/woodstox-core-asl.jar]
[Loaded com.ctc.wstx.io.ReaderSource from file:/home/wielants/Downloads/jaxws-ri/lib/woodstox-core-asl.jar]
[Loaded com.ctc.wstx.io.BranchingReaderSource from file:/home/wielants/Downloads/jaxws-ri/lib/woodstox-core-asl.jar]
[Loaded com.ctc.wstx.sr.StreamReaderImpl from file:/home/wielants/Downloads/jaxws-ri/lib/woodstox-core-asl.jar]
[Loaded org.codehaus.stax2.DTDInfo from file:/home/wielants/Downloads/jaxws-ri/lib/stax2-api.jar]
[Loaded org.codehaus.stax2.LocationInfo from file:/home/wielants/Downloads/jaxws-ri/lib/stax2-api.jar]
[Loaded com.ctc.wstx.sr.InputProblemReporter from file:/home/wielants/Downloads/jaxws-ri/lib/woodstox-core-asl.jar]
[Loaded com.ctc.wstx.cfg.ParsingErrorMsgs from file:/home/wielants/Downloads/jaxws-ri/lib/woodstox-core-asl.jar]
[Loaded com.ctc.wstx.io.WstxInputData from file:/home/wielants/Downloads/jaxws-ri/lib/woodstox-core-asl.jar]
[Loaded com.ctc.wstx.sr.StreamScanner from file:/home/wielants/Downloads/jaxws-ri/lib/woodstox-core-asl.jar]
[Loaded com.ctc.wstx.sr.BasicStreamReader from file:/home/wielants/Downloads/jaxws-ri/lib/woodstox-core-asl.jar]
[Loaded com.ctc.wstx.sr.TypedStreamReader from file:/home/wielants/Downloads/jaxws-ri/lib/woodstox-core-asl.jar]
[Loaded com.ctc.wstx.sr.ValidatingStreamReader from file:/home/wielants/Downloads/jaxws-ri/lib/woodstox-core-asl.jar]
[Loaded javax.xml.stream.events.XMLEvent from /usr/lib/jvm/java-7-openjdk-amd64/jre/lib/rt.jar]
[Loaded javax.xml.stream.events.EntityDeclaration from /usr/lib/jvm/java-7-openjdk-amd64/jre/lib/rt.jar]
[Loaded org.codehaus.stax2.evt.XMLEvent2 from file:/home/wielants/Downloads/jaxws-ri/lib/stax2-api.jar]
[Loaded org.codehaus.stax2.ri.evt.BaseEventImpl from file:/home/wielants/Downloads/jaxws-ri/lib/stax2-api.jar]
[Loaded com.ctc.wstx.evt.WEntityDeclaration from file:/home/wielants/Downloads/jaxws-ri/lib/woodstox-core-asl.jar]
[Loaded com.ctc.wstx.ent.EntityDecl from file:/home/wielants/Downloads/jaxws-ri/lib/woodstox-core-asl.jar]
[Loaded com.ctc.wstx.ent.IntEntity from file:/home/wielants/Downloads/jaxws-ri/lib/woodstox-core-asl.jar]
[Loaded org.codehaus.stax2.XMLStreamLocation2 from file:/home/wielants/Downloads/jaxws-ri/lib/stax2-api.jar]
[Loaded org.codehaus.stax2.validation.XMLValidationException from file:/home/wielants/Downloads/jaxws-ri/lib/stax2-api.jar]
[Loaded com.ctc.wstx.exc.WstxValidationException from file:/home/wielants/Downloads/jaxws-ri/lib/woodstox-core-asl.jar]
[Loaded org.codehaus.stax2.typed.TypedXMLStreamException from file:/home/wielants/Downloads/jaxws-ri/lib/stax2-api.jar]
[Loaded org.codehaus.stax2.AttributeInfo from file:/home/wielants/Downloads/jaxws-ri/lib/stax2-api.jar]
[Loaded org.codehaus.stax2.typed.TypedArrayDecoder from file:/home/wielants/Downloads/jaxws-ri/lib/stax2-api.jar]
[Loaded org.codehaus.stax2.ri.typed.ValueDecoderFactory$BaseArrayDecoder from file:/home/wielants/Downloads/jaxws-ri/lib/stax2-api.jar]
[Loaded org.codehaus.stax2.ri.typed.ValueDecoderFactory$DoubleArrayDecoder from file:/home/wielants/Downloads/jaxws-ri/lib/stax2-api.jar]
[Loaded org.codehaus.stax2.ri.typed.ValueDecoderFactory$FloatArrayDecoder from file:/home/wielants/Downloads/jaxws-ri/lib/stax2-api.jar]
[Loaded org.codehaus.stax2.ri.typed.ValueDecoderFactory$LongArrayDecoder from file:/home/wielants/Downloads/jaxws-ri/lib/stax2-api.jar]
[Loaded org.codehaus.stax2.ri.typed.ValueDecoderFactory$IntArrayDecoder from file:/home/wielants/Downloads/jaxws-ri/lib/stax2-api.jar]
[Loaded org.codehaus.stax2.typed.TypedValueDecoder from file:/home/wielants/Downloads/jaxws-ri/lib/stax2-api.jar]
[Loaded org.codehaus.stax2.ri.typed.ValueDecoderFactory$DecoderBase from file:/home/wielants/Downloads/jaxws-ri/lib/stax2-api.jar]
[Loaded org.codehaus.stax2.ri.typed.ValueDecoderFactory$QNameDecoder from file:/home/wielants/Downloads/jaxws-ri/lib/stax2-api.jar]
[Loaded org.codehaus.stax2.ri.typed.ValueDecoderFactory$DecimalDecoder from file:/home/wielants/Downloads/jaxws-ri/lib/stax2-api.jar]
[Loaded org.codehaus.stax2.ri.typed.ValueDecoderFactory$IntegerDecoder from file:/home/wielants/Downloads/jaxws-ri/lib/stax2-api.jar]
[Loaded org.codehaus.stax2.ri.typed.ValueDecoderFactory$DoubleDecoder from file:/home/wielants/Downloads/jaxws-ri/lib/stax2-api.jar]
[Loaded org.codehaus.stax2.ri.typed.ValueDecoderFactory$FloatDecoder from file:/home/wielants/Downloads/jaxws-ri/lib/stax2-api.jar]
[Loaded org.codehaus.stax2.ri.typed.ValueDecoderFactory$LongDecoder from file:/home/wielants/Downloads/jaxws-ri/lib/stax2-api.jar]
[Loaded org.codehaus.stax2.ri.typed.ValueDecoderFactory$IntDecoder from file:/home/wielants/Downloads/jaxws-ri/lib/stax2-api.jar]
[Loaded org.codehaus.stax2.ri.typed.ValueDecoderFactory$BooleanDecoder from file:/home/wielants/Downloads/jaxws-ri/lib/stax2-api.jar]
[Loaded org.codehaus.stax2.validation.XMLValidationSchema from file:/home/wielants/Downloads/jaxws-ri/lib/stax2-api.jar]
[Loaded org.codehaus.stax2.validation.DTDValidationSchema from file:/home/wielants/Downloads/jaxws-ri/lib/stax2-api.jar]
[Loaded org.codehaus.stax2.validation.ValidationContext from file:/home/wielants/Downloads/jaxws-ri/lib/stax2-api.jar]
[Loaded com.ctc.wstx.sr.NsDefaultProvider from file:/home/wielants/Downloads/jaxws-ri/lib/woodstox-core-asl.jar]
[Loaded com.ctc.wstx.sr.InputElementStack from file:/home/wielants/Downloads/jaxws-ri/lib/woodstox-core-asl.jar]
[Loaded com.ctc.wstx.util.BaseNsContext from file:/home/wielants/Downloads/jaxws-ri/lib/woodstox-core-asl.jar]
[Loaded com.ctc.wstx.util.EmptyNamespaceContext from file:/home/wielants/Downloads/jaxws-ri/lib/woodstox-core-asl.jar]
[Loaded com.ctc.wstx.sr.CompactNsContext from file:/home/wielants/Downloads/jaxws-ri/lib/woodstox-core-asl.jar]
[Loaded org.codehaus.stax2.validation.XMLValidator from file:/home/wielants/Downloads/jaxws-ri/lib/stax2-api.jar]
[Loaded org.codehaus.stax2.validation.ValidatorPair from file:/home/wielants/Downloads/jaxws-ri/lib/stax2-api.jar]
[Loaded org.codehaus.stax2.ri.EmptyIterator from file:/home/wielants/Downloads/jaxws-ri/lib/stax2-api.jar]
[Loaded com.ctc.wstx.util.StringVector from file:/home/wielants/Downloads/jaxws-ri/lib/woodstox-core-asl.jar]
[Loaded com.ctc.wstx.sr.AttributeCollector from file:/home/wielants/Downloads/jaxws-ri/lib/woodstox-core-asl.jar]
[Loaded com.ctc.wstx.util.InternCache from file:/home/wielants/Downloads/jaxws-ri/lib/woodstox-core-asl.jar]
[Loaded com.ctc.wstx.util.TextBuilder from file:/home/wielants/Downloads/jaxws-ri/lib/woodstox-core-asl.jar]
[Loaded com.ctc.wstx.util.TextBuffer from file:/home/wielants/Downloads/jaxws-ri/lib/woodstox-core-asl.jar]
[Loaded java.io.CharArrayReader from /usr/lib/jvm/java-7-openjdk-amd64/jre/lib/rt.jar]
[Loaded com.ctc.wstx.util.TextBuffer$BufferReader from file:/home/wielants/Downloads/jaxws-ri/lib/woodstox-core-asl.jar]
[Loaded java.io.CharConversionException from /usr/lib/jvm/java-7-openjdk-amd64/jre/lib/rt.jar]
[Loaded com.ctc.wstx.io.BaseReader from file:/home/wielants/Downloads/jaxws-ri/lib/woodstox-core-asl.jar]
[Loaded com.ctc.wstx.io.UTF8Reader from file:/home/wielants/Downloads/jaxws-ri/lib/woodstox-core-asl.jar]
[Loaded com.ctc.wstx.io.ISOLatinReader from file:/home/wielants/Downloads/jaxws-ri/lib/woodstox-core-asl.jar]
[Loaded com.ctc.wstx.io.AsciiReader from file:/home/wielants/Downloads/jaxws-ri/lib/woodstox-core-asl.jar]
[Loaded com.ctc.wstx.io.UTF32Reader from file:/home/wielants/Downloads/jaxws-ri/lib/woodstox-core-asl.jar]
[Loaded com.ctc.wstx.io.MergedStream from file:/home/wielants/Downloads/jaxws-ri/lib/woodstox-core-asl.jar]
[Loaded com.ctc.wstx.util.URLUtil from file:/home/wielants/Downloads/jaxws-ri/lib/woodstox-core-asl.jar]
[Loaded com.ctc.wstx.io.CharsetNames from file:/home/wielants/Downloads/jaxws-ri/lib/woodstox-core-asl.jar]
[Loaded com.ctc.wstx.util.StringUtil from file:/home/wielants/Downloads/jaxws-ri/lib/woodstox-core-asl.jar]
[Loaded com.sun.xml.ws.streaming.XMLStreamReaderUtil from file:/home/wielants/Downloads/jaxws-ri/lib/jaxws-rt.jar]
[Loaded com.sun.xml.ws.streaming.XMLStreamReaderException from file:/home/wielants/Downloads/jaxws-ri/lib/jaxws-rt.jar]
[Loaded com.sun.xml.ws.streaming.Attributes from file:/home/wielants/Downloads/jaxws-ri/lib/jaxws-rt.jar]
[Loaded com.ctc.wstx.sr.Element from file:/home/wielants/Downloads/jaxws-ri/lib/woodstox-core-asl.jar]
[Loaded com.ctc.wstx.sr.Attribute from file:/home/wielants/Downloads/jaxws-ri/lib/woodstox-core-asl.jar]
[Loaded com.ctc.wstx.compat.QNameCreator from file:/home/wielants/Downloads/jaxws-ri/lib/woodstox-core-asl.jar]
[Loaded com.ctc.wstx.compat.QNameCreator$Helper from file:/home/wielants/Downloads/jaxws-ri/lib/woodstox-core-asl.jar]
[Loaded com.sun.xml.ws.wsdl.parser.WSDLConstants from file:/home/wielants/Downloads/jaxws-ri/lib/jaxws-rt.jar]
[Loaded com.sun.xml.ws.wsdl.parser.ParserUtil from file:/home/wielants/Downloads/jaxws-ri/lib/jaxws-rt.jar]
[Loaded com.sun.xml.ws.policy.sourcemodel.wspolicy.NamespaceVersion from file:/home/wielants/Downloads/jaxws-ri/lib/policy.jar]
[Loaded com.sun.xml.ws.policy.sourcemodel.wspolicy.XmlToken from file:/home/wielants/Downloads/jaxws-ri/lib/policy.jar]
[Loaded com.sun.xml.ws.model.wsdl.WSDLMessageImpl from file:/home/wielants/Downloads/jaxws-ri/lib/jaxws-rt.jar]
[Loaded com.ctc.wstx.io.WstxInputLocation from file:/home/wielants/Downloads/jaxws-ri/lib/woodstox-core-asl.jar]
[Loaded com.sun.xml.ws.api.model.wsdl.WSDLDescriptorKind from file:/home/wielants/Downloads/jaxws-ri/lib/jaxws-rt.jar]
[Loaded com.sun.xml.ws.api.model.wsdl.WSDLPart from file:/home/wielants/Downloads/jaxws-ri/lib/jaxws-rt.jar]
[Loaded com.sun.xml.ws.model.wsdl.WSDLPartImpl from file:/home/wielants/Downloads/jaxws-ri/lib/jaxws-rt.jar]
[Loaded com.sun.xml.ws.model.wsdl.WSDLPartDescriptorImpl from file:/home/wielants/Downloads/jaxws-ri/lib/jaxws-rt.jar]
[Loaded com.sun.xml.ws.api.model.ParameterBinding from file:/home/wielants/Downloads/jaxws-ri/lib/jaxws-rt.jar]
[Loaded com.sun.xml.ws.api.model.ParameterBinding$Kind from file:/home/wielants/Downloads/jaxws-ri/lib/jaxws-rt.jar]
[Loaded com.sun.xml.ws.model.wsdl.WSDLPortTypeImpl from file:/home/wielants/Downloads/jaxws-ri/lib/jaxws-rt.jar]
[Loaded com.sun.xml.ws.model.wsdl.WSDLOperationImpl from file:/home/wielants/Downloads/jaxws-ri/lib/jaxws-rt.jar]
[Loaded com.sun.xml.ws.util.QNameMap from file:/home/wielants/Downloads/jaxws-ri/lib/jaxws-rt.jar]
[Loaded com.sun.xml.ws.util.QNameMap$Entry from file:/home/wielants/Downloads/jaxws-ri/lib/jaxws-rt.jar]
[Loaded com.sun.xml.ws.util.QNameMap$1 from file:/home/wielants/Downloads/jaxws-ri/lib/jaxws-rt.jar]
[Loaded com.sun.xml.ws.model.wsdl.WSDLInputImpl from file:/home/wielants/Downloads/jaxws-ri/lib/jaxws-rt.jar]
[Loaded com.sun.xml.ws.api.addressing.AddressingVersion from file:/home/wielants/Downloads/jaxws-ri/lib/jaxws-rt.jar]
[Loaded com.sun.xml.ws.api.addressing.AddressingVersion$1 from file:/home/wielants/Downloads/jaxws-ri/lib/jaxws-rt.jar]
[Loaded com.sun.xml.ws.api.addressing.AddressingVersion$2 from file:/home/wielants/Downloads/jaxws-ri/lib/jaxws-rt.jar]
[Loaded com.sun.xml.ws.api.message.Header from file:/home/wielants/Downloads/jaxws-ri/lib/jaxws-rt.jar]
[Loaded com.sun.xml.ws.addressing.WsaTubeHelper from file:/home/wielants/Downloads/jaxws-ri/lib/jaxws-rt.jar]
[Loaded com.sun.xml.ws.addressing.WsaTubeHelperImpl from file:/home/wielants/Downloads/jaxws-ri/lib/jaxws-rt.jar]
[Loaded com.sun.xml.ws.api.addressing.AddressingVersion$EPR from file:/home/wielants/Downloads/jaxws-ri/lib/jaxws-rt.jar]
[Loaded com.sun.xml.ws.api.model.wsdl.WSDLExtension from file:/home/wielants/Downloads/jaxws-ri/lib/jaxws-rt.jar]
[Loaded com.sun.xml.ws.api.addressing.WSEndpointReference from file:/home/wielants/Downloads/jaxws-ri/lib/jaxws-rt.jar]
[Loaded com.sun.xml.stream.buffer.MutableXMLStreamBuffer from file:/home/wielants/Downloads/jaxws-ri/lib/streambuffer.jar]
[Loaded java.io.StringWriter from /usr/lib/jvm/java-7-openjdk-amd64/jre/lib/rt.jar]
[Loaded com.sun.xml.ws.addressing.model.InvalidAddressingHeaderException from file:/home/wielants/Downloads/jaxws-ri/lib/jaxws-rt.jar]
[Loaded javax.xml.stream.XMLStreamWriter from /usr/lib/jvm/java-7-openjdk-amd64/jre/lib/rt.jar]
[Loaded org.xml.sax.XMLReader from /usr/lib/jvm/java-7-openjdk-amd64/jre/lib/rt.jar]
[Loaded org.xml.sax.XMLFilter from /usr/lib/jvm/java-7-openjdk-amd64/jre/lib/rt.jar]
[Loaded org.xml.sax.DTDHandler from /usr/lib/jvm/java-7-openjdk-amd64/jre/lib/rt.jar]
[Loaded org.xml.sax.helpers.XMLFilterImpl from /usr/lib/jvm/java-7-openjdk-amd64/jre/lib/rt.jar]
[Loaded com.sun.xml.ws.api.addressing.WSEndpointReference$1 from file:/home/wielants/Downloads/jaxws-ri/lib/jaxws-rt.jar]
[Loaded com.sun.xml.ws.message.AbstractHeaderImpl from file:/home/wielants/Downloads/jaxws-ri/lib/jaxws-rt.jar]
[Loaded com.sun.xml.ws.api.addressing.OutboundReferenceParameterHeader from file:/home/wielants/Downloads/jaxws-ri/lib/jaxws-rt.jar]
[Loaded com.sun.xml.stream.buffer.XMLStreamBufferException from file:/home/wielants/Downloads/jaxws-ri/lib/streambuffer.jar]
[Loaded com.sun.xml.stream.buffer.FragmentedArray from file:/home/wielants/Downloads/jaxws-ri/lib/streambuffer.jar]
[Loaded org.jvnet.staxex.XMLStreamReaderEx from file:/home/wielants/Downloads/jaxws-ri/lib/stax-ex.jar]
[Loaded com.ctc.wstx.io.BufferRecycler from file:/home/wielants/Downloads/jaxws-ri/lib/woodstox-core-asl.jar]
[Loaded com.sun.xml.stream.buffer.AbstractProcessor from file:/home/wielants/Downloads/jaxws-ri/lib/streambuffer.jar]
[Loaded com.sun.xml.stream.buffer.stax.StreamReaderBufferProcessor from file:/home/wielants/Downloads/jaxws-ri/lib/streambuffer.jar]
[Loaded org.jvnet.staxex.NamespaceContextEx from file:/home/wielants/Downloads/jaxws-ri/lib/stax-ex.jar]
[Loaded com.sun.xml.stream.buffer.stax.StreamReaderBufferProcessor$ElementStackEntry from file:/home/wielants/Downloads/jaxws-ri/lib/streambuffer.jar]
[Loaded com.sun.xml.stream.buffer.stax.StreamReaderBufferProcessor$InternalNamespaceContext from file:/home/wielants/Downloads/jaxws-ri/lib/streambuffer.jar]
[Loaded org.xml.sax.Attributes from /usr/lib/jvm/java-7-openjdk-amd64/jre/lib/rt.jar]
[Loaded com.sun.xml.stream.buffer.AttributesHolder from file:/home/wielants/Downloads/jaxws-ri/lib/streambuffer.jar]
[Loaded com.sun.xml.ws.addressing.v200408.WsaTubeHelperImpl from file:/home/wielants/Downloads/jaxws-ri/lib/jaxws-rt.jar]
[Loaded com.sun.xml.ws.model.wsdl.WSDLOutputImpl from file:/home/wielants/Downloads/jaxws-ri/lib/jaxws-rt.jar]
[Loaded com.sun.xml.ws.model.wsdl.AbstractFeaturedObjectImpl from file:/home/wielants/Downloads/jaxws-ri/lib/jaxws-rt.jar]
[Loaded com.sun.xml.ws.model.wsdl.WSDLBoundPortTypeImpl from file:/home/wielants/Downloads/jaxws-ri/lib/jaxws-rt.jar]
[Loaded com.sun.xml.ws.util.exception.LocatableWebServiceException from file:/home/wielants/Downloads/jaxws-ri/lib/jaxws-rt.jar]
[Loaded javax.jws.soap.SOAPBinding$Style from /usr/lib/jvm/java-7-openjdk-amd64/jre/lib/rt.jar]
[Loaded com.sun.xml.ws.api.SOAPVersion from file:/home/wielants/Downloads/jaxws-ri/lib/jaxws-rt.jar]
[Loaded javax.xml.soap.SOAPException from /usr/lib/jvm/java-7-openjdk-amd64/jre/lib/rt.jar]
[Loaded java.util.Collections$SingletonSet from /usr/lib/jvm/java-7-openjdk-amd64/jre/lib/rt.jar]
[Loaded javax.xml.soap.MessageFactory from /usr/lib/jvm/java-7-openjdk-amd64/jre/lib/rt.jar]
[Loaded javax.xml.soap.SAAJMetaFactory from /usr/lib/jvm/java-7-openjdk-amd64/jre/lib/rt.jar]
[Loaded javax.xml.soap.FactoryFinder from /usr/lib/jvm/java-7-openjdk-amd64/jre/lib/rt.jar]
[Loaded com.sun.xml.messaging.saaj.soap.SAAJMetaFactoryImpl from file:/home/wielants/Downloads/jaxws-ri/lib/saaj-impl.jar]
[Loaded javax.xml.soap.SOAPFactory from /usr/lib/jvm/java-7-openjdk-amd64/jre/lib/rt.jar]
[Loaded com.sun.xml.messaging.saaj.soap.SOAPFactoryImpl from file:/home/wielants/Downloads/jaxws-ri/lib/saaj-impl.jar]
[Loaded com.sun.xml.messaging.saaj.soap.ver1_1.SOAPFactory1_1Impl from file:/home/wielants/Downloads/jaxws-ri/lib/saaj-impl.jar]
[Loaded com.sun.xml.messaging.saaj.soap.ver1_2.SOAPFactory1_2Impl from file:/home/wielants/Downloads/jaxws-ri/lib/saaj-impl.jar]
[Loaded com.sun.xml.messaging.saaj.soap.dynamic.SOAPFactoryDynamicImpl from file:/home/wielants/Downloads/jaxws-ri/lib/saaj-impl.jar]
[Loaded com.sun.xml.messaging.saaj.soap.MessageFactoryImpl from file:/home/wielants/Downloads/jaxws-ri/lib/saaj-impl.jar]
[Loaded com.sun.xml.messaging.saaj.soap.ver1_1.SOAPMessageFactory1_1Impl from file:/home/wielants/Downloads/jaxws-ri/lib/saaj-impl.jar]
[Loaded com.sun.xml.messaging.saaj.soap.ver1_2.SOAPMessageFactory1_2Impl from file:/home/wielants/Downloads/jaxws-ri/lib/saaj-impl.jar]
[Loaded com.sun.xml.messaging.saaj.soap.dynamic.SOAPMessageFactoryDynamicImpl from file:/home/wielants/Downloads/jaxws-ri/lib/saaj-impl.jar]
[Loaded java.util.ResourceBundle from /usr/lib/jvm/java-7-openjdk-amd64/jre/lib/rt.jar]
[Loaded java.util.ResourceBundle$1 from /usr/lib/jvm/java-7-openjdk-amd64/jre/lib/rt.jar]
[Loaded java.util.ResourceBundle$Control from /usr/lib/jvm/java-7-openjdk-amd64/jre/lib/rt.jar]
[Loaded java.util.ResourceBundle$Control$CandidateListCache from /usr/lib/jvm/java-7-openjdk-amd64/jre/lib/rt.jar]
[Loaded java.util.ResourceBundle$CacheKey from /usr/lib/jvm/java-7-openjdk-amd64/jre/lib/rt.jar]
[Loaded java.util.ResourceBundle$CacheKeyReference from /usr/lib/jvm/java-7-openjdk-amd64/jre/lib/rt.jar]
[Loaded java.util.ResourceBundle$LoaderReference from /usr/lib/jvm/java-7-openjdk-amd64/jre/lib/rt.jar]
[Loaded java.util.LinkedList$Node from /usr/lib/jvm/java-7-openjdk-amd64/jre/lib/rt.jar]
[Loaded java.util.ResourceBundle$Control$1 from /usr/lib/jvm/java-7-openjdk-amd64/jre/lib/rt.jar]
[Loaded java.util.PropertyResourceBundle from /usr/lib/jvm/java-7-openjdk-amd64/jre/lib/rt.jar]
[Loaded java.util.ResourceBundle$BundleReference from /usr/lib/jvm/java-7-openjdk-amd64/jre/lib/rt.jar]
[Loaded com.sun.xml.messaging.saaj.packaging.mime.MessagingException from file:/home/wielants/Downloads/jaxws-ri/lib/saaj-impl.jar]
[Loaded com.sun.xml.messaging.saaj.packaging.mime.internet.ParseException from file:/home/wielants/Downloads/jaxws-ri/lib/saaj-impl.jar]
[Loaded com.sun.xml.messaging.saaj.util.TeeInputStream from file:/home/wielants/Downloads/jaxws-ri/lib/saaj-impl.jar]
[Loaded javax.xml.soap.SOAPMessage from /usr/lib/jvm/java-7-openjdk-amd64/jre/lib/rt.jar]
[Loaded javax.xml.soap.SOAPConstants from /usr/lib/jvm/java-7-openjdk-amd64/jre/lib/rt.jar]
[Loaded com.sun.xml.messaging.saaj.soap.MessageImpl from file:/home/wielants/Downloads/jaxws-ri/lib/saaj-impl.jar]
[Loaded com.sun.xml.messaging.saaj.soap.ver1_1.Message1_1Impl from file:/home/wielants/Downloads/jaxws-ri/lib/saaj-impl.jar]
[Loaded com.sun.xml.messaging.saaj.soap.ver1_2.Message1_2Impl from file:/home/wielants/Downloads/jaxws-ri/lib/saaj-impl.jar]
[Loaded com.sun.xml.messaging.saaj.SOAPExceptionImpl from file:/home/wielants/Downloads/jaxws-ri/lib/saaj-impl.jar]
[Loaded javax.xml.soap.Name from /usr/lib/jvm/java-7-openjdk-amd64/jre/lib/rt.jar]
[Loaded javax.xml.soap.Node from /usr/lib/jvm/java-7-openjdk-amd64/jre/lib/rt.jar]
[Loaded javax.xml.soap.SOAPElement from /usr/lib/jvm/java-7-openjdk-amd64/jre/lib/rt.jar]
[Loaded javax.xml.soap.SOAPBodyElement from /usr/lib/jvm/java-7-openjdk-amd64/jre/lib/rt.jar]
[Loaded javax.xml.soap.SOAPFault from /usr/lib/jvm/java-7-openjdk-amd64/jre/lib/rt.jar]
[Loaded javax.xml.soap.SOAPFaultElement from /usr/lib/jvm/java-7-openjdk-amd64/jre/lib/rt.jar]
[Loaded javax.xml.soap.Detail from /usr/lib/jvm/java-7-openjdk-amd64/jre/lib/rt.jar]
[Loaded com.sun.xml.ws.api.BindingID$1 from file:/home/wielants/Downloads/jaxws-ri/lib/jaxws-rt.jar]
[Loaded com.sun.xml.ws.api.BindingID$2 from file:/home/wielants/Downloads/jaxws-ri/lib/jaxws-rt.jar]
[Loaded com.sun.xml.ws.api.pipe.Codec from file:/home/wielants/Downloads/jaxws-ri/lib/jaxws-rt.jar]
[Loaded com.sun.xml.ws.model.wsdl.WSDLBoundOperationImpl from file:/home/wielants/Downloads/jaxws-ri/lib/jaxws-rt.jar]
[Loaded com.sun.xml.ws.wsdl.parser.SOAPConstants from file:/home/wielants/Downloads/jaxws-ri/lib/jaxws-rt.jar]
[Loaded com.sun.xml.ws.wsdl.parser.RuntimeWSDLParser$BindingMode from file:/home/wielants/Downloads/jaxws-ri/lib/jaxws-rt.jar]
[Loaded com.sun.xml.ws.model.wsdl.WSDLServiceImpl from file:/home/wielants/Downloads/jaxws-ri/lib/jaxws-rt.jar]
[Loaded com.sun.xml.ws.model.wsdl.WSDLPortImpl from file:/home/wielants/Downloads/jaxws-ri/lib/jaxws-rt.jar]
[Loaded com.sun.xml.ws.api.EndpointAddress from file:/home/wielants/Downloads/jaxws-ri/lib/jaxws-rt.jar]
[Loaded sun.net.www.protocol.http.Handler from /usr/lib/jvm/java-7-openjdk-amd64/jre/lib/rt.jar]
[Loaded com.sun.xml.ws.api.EndpointAddress$1 from file:/home/wielants/Downloads/jaxws-ri/lib/jaxws-rt.jar]
[Loaded java.net.ProxySelector from /usr/lib/jvm/java-7-openjdk-amd64/jre/lib/rt.jar]
[Loaded sun.net.spi.DefaultProxySelector from /usr/lib/jvm/java-7-openjdk-amd64/jre/lib/rt.jar]
[Loaded sun.net.spi.DefaultProxySelector$1 from /usr/lib/jvm/java-7-openjdk-amd64/jre/lib/rt.jar]
[Loaded sun.net.NetProperties from /usr/lib/jvm/java-7-openjdk-amd64/jre/lib/rt.jar]
[Loaded sun.net.NetProperties$1 from /usr/lib/jvm/java-7-openjdk-amd64/jre/lib/rt.jar]
[Loaded sun.net.spi.DefaultProxySelector$NonProxyInfo from /usr/lib/jvm/java-7-openjdk-amd64/jre/lib/rt.jar]
[Loaded sun.net.spi.DefaultProxySelector$2 from /usr/lib/jvm/java-7-openjdk-amd64/jre/lib/rt.jar]
[Loaded java.net.Proxy from /usr/lib/jvm/java-7-openjdk-amd64/jre/lib/rt.jar]
[Loaded java.net.Proxy$Type from /usr/lib/jvm/java-7-openjdk-amd64/jre/lib/rt.jar]
[Loaded java.util.Hashtable$ValueCollection from /usr/lib/jvm/java-7-openjdk-amd64/jre/lib/rt.jar]
[Loaded com.sun.xml.ws.util.QNameMap$HashIterator from file:/home/wielants/Downloads/jaxws-ri/lib/jaxws-rt.jar]
[Loaded com.sun.xml.ws.util.QNameMap$ValueIterator from file:/home/wielants/Downloads/jaxws-ri/lib/jaxws-rt.jar]
[Loaded javax.jws.WebParam$Mode from /usr/lib/jvm/java-7-openjdk-amd64/jre/lib/rt.jar]
[Loaded com.sun.xml.ws.policy.sourcemodel.PolicySourceModelContext from file:/home/wielants/Downloads/jaxws-ri/lib/policy.jar]
[Loaded java.util.LinkedList$ListItr from /usr/lib/jvm/java-7-openjdk-amd64/jre/lib/rt.jar]
[Loaded com.sun.xml.ws.api.model.wsdl.WSDLBoundOperation$ANONYMOUS from file:/home/wielants/Downloads/jaxws-ri/lib/jaxws-rt.jar]
[Loaded com.sun.xml.ws.api.policy.PolicyResolver$ClientContext from file:/home/wielants/Downloads/jaxws-ri/lib/jaxws-rt.jar]
[Loaded com.sun.xml.ws.policy.PolicyMapMutator from file:/home/wielants/Downloads/jaxws-ri/lib/policy.jar]
[Loaded com.sun.xml.ws.policy.PolicyMapExtender from file:/home/wielants/Downloads/jaxws-ri/lib/policy.jar]
[Loaded com.sun.xml.ws.policy.PolicyMap from file:/home/wielants/Downloads/jaxws-ri/lib/policy.jar]
[Loaded com.sun.xml.ws.policy.PolicyMapKeyHandler from file:/home/wielants/Downloads/jaxws-ri/lib/policy.jar]
[Loaded com.sun.xml.ws.policy.PolicyMap$1 from file:/home/wielants/Downloads/jaxws-ri/lib/policy.jar]
[Loaded com.sun.xml.ws.policy.PolicyMap$2 from file:/home/wielants/Downloads/jaxws-ri/lib/policy.jar]
[Loaded com.sun.xml.ws.policy.PolicyMap$3 from file:/home/wielants/Downloads/jaxws-ri/lib/policy.jar]
[Loaded com.sun.xml.ws.policy.PolicyMap$4 from file:/home/wielants/Downloads/jaxws-ri/lib/policy.jar]
[Loaded com.sun.xml.ws.policy.PolicyMerger from file:/home/wielants/Downloads/jaxws-ri/lib/policy.jar]
[Loaded com.sun.xml.ws.policy.PolicyMap$ScopeMap from file:/home/wielants/Downloads/jaxws-ri/lib/policy.jar]
[Loaded com.sun.xml.ws.policy.EffectivePolicyModifier from file:/home/wielants/Downloads/jaxws-ri/lib/policy.jar]
[Loaded com.sun.xml.ws.policy.EffectiveAlternativeSelector from file:/home/wielants/Downloads/jaxws-ri/lib/policy.jar]
[Loaded com.sun.xml.ws.api.policy.AlternativeSelector from file:/home/wielants/Downloads/jaxws-ri/lib/jaxws-rt.jar]
[Loaded com.sun.xml.ws.policy.EffectiveAlternativeSelector$AlternativeFitness from file:/home/wielants/Downloads/jaxws-ri/lib/policy.jar]
[Loaded com.sun.xml.ws.policy.AssertionValidationProcessor from file:/home/wielants/Downloads/jaxws-ri/lib/policy.jar]
[Loaded com.sun.xml.ws.api.policy.ValidationProcessor from file:/home/wielants/Downloads/jaxws-ri/lib/jaxws-rt.jar]
[Loaded com.sun.xml.ws.policy.spi.PolicyAssertionValidator from file:/home/wielants/Downloads/jaxws-ri/lib/policy.jar]
[Loaded com.sun.xml.ws.addressing.policy.AddressingPolicyValidator from file:/home/wielants/Downloads/jaxws-ri/lib/jaxws-rt.jar]
[Loaded com.sun.xml.ws.addressing.W3CAddressingMetadataConstants from file:/home/wielants/Downloads/jaxws-ri/lib/jaxws-rt.jar]
[Loaded com.sun.xml.ws.encoding.policy.EncodingPolicyValidator from file:/home/wielants/Downloads/jaxws-ri/lib/jaxws-rt.jar]
[Loaded com.sun.xml.ws.encoding.policy.EncodingConstants from file:/home/wielants/Downloads/jaxws-ri/lib/jaxws-rt.jar]
[Loaded com.sun.xml.ws.config.management.policy.ManagementPolicyValidator from file:/home/wielants/Downloads/jaxws-ri/lib/jaxws-rt.jar]
[Loaded com.sun.xml.ws.policy.privateutil.PolicyUtils$ServiceProvider from file:/home/wielants/Downloads/jaxws-ri/lib/policy.jar]
[Loaded com.sun.xml.ws.policy.privateutil.ServiceFinder from file:/home/wielants/Downloads/jaxws-ri/lib/policy.jar]
[Loaded com.sun.xml.ws.policy.privateutil.ServiceConfigurationError from file:/home/wielants/Downloads/jaxws-ri/lib/policy.jar]
[Loaded com.sun.xml.ws.policy.privateutil.ServiceFinder$LazyIterator from file:/home/wielants/Downloads/jaxws-ri/lib/policy.jar]
[Loaded com.sun.xml.ws.policy.jaxws.PolicyUtil from file:/home/wielants/Downloads/jaxws-ri/lib/jaxws-rt.jar]
[Loaded com.sun.xml.ws.policy.jaxws.spi.PolicyFeatureConfigurator from file:/home/wielants/Downloads/jaxws-ri/lib/jaxws-rt.jar]
[Loaded com.sun.xml.ws.addressing.policy.AddressingFeatureConfigurator from file:/home/wielants/Downloads/jaxws-ri/lib/jaxws-rt.jar]
[Loaded com.sun.xml.ws.encoding.policy.MtomFeatureConfigurator from file:/home/wielants/Downloads/jaxws-ri/lib/jaxws-rt.jar]
[Loaded com.sun.xml.ws.encoding.policy.FastInfosetFeatureConfigurator from file:/home/wielants/Downloads/jaxws-ri/lib/jaxws-rt.jar]
[Loaded com.sun.xml.ws.encoding.policy.SelectOptimalEncodingFeatureConfigurator from file:/home/wielants/Downloads/jaxws-ri/lib/jaxws-rt.jar]
[Loaded com.sun.xml.ws.policy.PolicyMapKey from file:/home/wielants/Downloads/jaxws-ri/lib/policy.jar]
[Loaded com.sun.xml.ws.client.PortInfo from file:/home/wielants/Downloads/jaxws-ri/lib/jaxws-rt.jar]
[Loaded com.sun.xml.ws.client.WSServiceDelegate$2 from file:/home/wielants/Downloads/jaxws-ri/lib/jaxws-rt.jar]
[Loaded javax.jws.HandlerChain from /usr/lib/jvm/java-7-openjdk-amd64/jre/lib/rt.jar]
[Loaded javax.xml.ws.WebServiceClient from /usr/lib/jvm/java-7-openjdk-amd64/jre/lib/rt.jar]
[Loaded java.lang.annotation.Documented from /usr/lib/jvm/java-7-openjdk-amd64/jre/lib/rt.jar]
[Loaded com.sun.proxy.$Proxy12 by instance of java.lang.reflect.Proxy]
[Loaded com.example.stockquote.StockQuote from file:/home/wielants/workspace/WSDL-Test/bin/]
[Loaded com.sun.xml.ws.developer.UsesJAXBContextFeature from file:/home/wielants/Downloads/jaxws-ri/lib/jaxws-rt.jar]
[Loaded com.oracle.webservices.api.databinding.DatabindingFactory from file:/home/wielants/Downloads/jaxws-ri/lib/jaxws-rt.jar]
[Loaded com.sun.xml.ws.api.databinding.DatabindingFactory from file:/home/wielants/Downloads/jaxws-ri/lib/jaxws-rt.jar]
[Loaded com.sun.xml.ws.db.DatabindingFactoryImpl from file:/home/wielants/Downloads/jaxws-ri/lib/jaxws-rt.jar]
[Loaded com.sun.xml.ws.spi.db.DatabindingProvider from file:/home/wielants/Downloads/jaxws-ri/lib/jaxws-rt.jar]
[Loaded com.oracle.webservices.api.databinding.Databinding$Builder from file:/home/wielants/Downloads/jaxws-ri/lib/jaxws-rt.jar]
[Loaded com.sun.xml.ws.api.databinding.DatabindingConfig from file:/home/wielants/Downloads/jaxws-ri/lib/jaxws-rt.jar]
[Loaded com.sun.xml.ws.api.databinding.MappingInfo from file:/home/wielants/Downloads/jaxws-ri/lib/jaxws-rt.jar]
[Loaded com.oracle.webservices.api.databinding.ExternalMetadataFeature from file:/home/wielants/Downloads/jaxws-ri/lib/jaxws-rt.jar]
[Loaded com.sun.xml.ws.db.DatabindingProviderImpl from file:/home/wielants/Downloads/jaxws-ri/lib/jaxws-rt.jar]
[Loaded com.oracle.webservices.api.databinding.Databinding from file:/home/wielants/Downloads/jaxws-ri/lib/jaxws-rt.jar]
[Loaded com.sun.xml.ws.api.databinding.Databinding from file:/home/wielants/Downloads/jaxws-ri/lib/jaxws-rt.jar]
[Loaded com.oracle.webservices.api.databinding.WSDLGenerator from file:/home/wielants/Downloads/jaxws-ri/lib/jaxws-rt.jar]
[Loaded com.sun.xml.ws.db.DatabindingImpl from file:/home/wielants/Downloads/jaxws-ri/lib/jaxws-rt.jar]
[Loaded com.sun.xml.ws.api.model.SEIModel from file:/home/wielants/Downloads/jaxws-ri/lib/jaxws-rt.jar]
[Loaded com.oracle.webservices.api.databinding.JavaCallInfo from file:/home/wielants/Downloads/jaxws-ri/lib/jaxws-rt.jar]
[Loaded com.oracle.webservices.api.message.PropertySet from file:/home/wielants/Downloads/jaxws-ri/lib/jaxws-rt.jar]
[Loaded com.oracle.webservices.api.message.DistributedPropertySet from file:/home/wielants/Downloads/jaxws-ri/lib/jaxws-rt.jar]
[Loaded com.oracle.webservices.api.message.MessageContext from file:/home/wielants/Downloads/jaxws-ri/lib/jaxws-rt.jar]
[Loaded com.sun.xml.ws.wsdl.DispatchException from file:/home/wielants/Downloads/jaxws-ri/lib/jaxws-rt.jar]
[Loaded com.sun.xml.ws.model.RuntimeModeler from file:/home/wielants/Downloads/jaxws-ri/lib/jaxws-rt.jar]
[Loaded com.sun.xml.ws.api.databinding.MetadataReader from file:/home/wielants/Downloads/jaxws-ri/lib/jaxws-rt.jar]
[Loaded com.sun.xml.ws.model.AbstractSEIModelImpl from file:/home/wielants/Downloads/jaxws-ri/lib/jaxws-rt.jar]
[Loaded com.sun.xml.ws.model.SOAPSEIModel from file:/home/wielants/Downloads/jaxws-ri/lib/jaxws-rt.jar]
[Loaded com.sun.xml.ws.api.model.soap.SOAPBinding from file:/home/wielants/Downloads/jaxws-ri/lib/jaxws-rt.jar]
[Loaded com.sun.xml.ws.model.soap.SOAPBindingImpl from file:/home/wielants/Downloads/jaxws-ri/lib/jaxws-rt.jar]
[Loaded com.sun.xml.ws.api.model.Parameter from file:/home/wielants/Downloads/jaxws-ri/lib/jaxws-rt.jar]
[Loaded com.sun.xml.ws.model.ParameterImpl from file:/home/wielants/Downloads/jaxws-ri/lib/jaxws-rt.jar]
[Loaded com.sun.xml.ws.model.WrapperParameter from file:/home/wielants/Downloads/jaxws-ri/lib/jaxws-rt.jar]
[Loaded javax.xml.ws.Holder from /usr/lib/jvm/java-7-openjdk-amd64/jre/lib/rt.jar]
[Loaded java.rmi.RemoteException from /usr/lib/jvm/java-7-openjdk-amd64/jre/lib/rt.jar]
[Loaded com.sun.xml.ws.model.ReflectAnnotationReader from file:/home/wielants/Downloads/jaxws-ri/lib/jaxws-rt.jar]
[Loaded javax.xml.ws.soap.MTOM from /usr/lib/jvm/java-7-openjdk-amd64/jre/lib/rt.jar]
[Loaded com.sun.xml.ws.model.ReflectAnnotationReader$3 from file:/home/wielants/Downloads/jaxws-ri/lib/jaxws-rt.jar]
[Loaded javax.jws.WebService from /usr/lib/jvm/java-7-openjdk-amd64/jre/lib/rt.jar]
[Loaded com.sun.proxy.$Proxy13 by instance of java.lang.reflect.Proxy]
[Loaded com.example.stockquote.ObjectFactory from file:/home/wielants/workspace/WSDL-Test/bin/]
[Loaded com.sun.proxy.$Proxy14 by instance of java.lang.reflect.Proxy]
[Loaded com.oracle.webservices.api.EnvelopeStyleFeature from file:/home/wielants/Downloads/jaxws-ri/lib/jaxws-rt.jar]
[Loaded com.oracle.webservices.api.EnvelopeStyle from file:/home/wielants/Downloads/jaxws-ri/lib/jaxws-rt.jar]
[Loaded com.sun.xml.ws.binding.BindingImpl from file:/home/wielants/Downloads/jaxws-ri/lib/jaxws-rt.jar]
[Loaded javax.xml.ws.http.HTTPBinding from /usr/lib/jvm/java-7-openjdk-amd64/jre/lib/rt.jar]
[Loaded com.sun.xml.ws.binding.HTTPBindingImpl from file:/home/wielants/Downloads/jaxws-ri/lib/jaxws-rt.jar]
[Loaded javax.xml.ws.soap.SOAPBinding from /usr/lib/jvm/java-7-openjdk-amd64/jre/lib/rt.jar]
[Loaded com.sun.xml.ws.binding.SOAPBindingImpl from file:/home/wielants/Downloads/jaxws-ri/lib/jaxws-rt.jar]
[Loaded javax.xml.ws.Service$Mode from /usr/lib/jvm/java-7-openjdk-amd64/jre/lib/rt.jar]
[Loaded com.sun.xml.ws.client.HandlerConfiguration from file:/home/wielants/Downloads/jaxws-ri/lib/jaxws-rt.jar]
[Loaded com.sun.xml.ws.handler.HandlerException from file:/home/wielants/Downloads/jaxws-ri/lib/jaxws-rt.jar]
[Loaded com.sun.xml.ws.api.model.JavaMethod from file:/home/wielants/Downloads/jaxws-ri/lib/jaxws-rt.jar]
[Loaded com.sun.xml.ws.spi.db.BindingInfo from file:/home/wielants/Downloads/jaxws-ri/lib/jaxws-rt.jar]
[Loaded com.oracle.webservices.api.databinding.DatabindingMode from file:/home/wielants/Downloads/jaxws-ri/lib/jaxws-rt.jar]
[Loaded javax.jws.soap.SOAPBinding from /usr/lib/jvm/java-7-openjdk-amd64/jre/lib/rt.jar]
[Loaded javax.jws.soap.SOAPBinding$Use from /usr/lib/jvm/java-7-openjdk-amd64/jre/lib/rt.jar]
[Loaded com.example.stockquote.TradePriceRequest from file:/home/wielants/workspace/WSDL-Test/bin/]
[Loaded com.example.stockquote.TradePrice from file:/home/wielants/workspace/WSDL-Test/bin/]
[Loaded javax.jws.WebMethod from /usr/lib/jvm/java-7-openjdk-amd64/jre/lib/rt.jar]
[Loaded com.sun.xml.ws.model.ReflectAnnotationReader$2 from file:/home/wielants/Downloads/jaxws-ri/lib/jaxws-rt.jar]
[Loaded com.sun.proxy.$Proxy15 by instance of java.lang.reflect.Proxy]
[Loaded javax.jws.WebResult from /usr/lib/jvm/java-7-openjdk-amd64/jre/lib/rt.jar]
[Loaded com.sun.proxy.$Proxy16 by instance of java.lang.reflect.Proxy]
[Loaded javax.xml.ws.RequestWrapper from /usr/lib/jvm/java-7-openjdk-amd64/jre/lib/rt.jar]
[Loaded com.sun.proxy.$Proxy17 by instance of java.lang.reflect.Proxy]
[Loaded javax.xml.ws.ResponseWrapper from /usr/lib/jvm/java-7-openjdk-amd64/jre/lib/rt.jar]
[Loaded sun.reflect.GeneratedConstructorAccessor1 from __JVM_DefineClass__]
[Loaded sun.reflect.BootstrapConstructorAccessorImpl from /usr/lib/jvm/java-7-openjdk-amd64/jre/lib/rt.jar]
[Loaded com.sun.proxy.$Proxy18 by instance of java.lang.reflect.Proxy]
[Loaded javax.xml.ws.Action from /usr/lib/jvm/java-7-openjdk-amd64/jre/lib/rt.jar]
[Loaded javax.xml.ws.FaultAction from /usr/lib/jvm/java-7-openjdk-amd64/jre/lib/rt.jar]
[Loaded com.sun.proxy.$Proxy19 by instance of java.lang.reflect.Proxy]
[Loaded javax.jws.Oneway from /usr/lib/jvm/java-7-openjdk-amd64/jre/lib/rt.jar]
[Loaded com.sun.xml.ws.model.JavaMethodImpl from file:/home/wielants/Downloads/jaxws-ri/lib/jaxws-rt.jar]
[Loaded java.util.concurrent.Future from /usr/lib/jvm/java-7-openjdk-amd64/jre/lib/rt.jar]
[Loaded javax.xml.ws.Response from /usr/lib/jvm/java-7-openjdk-amd64/jre/lib/rt.jar]
[Loaded com.sun.xml.ws.api.model.MEP from file:/home/wielants/Downloads/jaxws-ri/lib/jaxws-rt.jar]
[Loaded com.example.stockquote.GetLastTradePrice from file:/home/wielants/workspace/WSDL-Test/bin/]
[Loaded com.example.stockquote.GetLastTradePriceResponse from file:/home/wielants/workspace/WSDL-Test/bin/]
[Loaded com.sun.xml.ws.spi.db.TypeInfo from file:/home/wielants/Downloads/jaxws-ri/lib/jaxws-rt.jar]
[Loaded com.sun.xml.ws.spi.db.XMLBridge from file:/home/wielants/Downloads/jaxws-ri/lib/jaxws-rt.jar]
[Loaded com.sun.xml.ws.model.ReflectAnnotationReader$1 from file:/home/wielants/Downloads/jaxws-ri/lib/jaxws-rt.jar]
[Loaded javax.jws.WebParam from /usr/lib/jvm/java-7-openjdk-amd64/jre/lib/rt.jar]
[Loaded com.sun.proxy.$Proxy20 by instance of java.lang.reflect.Proxy]
[Loaded com.sun.xml.ws.spi.db.WrapperComposite from file:/home/wielants/Downloads/jaxws-ri/lib/jaxws-rt.jar]
[Loaded com.sun.xml.ws.model.AbstractSEIModelImpl$1 from file:/home/wielants/Downloads/jaxws-ri/lib/jaxws-rt.jar]
[Loaded com.oracle.webservices.api.databinding.DatabindingModeFeature from file:/home/wielants/Downloads/jaxws-ri/lib/jaxws-rt.jar]
[Loaded com.sun.xml.ws.developer.JAXBContextFactory from file:/home/wielants/Downloads/jaxws-ri/lib/jaxws-rt.jar]
[Loaded com.sun.xml.ws.developer.JAXBContextFactory$1 from file:/home/wielants/Downloads/jaxws-ri/lib/jaxws-rt.jar]
[Loaded com.sun.xml.ws.spi.db.BindingContextFactory from file:/home/wielants/Downloads/jaxws-ri/lib/jaxws-rt.jar]
[Loaded com.sun.xml.ws.spi.db.DatabindingException from file:/home/wielants/Downloads/jaxws-ri/lib/jaxws-rt.jar]
[Loaded com.sun.xml.ws.spi.db.BindingContextFactory$1 from file:/home/wielants/Downloads/jaxws-ri/lib/jaxws-rt.jar]
[Loaded java.util.TreeMap$Entry from /usr/lib/jvm/java-7-openjdk-amd64/jre/lib/rt.jar]
[Loaded com.sun.xml.ws.db.glassfish.JAXBRIContextFactory from file:/home/wielants/Downloads/jaxws-ri/lib/jaxws-rt.jar]
[Loaded com.sun.xml.ws.spi.db.BindingContext from file:/home/wielants/Downloads/jaxws-ri/lib/jaxws-rt.jar]
[Loaded com.sun.xml.bind.api.TypeReference from file:/home/wielants/Downloads/jaxws-ri/lib/jaxb-impl.jar]
[Loaded com.sun.proxy.$Proxy21 by instance of java.lang.reflect.Proxy]
[Loaded com.sun.proxy.$Proxy22 from sun.misc.Launcher$AppClassLoader]
[Loaded com.sun.xml.bind.v2.model.impl.RegistryInfoImpl from file:/home/wielants/Downloads/jaxws-ri/lib/jaxb-impl.jar]
[Loaded com.sun.xml.bind.v2.runtime.IllegalAnnotationException from file:/home/wielants/Downloads/jaxws-ri/lib/jaxb-core.jar]
[Loaded com.sun.xml.bind.v2.model.annotation.MethodLocatable from file:/home/wielants/Downloads/jaxws-ri/lib/jaxb-impl.jar]
[Loaded com.sun.proxy.$Proxy23 by instance of java.lang.reflect.Proxy]
[Loaded com.sun.proxy.$Proxy24 by instance of java.lang.reflect.Proxy]
[Loaded com.example.stockquote.package-info from file:/home/wielants/workspace/WSDL-Test/bin/]
[Loaded com.sun.proxy.$Proxy25 from sun.misc.Launcher$AppClassLoader]
[Loaded com.sun.xml.bind.v2.model.impl.ClassInfoImpl$PropertySorter from file:/home/wielants/Downloads/jaxws-ri/lib/jaxb-impl.jar]
[Loaded java.util.Arrays$LegacyMergeSort from /usr/lib/jvm/java-7-openjdk-amd64/jre/lib/rt.jar]
[Loaded java.util.TimSort from /usr/lib/jvm/java-7-openjdk-amd64/jre/lib/rt.jar]
[Loaded java.util.ArrayList$ListItr from /usr/lib/jvm/java-7-openjdk-amd64/jre/lib/rt.jar]
[Loaded com.sun.xml.bind.v2.model.impl.PropertyInfoImpl$1 from file:/home/wielants/Downloads/jaxws-ri/lib/jaxb-impl.jar]
[Loaded javax.xml.bind.annotation.XmlElementDecl$GLOBAL from /usr/lib/jvm/java-7-openjdk-amd64/jre/lib/rt.jar]
[Loaded com.sun.proxy.$Proxy26 by instance of java.lang.reflect.Proxy]
[Loaded com.sun.xml.bind.v2.model.impl.ElementInfoImpl$PropertyImpl from file:/home/wielants/Downloads/jaxws-ri/lib/jaxb-impl.jar]
[Loaded com.sun.xml.bind.v2.model.impl.RuntimeElementInfoImpl$RuntimePropertyImpl from file:/home/wielants/Downloads/jaxws-ri/lib/jaxb-impl.jar]
[Loaded com.example.stockquote.TradePriceRequest$JaxbAccessorF_tickerSymbol from __JVM_DefineClass__]
[Loaded com.example.stockquote.TradePrice$JaxbAccessorF_price from __JVM_DefineClass__]
[Loaded com.example.stockquote.GetLastTradePriceResponse$JaxbAccessorF__return from __JVM_DefineClass__]
[Loaded com.example.stockquote.GetLastTradePrice$JaxbAccessorF_arg0 from __JVM_DefineClass__]
[Loaded javax.xml.bind.JAXBElement$GlobalScope from /usr/lib/jvm/java-7-openjdk-amd64/jre/lib/rt.jar]
[Loaded com.sun.xml.bind.v2.runtime.output.XmlOutput from file:/home/wielants/Downloads/jaxws-ri/lib/jaxb-impl.jar]
[Loaded com.sun.xml.ws.db.glassfish.JAXBRIContextWrapper from file:/home/wielants/Downloads/jaxws-ri/lib/jaxws-rt.jar]
[Loaded com.sun.xml.ws.spi.db.PropertyAccessor from file:/home/wielants/Downloads/jaxws-ri/lib/jaxws-rt.jar]
[Loaded com.sun.xml.ws.db.glassfish.BridgeWrapper from file:/home/wielants/Downloads/jaxws-ri/lib/jaxws-rt.jar]
[Loaded com.sun.xml.ws.util.Pool from file:/home/wielants/Downloads/jaxws-ri/lib/jaxws-rt.jar]
[Loaded com.sun.xml.ws.util.Pool$Marshaller from file:/home/wielants/Downloads/jaxws-ri/lib/jaxws-rt.jar]
[Loaded com.oracle.webservices.api.message.MessageContextFactory from file:/home/wielants/Downloads/jaxws-ri/lib/jaxws-rt.jar]
[Loaded com.sun.xml.ws.api.message.MessageContextFactory from file:/home/wielants/Downloads/jaxws-ri/lib/jaxws-rt.jar]
[Loaded com.oracle.webservices.api.message.MessageContextFactory$Creator from file:/home/wielants/Downloads/jaxws-ri/lib/jaxws-rt.jar]
[Loaded com.oracle.webservices.api.EnvelopeStyle$Style from file:/home/wielants/Downloads/jaxws-ri/lib/jaxws-rt.jar]
[Loaded com.sun.xml.ws.api.ImpliesWebServiceFeature from file:/home/wielants/Downloads/jaxws-ri/lib/jaxws-rt.jar]
[Loaded com.sun.xml.ws.api.pipe.Codecs from file:/home/wielants/Downloads/jaxws-ri/lib/jaxws-rt.jar]
[Loaded com.sun.xml.ws.api.pipe.SOAPBindingCodec from file:/home/wielants/Downloads/jaxws-ri/lib/jaxws-rt.jar]
[Loaded com.sun.xml.ws.api.pipe.StreamSOAPCodec from file:/home/wielants/Downloads/jaxws-ri/lib/jaxws-rt.jar]
[Loaded com.sun.xml.ws.encoding.MimeCodec from file:/home/wielants/Downloads/jaxws-ri/lib/jaxws-rt.jar]
[Loaded com.sun.xml.ws.encoding.SOAPBindingCodec from file:/home/wielants/Downloads/jaxws-ri/lib/jaxws-rt.jar]
[Loaded com.oracle.webservices.api.message.ContentType from file:/home/wielants/Downloads/jaxws-ri/lib/jaxws-rt.jar]
[Loaded com.sun.xml.ws.api.pipe.ContentType from file:/home/wielants/Downloads/jaxws-ri/lib/jaxws-rt.jar]
[Loaded com.sun.xml.ws.encoding.MtomCodec from file:/home/wielants/Downloads/jaxws-ri/lib/jaxws-rt.jar]
[Loaded com.sun.xml.ws.encoding.SwACodec from file:/home/wielants/Downloads/jaxws-ri/lib/jaxws-rt.jar]
[Loaded com.sun.xml.ws.api.message.ExceptionHasMessage from file:/home/wielants/Downloads/jaxws-ri/lib/jaxws-rt.jar]
[Loaded com.sun.xml.ws.protocol.soap.MessageCreationException from file:/home/wielants/Downloads/jaxws-ri/lib/jaxws-rt.jar]
[Loaded com.sun.xml.ws.server.UnsupportedMediaException from file:/home/wielants/Downloads/jaxws-ri/lib/jaxws-rt.jar]
[Loaded javax.activation.CommandMap from /usr/lib/jvm/java-7-openjdk-amd64/jre/lib/rt.jar]
[Loaded javax.activation.SecuritySupport from /usr/lib/jvm/java-7-openjdk-amd64/jre/lib/rt.jar]
[Loaded javax.activation.SecuritySupport$1 from /usr/lib/jvm/java-7-openjdk-amd64/jre/lib/rt.jar]
[Loaded javax.activation.MailcapCommandMap from /usr/lib/jvm/java-7-openjdk-amd64/jre/lib/rt.jar]
[Loaded com.sun.activation.registries.LogSupport from /usr/lib/jvm/java-7-openjdk-amd64/jre/lib/rt.jar]
[Loaded com.sun.activation.registries.MailcapFile from /usr/lib/jvm/java-7-openjdk-amd64/jre/lib/rt.jar]
[Loaded javax.activation.SecuritySupport$3 from /usr/lib/jvm/java-7-openjdk-amd64/jre/lib/rt.jar]
[Loaded javax.activation.SecuritySupport$2 from /usr/lib/jvm/java-7-openjdk-amd64/jre/lib/rt.jar]
[Loaded javax.activation.DataContentHandler from /usr/lib/jvm/java-7-openjdk-amd64/jre/lib/rt.jar]
[Loaded com.sun.xml.ws.encoding.XmlDataContentHandler from file:/home/wielants/Downloads/jaxws-ri/lib/jaxws-rt.jar]
[Loaded com.sun.activation.registries.MailcapTokenizer from /usr/lib/jvm/java-7-openjdk-amd64/jre/lib/rt.jar]
[Loaded com.sun.xml.ws.encoding.ImageDataContentHandler from file:/home/wielants/Downloads/jaxws-ri/lib/jaxws-rt.jar]
[Loaded com.sun.xml.ws.encoding.StringDataContentHandler from file:/home/wielants/Downloads/jaxws-ri/lib/jaxws-rt.jar]
[Loaded com.sun.xml.ws.encoding.RootOnlyCodec from file:/home/wielants/Downloads/jaxws-ri/lib/jaxws-rt.jar]
[Loaded com.sun.xml.ws.encoding.StreamSOAPCodec from file:/home/wielants/Downloads/jaxws-ri/lib/jaxws-rt.jar]
[Loaded com.sun.xml.ws.api.message.AttachmentSet from file:/home/wielants/Downloads/jaxws-ri/lib/jaxws-rt.jar]
[Loaded com.sun.xml.ws.protocol.soap.VersionMismatchException from file:/home/wielants/Downloads/jaxws-ri/lib/jaxws-rt.jar]
[Loaded com.sun.xml.ws.api.message.Message from file:/home/wielants/Downloads/jaxws-ri/lib/jaxws-rt.jar]
[Loaded com.sun.xml.ws.message.AbstractMessageImpl from file:/home/wielants/Downloads/jaxws-ri/lib/jaxws-rt.jar]
[Loaded com.sun.xml.ws.message.stream.StreamMessage from file:/home/wielants/Downloads/jaxws-ri/lib/jaxws-rt.jar]
[Loaded com.sun.xml.ws.encoding.StreamSOAP11Codec from file:/home/wielants/Downloads/jaxws-ri/lib/jaxws-rt.jar]
[Loaded com.sun.xml.ws.encoding.StreamSOAP12Codec from file:/home/wielants/Downloads/jaxws-ri/lib/jaxws-rt.jar]
[Loaded com.sun.xml.ws.api.SOAPVersion$1 from file:/home/wielants/Downloads/jaxws-ri/lib/jaxws-rt.jar]
[Loaded com.sun.xml.ws.encoding.StreamSOAPCodec$1 from file:/home/wielants/Downloads/jaxws-ri/lib/jaxws-rt.jar]
[Loaded com.sun.xml.ws.message.stream.StreamHeader from file:/home/wielants/Downloads/jaxws-ri/lib/jaxws-rt.jar]
[Loaded com.sun.xml.ws.message.stream.StreamHeader11 from file:/home/wielants/Downloads/jaxws-ri/lib/jaxws-rt.jar]
[Loaded com.sun.xml.ws.developer.SerializationFeature from file:/home/wielants/Downloads/jaxws-ri/lib/jaxws-rt.jar]
[Loaded com.sun.xml.ws.api.fastinfoset.FastInfosetFeature from file:/home/wielants/Downloads/jaxws-ri/lib/jaxws-rt.jar]
[Loaded com.sun.xml.ws.encoding.fastinfoset.FastInfosetStreamSOAPCodec from file:/home/wielants/Downloads/jaxws-ri/lib/jaxws-rt.jar]
[Loaded com.sun.xml.ws.encoding.fastinfoset.FastInfosetStreamSOAP11Codec from file:/home/wielants/Downloads/jaxws-ri/lib/jaxws-rt.jar]
[Loaded com.sun.xml.ws.encoding.fastinfoset.FastInfosetStreamSOAP12Codec from file:/home/wielants/Downloads/jaxws-ri/lib/jaxws-rt.jar]
[Loaded com.sun.xml.ws.encoding.fastinfoset.FastInfosetStreamReaderFactory from file:/home/wielants/Downloads/jaxws-ri/lib/jaxws-rt.jar]
[Loaded java.nio.channels.Channel from /usr/lib/jvm/java-7-openjdk-amd64/jre/lib/rt.jar]
[Loaded java.nio.channels.ReadableByteChannel from /usr/lib/jvm/java-7-openjdk-amd64/jre/lib/rt.jar]
[Loaded com.sun.xml.ws.api.message.MessageMetadata from file:/home/wielants/Downloads/jaxws-ri/lib/jaxws-rt.jar]
[Loaded com.oracle.webservices.api.message.BasePropertySet from file:/home/wielants/Downloads/jaxws-ri/lib/jaxws-rt.jar]
[Loaded com.oracle.webservices.api.message.BaseDistributedPropertySet from file:/home/wielants/Downloads/jaxws-ri/lib/jaxws-rt.jar]
[Loaded com.sun.xml.ws.api.message.Packet from file:/home/wielants/Downloads/jaxws-ri/lib/jaxws-rt.jar]
[Loaded java.nio.channels.WritableByteChannel from /usr/lib/jvm/java-7-openjdk-amd64/jre/lib/rt.jar]
[Loaded com.sun.xml.ws.encoding.fastinfoset.FastInfosetStreamSOAPCodec$1 from file:/home/wielants/Downloads/jaxws-ri/lib/jaxws-rt.jar]
[Loaded com.sun.xml.ws.encoding.ContentTypeImpl from file:/home/wielants/Downloads/jaxws-ri/lib/jaxws-rt.jar]
[Loaded com.sun.xml.ws.encoding.ContentType from file:/home/wielants/Downloads/jaxws-ri/lib/jaxws-rt.jar]
[Loaded com.sun.xml.ws.encoding.HeaderTokenizer from file:/home/wielants/Downloads/jaxws-ri/lib/jaxws-rt.jar]
[Loaded com.sun.xml.ws.encoding.HeaderTokenizer$Token from file:/home/wielants/Downloads/jaxws-ri/lib/jaxws-rt.jar]
[Loaded com.sun.xml.ws.encoding.ParameterList from file:/home/wielants/Downloads/jaxws-ri/lib/jaxws-rt.jar]
[Loaded com.sun.xml.ws.api.client.SelectOptimalEncodingFeature from file:/home/wielants/Downloads/jaxws-ri/lib/jaxws-rt.jar]
[Loaded com.sun.xml.ws.api.FeatureListValidatorAnnotation from file:/home/wielants/Downloads/jaxws-ri/lib/jaxws-rt.jar]
[Loaded com.sun.xml.ws.api.databinding.ClientCallBridge from file:/home/wielants/Downloads/jaxws-ri/lib/jaxws-rt.jar]
[Loaded com.sun.xml.ws.client.sei.StubHandler from file:/home/wielants/Downloads/jaxws-ri/lib/jaxws-rt.jar]
[Loaded com.sun.xml.ws.client.sei.BodyBuilder from file:/home/wielants/Downloads/jaxws-ri/lib/jaxws-rt.jar]
[Loaded com.sun.xml.ws.client.sei.BodyBuilder$JAXB from file:/home/wielants/Downloads/jaxws-ri/lib/jaxws-rt.jar]
[Loaded com.sun.xml.ws.client.sei.BodyBuilder$Wrapped from file:/home/wielants/Downloads/jaxws-ri/lib/jaxws-rt.jar]
[Loaded com.sun.xml.ws.client.sei.BodyBuilder$RpcLit from file:/home/wielants/Downloads/jaxws-ri/lib/jaxws-rt.jar]
[Loaded com.sun.xml.ws.client.sei.BodyBuilder$DocLit from file:/home/wielants/Downloads/jaxws-ri/lib/jaxws-rt.jar]
[Loaded com.sun.xml.ws.client.sei.BodyBuilder$Bare from file:/home/wielants/Downloads/jaxws-ri/lib/jaxws-rt.jar]
[Loaded com.sun.xml.ws.client.sei.ResponseBuilder from file:/home/wielants/Downloads/jaxws-ri/lib/jaxws-rt.jar]
[Loaded com.sun.xml.ws.client.sei.ResponseBuilder$Composite from file:/home/wielants/Downloads/jaxws-ri/lib/jaxws-rt.jar]
[Loaded com.sun.xml.ws.client.sei.ValueGetterFactory from file:/home/wielants/Downloads/jaxws-ri/lib/jaxws-rt.jar]
[Loaded com.sun.xml.ws.client.sei.ValueGetterFactory$1 from file:/home/wielants/Downloads/jaxws-ri/lib/jaxws-rt.jar]
[Loaded com.sun.xml.ws.client.sei.ValueGetterFactory$2 from file:/home/wielants/Downloads/jaxws-ri/lib/jaxws-rt.jar]
[Loaded com.sun.xml.ws.client.sei.ValueGetter from file:/home/wielants/Downloads/jaxws-ri/lib/jaxws-rt.jar]
[Loaded com.sun.xml.ws.client.sei.ValueGetter$1 from file:/home/wielants/Downloads/jaxws-ri/lib/jaxws-rt.jar]
[Loaded com.sun.xml.ws.client.sei.ValueGetter$2 from file:/home/wielants/Downloads/jaxws-ri/lib/jaxws-rt.jar]
[Loaded com.sun.xml.ws.client.sei.StubHandler$1 from file:/home/wielants/Downloads/jaxws-ri/lib/jaxws-rt.jar]
[Loaded com.sun.xml.ws.client.sei.BodyBuilder$Empty from file:/home/wielants/Downloads/jaxws-ri/lib/jaxws-rt.jar]
[Loaded com.sun.xml.ws.db.glassfish.RawAccessorWrapper from file:/home/wielants/Downloads/jaxws-ri/lib/jaxws-rt.jar]
[Loaded com.sun.xml.ws.client.sei.MessageFiller from file:/home/wielants/Downloads/jaxws-ri/lib/jaxws-rt.jar]
[Loaded com.sun.xml.ws.client.sei.ValueSetterFactory from file:/home/wielants/Downloads/jaxws-ri/lib/jaxws-rt.jar]
[Loaded com.sun.xml.ws.client.sei.ValueSetterFactory$1 from file:/home/wielants/Downloads/jaxws-ri/lib/jaxws-rt.jar]
[Loaded com.sun.xml.ws.client.sei.ValueSetterFactory$2 from file:/home/wielants/Downloads/jaxws-ri/lib/jaxws-rt.jar]
[Loaded com.sun.xml.ws.client.sei.ValueSetterFactory$3 from file:/home/wielants/Downloads/jaxws-ri/lib/jaxws-rt.jar]
[Loaded com.sun.xml.ws.client.sei.ResponseBuilder$DocLit from file:/home/wielants/Downloads/jaxws-ri/lib/jaxws-rt.jar]
[Loaded com.sun.xml.ws.client.sei.ResponseBuilder$None from file:/home/wielants/Downloads/jaxws-ri/lib/jaxws-rt.jar]
[Loaded javax.xml.bind.attachment.AttachmentUnmarshaller from /usr/lib/jvm/java-7-openjdk-amd64/jre/lib/rt.jar]
[Loaded com.sun.xml.ws.message.AttachmentUnmarshallerImpl from file:/home/wielants/Downloads/jaxws-ri/lib/jaxws-rt.jar]
[Loaded com.sun.xml.ws.client.sei.ResponseBuilder$DocLit$PartBuilder from file:/home/wielants/Downloads/jaxws-ri/lib/jaxws-rt.jar]
[Loaded com.sun.xml.ws.client.sei.ValueSetter from file:/home/wielants/Downloads/jaxws-ri/lib/jaxws-rt.jar]
[Loaded com.sun.xml.ws.client.sei.ValueSetter$ReturnValue from file:/home/wielants/Downloads/jaxws-ri/lib/jaxws-rt.jar]
[Loaded com.sun.xml.ws.client.sei.ValueSetter$SingleValue from file:/home/wielants/Downloads/jaxws-ri/lib/jaxws-rt.jar]
[Loaded com.sun.xml.ws.client.sei.ValueSetter$Param from file:/home/wielants/Downloads/jaxws-ri/lib/jaxws-rt.jar]
[Loaded com.sun.xml.ws.wsdl.ActionBasedOperationSignature from file:/home/wielants/Downloads/jaxws-ri/lib/jaxws-rt.jar]
[Loaded com.sun.xml.ws.wsdl.OperationDispatcher from file:/home/wielants/Downloads/jaxws-ri/lib/jaxws-rt.jar]
[Loaded com.sun.xml.ws.wsdl.WSDLOperationFinder from file:/home/wielants/Downloads/jaxws-ri/lib/jaxws-rt.jar]
[Loaded com.sun.xml.ws.wsdl.PayloadQNameBasedOperationFinder from file:/home/wielants/Downloads/jaxws-ri/lib/jaxws-rt.jar]
[Loaded com.sun.xml.ws.api.model.WSDLOperationMapping from file:/home/wielants/Downloads/jaxws-ri/lib/jaxws-rt.jar]
[Loaded com.sun.xml.ws.util.QNameMap$EntrySet from file:/home/wielants/Downloads/jaxws-ri/lib/jaxws-rt.jar]
[Loaded com.sun.xml.ws.util.QNameMap$EntryIterator from file:/home/wielants/Downloads/jaxws-ri/lib/jaxws-rt.jar]
[Loaded com.sun.xml.ws.wsdl.WSDLOperationFinder$WSDLOperationMappingImpl from file:/home/wielants/Downloads/jaxws-ri/lib/jaxws-rt.jar]
[Loaded com.sun.xml.ws.wsdl.SOAPActionBasedOperationFinder from file:/home/wielants/Downloads/jaxws-ri/lib/jaxws-rt.jar]
[Loaded com.sun.xml.ws.api.databinding.EndpointCallBridge from file:/home/wielants/Downloads/jaxws-ri/lib/jaxws-rt.jar]
[Loaded com.sun.xml.ws.server.sei.TieHandler from file:/home/wielants/Downloads/jaxws-ri/lib/jaxws-rt.jar]
[Loaded com.sun.xml.ws.server.sei.EndpointArgumentsBuilder from file:/home/wielants/Downloads/jaxws-ri/lib/jaxws-rt.jar]
[Loaded com.sun.xml.ws.server.sei.EndpointArgumentsBuilder$Composite from file:/home/wielants/Downloads/jaxws-ri/lib/jaxws-rt.jar]
[Loaded com.sun.xml.ws.server.sei.EndpointResponseMessageBuilder from file:/home/wielants/Downloads/jaxws-ri/lib/jaxws-rt.jar]
[Loaded com.sun.xml.ws.server.sei.EndpointResponseMessageBuilder$JAXB from file:/home/wielants/Downloads/jaxws-ri/lib/jaxws-rt.jar]
[Loaded com.sun.xml.ws.server.sei.EndpointResponseMessageBuilder$Wrapped from file:/home/wielants/Downloads/jaxws-ri/lib/jaxws-rt.jar]
[Loaded com.sun.xml.ws.server.sei.EndpointResponseMessageBuilder$RpcLit from file:/home/wielants/Downloads/jaxws-ri/lib/jaxws-rt.jar]
[Loaded com.sun.xml.ws.server.sei.EndpointResponseMessageBuilder$DocLit from file:/home/wielants/Downloads/jaxws-ri/lib/jaxws-rt.jar]
[Loaded com.sun.xml.ws.server.sei.EndpointResponseMessageBuilder$Bare from file:/home/wielants/Downloads/jaxws-ri/lib/jaxws-rt.jar]
[Loaded com.sun.xml.ws.server.sei.EndpointValueSetter from file:/home/wielants/Downloads/jaxws-ri/lib/jaxws-rt.jar]
[Loaded com.sun.xml.ws.server.sei.EndpointValueSetter$Param from file:/home/wielants/Downloads/jaxws-ri/lib/jaxws-rt.jar]
[Loaded com.sun.xml.ws.server.sei.EndpointValueSetter$HolderParam from file:/home/wielants/Downloads/jaxws-ri/lib/jaxws-rt.jar]
[Loaded com.sun.xml.ws.server.sei.TieHandler$1 from file:/home/wielants/Downloads/jaxws-ri/lib/jaxws-rt.jar]
[Loaded com.sun.xml.ws.server.sei.EndpointArgumentsBuilder$DocLit from file:/home/wielants/Downloads/jaxws-ri/lib/jaxws-rt.jar]
[Loaded com.sun.xml.ws.server.sei.EndpointArgumentsBuilder$None from file:/home/wielants/Downloads/jaxws-ri/lib/jaxws-rt.jar]
[Loaded com.sun.xml.ws.server.sei.EndpointArgumentsBuilder$DocLit$PartBuilder from file:/home/wielants/Downloads/jaxws-ri/lib/jaxws-rt.jar]
[Loaded com.sun.xml.ws.server.sei.ValueGetter from file:/home/wielants/Downloads/jaxws-ri/lib/jaxws-rt.jar]
[Loaded com.sun.xml.ws.server.sei.ValueGetter$1 from file:/home/wielants/Downloads/jaxws-ri/lib/jaxws-rt.jar]
[Loaded com.sun.xml.ws.server.sei.ValueGetter$2 from file:/home/wielants/Downloads/jaxws-ri/lib/jaxws-rt.jar]
[Loaded com.sun.xml.ws.server.sei.EndpointResponseMessageBuilder$Empty from file:/home/wielants/Downloads/jaxws-ri/lib/jaxws-rt.jar]
[Loaded com.sun.xml.ws.server.sei.MessageFiller from file:/home/wielants/Downloads/jaxws-ri/lib/jaxws-rt.jar]
[Loaded com.sun.xml.ws.client.SEIPortInfo from file:/home/wielants/Downloads/jaxws-ri/lib/jaxws-rt.jar]
[Loaded com.sun.xml.ws.binding.WebServiceFeatureList$MergedFeatures from file:/home/wielants/Downloads/jaxws-ri/lib/jaxws-rt.jar]
[Loaded javax.xml.ws.BindingProvider from /usr/lib/jvm/java-7-openjdk-amd64/jre/lib/rt.jar]
[Loaded com.sun.xml.ws.developer.WSBindingProvider from file:/home/wielants/Downloads/jaxws-ri/lib/jaxws-rt.jar]
[Loaded com.sun.xml.ws.client.ResponseContextReceiver from file:/home/wielants/Downloads/jaxws-ri/lib/jaxws-rt.jar]
[Loaded com.sun.xml.ws.client.Stub from file:/home/wielants/Downloads/jaxws-ri/lib/jaxws-rt.jar]
[Loaded com.sun.xml.ws.client.sei.SEIStub from file:/home/wielants/Downloads/jaxws-ri/lib/jaxws-rt.jar]
[Loaded com.sun.xml.ws.model.wsdl.WSDLProperties from file:/home/wielants/Downloads/jaxws-ri/lib/jaxws-rt.jar]
[Loaded com.sun.xml.ws.model.wsdl.WSDLDirectProperties from file:/home/wielants/Downloads/jaxws-ri/lib/jaxws-rt.jar]
[Loaded com.sun.xml.ws.model.wsdl.WSDLPortProperties from file:/home/wielants/Downloads/jaxws-ri/lib/jaxws-rt.jar]
[Loaded com.sun.xml.ws.util.Pool$TubePool from file:/home/wielants/Downloads/jaxws-ri/lib/jaxws-rt.jar]
[Loaded com.sun.xml.ws.api.Cancelable from file:/home/wielants/Downloads/jaxws-ri/lib/jaxws-rt.jar]
[Loaded com.sun.xml.ws.api.pipe.Fiber$CompletionCallback from file:/home/wielants/Downloads/jaxws-ri/lib/jaxws-rt.jar]
[Loaded com.sun.xml.ws.client.RequestContext from file:/home/wielants/Downloads/jaxws-ri/lib/jaxws-rt.jar]
[Loaded com.sun.xml.ws.client.ContentNegotiation from file:/home/wielants/Downloads/jaxws-ri/lib/jaxws-rt.jar]
[Loaded com.oracle.webservices.api.message.BasePropertySet$1 from file:/home/wielants/Downloads/jaxws-ri/lib/jaxws-rt.jar]
[Loaded com.oracle.webservices.api.message.BasePropertySet$PropertyMap from file:/home/wielants/Downloads/jaxws-ri/lib/jaxws-rt.jar]
[Loaded com.oracle.webservices.api.message.PropertySet$Property from file:/home/wielants/Downloads/jaxws-ri/lib/jaxws-rt.jar]
[Loaded com.sun.xml.ws.api.PropertySet from file:/home/wielants/Downloads/jaxws-ri/lib/jaxws-rt.jar]
[Loaded com.sun.proxy.$Proxy27 from sun.misc.Launcher$AppClassLoader]
[Loaded com.oracle.webservices.api.message.BasePropertySet$Accessor from file:/home/wielants/Downloads/jaxws-ri/lib/jaxws-rt.jar]
[Loaded com.oracle.webservices.api.message.BasePropertySet$MethodAccessor from file:/home/wielants/Downloads/jaxws-ri/lib/jaxws-rt.jar]
[Loaded com.oracle.webservices.api.message.ReadOnlyPropertyException from file:/home/wielants/Downloads/jaxws-ri/lib/jaxws-rt.jar]
[Loaded java.lang.Deprecated from /usr/lib/jvm/java-7-openjdk-amd64/jre/lib/rt.jar]
[Loaded com.sun.proxy.$Proxy28 by instance of java.lang.reflect.Proxy]
[Loaded com.oracle.webservices.api.message.BasePropertySet$MapView from file:/home/wielants/Downloads/jaxws-ri/lib/jaxws-rt.jar]
[Loaded com.oracle.webservices.api.message.BasePropertySet$PropertyMapEntry from file:/home/wielants/Downloads/jaxws-ri/lib/jaxws-rt.jar]
[Loaded com.sun.xml.ws.api.pipe.Engine from file:/home/wielants/Downloads/jaxws-ri/lib/jaxws-rt.jar]
[Loaded java.util.concurrent.ThreadFactory from /usr/lib/jvm/java-7-openjdk-amd64/jre/lib/rt.jar]
[Loaded com.sun.xml.ws.util.RuntimeVersion from file:/home/wielants/Downloads/jaxws-ri/lib/jaxws-rt.jar]
[Loaded com.sun.xml.ws.util.Version from file:/home/wielants/Downloads/jaxws-ri/lib/jaxws-rt.jar]
[Loaded com.oracle.webservices.api.message.BaseDistributedPropertySet$DistributedMapView from file:/home/wielants/Downloads/jaxws-ri/lib/jaxws-rt.jar]
[Loaded java.util.IdentityHashMap$Values from /usr/lib/jvm/java-7-openjdk-amd64/jre/lib/rt.jar]
[Loaded java.util.IdentityHashMap$IdentityHashMapIterator from /usr/lib/jvm/java-7-openjdk-amd64/jre/lib/rt.jar]
[Loaded java.util.IdentityHashMap$ValueIterator from /usr/lib/jvm/java-7-openjdk-amd64/jre/lib/rt.jar]
[Loaded org.xml.sax.InputSource from /usr/lib/jvm/java-7-openjdk-amd64/jre/lib/rt.jar]
[Loaded java.util.AbstractMap$SimpleImmutableEntry from /usr/lib/jvm/java-7-openjdk-amd64/jre/lib/rt.jar]
[Loaded java.util.IdentityHashMap$EntrySet from /usr/lib/jvm/java-7-openjdk-amd64/jre/lib/rt.jar]
[Loaded java.util.IdentityHashMap$EntryIterator from /usr/lib/jvm/java-7-openjdk-amd64/jre/lib/rt.jar]
[Loaded com.sun.xml.ws.server.MonitorBase from file:/home/wielants/Downloads/jaxws-ri/lib/jaxws-rt.jar]
[Loaded com.sun.xml.ws.client.MonitorRootClient from file:/home/wielants/Downloads/jaxws-ri/lib/jaxws-rt.jar]
[Loaded org.glassfish.gmbal.ManagedObjectManager from file:/home/wielants/Downloads/jaxws-ri/lib/gmbal-api-only.jar]
[Loaded com.sun.xml.ws.api.config.management.policy.ManagementAssertion$Setting from file:/home/wielants/Downloads/jaxws-ri/lib/jaxws-rt.jar]
[Loaded com.sun.xml.ws.policy.PolicyAssertion from file:/home/wielants/Downloads/jaxws-ri/lib/policy.jar]
[Loaded com.sun.xml.ws.policy.SimpleAssertion from file:/home/wielants/Downloads/jaxws-ri/lib/policy.jar]
[Loaded com.sun.xml.ws.api.config.management.policy.ManagementAssertion from file:/home/wielants/Downloads/jaxws-ri/lib/jaxws-rt.jar]
[Loaded com.sun.xml.ws.api.config.management.policy.ManagedClientAssertion from file:/home/wielants/Downloads/jaxws-ri/lib/jaxws-rt.jar]
[Loaded com.sun.xml.ws.policy.spi.AssertionCreationException from file:/home/wielants/Downloads/jaxws-ri/lib/policy.jar]
[Loaded org.glassfish.gmbal.ManagedObjectManagerFactory from file:/home/wielants/Downloads/jaxws-ri/lib/gmbal-api-only.jar]
[Loaded org.glassfish.gmbal.GmbalException from file:/home/wielants/Downloads/jaxws-ri/lib/gmbal-api-only.jar]
[Loaded org.glassfish.gmbal.util.GenericConstructor from file:/home/wielants/Downloads/jaxws-ri/lib/gmbal-api-only.jar]
[Loaded javax.management.QueryExp from /usr/lib/jvm/java-7-openjdk-amd64/jre/lib/rt.jar]
[Loaded javax.management.ObjectName from /usr/lib/jvm/java-7-openjdk-amd64/jre/lib/rt.jar]
[Loaded org.glassfish.gmbal.ManagedObjectManagerNOPImpl from file:/home/wielants/Downloads/jaxws-ri/lib/gmbal-api-only.jar]
[Loaded javax.management.DynamicMBean from /usr/lib/jvm/java-7-openjdk-amd64/jre/lib/rt.jar]
[Loaded javax.management.NotificationBroadcaster from /usr/lib/jvm/java-7-openjdk-amd64/jre/lib/rt.jar]
[Loaded javax.management.NotificationEmitter from /usr/lib/jvm/java-7-openjdk-amd64/jre/lib/rt.jar]
[Loaded org.glassfish.gmbal.GmbalMBean from file:/home/wielants/Downloads/jaxws-ri/lib/gmbal-api-only.jar]
[Loaded org.glassfish.gmbal.GmbalMBeanNOPImpl from file:/home/wielants/Downloads/jaxws-ri/lib/gmbal-api-only.jar]
[Loaded com.sun.xml.ws.api.pipe.TubelineAssemblerFactory from file:/home/wielants/Downloads/jaxws-ri/lib/jaxws-rt.jar]
[Loaded com.sun.xml.ws.api.pipe.TubelineAssembler from file:/home/wielants/Downloads/jaxws-ri/lib/jaxws-rt.jar]
[Loaded com.sun.xml.ws.assembler.MetroConfigName from file:/home/wielants/Downloads/jaxws-ri/lib/jaxws-rt.jar]
[Loaded com.sun.xml.ws.api.pipe.PipelineAssemblerFactory from file:/home/wielants/Downloads/jaxws-ri/lib/jaxws-rt.jar]
[Loaded com.sun.xml.ws.assembler.MetroTubelineAssembler from file:/home/wielants/Downloads/jaxws-ri/lib/jaxws-rt.jar]
[Loaded com.sun.xml.ws.api.pipe.Tube from file:/home/wielants/Downloads/jaxws-ri/lib/jaxws-rt.jar]
[Loaded com.sun.xml.ws.assembler.dev.TubelineAssemblyContext from file:/home/wielants/Downloads/jaxws-ri/lib/jaxws-rt.jar]
[Loaded com.sun.xml.ws.assembler.dev.ServerTubelineAssemblyContext from file:/home/wielants/Downloads/jaxws-ri/lib/jaxws-rt.jar]
[Loaded com.sun.xml.ws.assembler.dev.ClientTubelineAssemblyContext from file:/home/wielants/Downloads/jaxws-ri/lib/jaxws-rt.jar]
[Loaded com.sun.xml.ws.assembler.MetroConfigNameImpl from file:/home/wielants/Downloads/jaxws-ri/lib/jaxws-rt.jar]
[Loaded com.sun.xml.ws.assembler.TubelineAssemblyController from file:/home/wielants/Downloads/jaxws-ri/lib/jaxws-rt.jar]
[Loaded com.sun.xml.ws.api.pipe.ClientTubeAssemblerContext from file:/home/wielants/Downloads/jaxws-ri/lib/jaxws-rt.jar]
[Loaded com.sun.xml.ws.api.pipe.Pipe from file:/home/wielants/Downloads/jaxws-ri/lib/jaxws-rt.jar]
[Loaded com.sun.xml.ws.api.pipe.helper.AbstractTubeImpl from file:/home/wielants/Downloads/jaxws-ri/lib/jaxws-rt.jar]
[Loaded com.sun.xml.ws.api.pipe.helper.AbstractFilterTubeImpl from file:/home/wielants/Downloads/jaxws-ri/lib/jaxws-rt.jar]
[Loaded com.sun.xml.ws.handler.HandlerTube from file:/home/wielants/Downloads/jaxws-ri/lib/jaxws-rt.jar]
[Loaded com.sun.xml.ws.handler.ClientMessageHandlerTube from file:/home/wielants/Downloads/jaxws-ri/lib/jaxws-rt.jar]
[Loaded com.sun.xml.ws.handler.ClientSOAPHandlerTube from file:/home/wielants/Downloads/jaxws-ri/lib/jaxws-rt.jar]
[Loaded com.sun.xml.ws.assembler.TubelineAssemblyContextImpl from file:/home/wielants/Downloads/jaxws-ri/lib/jaxws-rt.jar]
[Loaded com.sun.xml.ws.assembler.DefaultClientTubelineAssemblyContext from file:/home/wielants/Downloads/jaxws-ri/lib/jaxws-rt.jar]
[Loaded com.sun.xml.ws.assembler.MetroConfigLoader from file:/home/wielants/Downloads/jaxws-ri/lib/jaxws-rt.jar]
[Loaded com.sun.xml.ws.assembler.MetroConfigLoader$TubeFactoryListResolver from file:/home/wielants/Downloads/jaxws-ri/lib/jaxws-rt.jar]
[Loaded com.sun.xml.ws.assembler.MetroConfigLoader$1 from file:/home/wielants/Downloads/jaxws-ri/lib/jaxws-rt.jar]
[Loaded com.sun.xml.ws.assembler.MetroConfigLoader$2 from file:/home/wielants/Downloads/jaxws-ri/lib/jaxws-rt.jar]
[Loaded com.sun.xml.ws.assembler.MetroConfigLoader$MetroConfigUrlLoader from file:/home/wielants/Downloads/jaxws-ri/lib/jaxws-rt.jar]
[Loaded com.sun.xml.ws.resources.TubelineassemblyMessages from file:/home/wielants/Downloads/jaxws-ri/lib/jaxws-rt.jar]
[Loaded com.sun.istack.localization.LocalizableMessageFactory from file:/home/wielants/Downloads/jaxws-ri/lib/jaxb-core.jar]
[Loaded com.sun.istack.localization.Localizer from file:/home/wielants/Downloads/jaxws-ri/lib/jaxb-core.jar]
[Loaded java.util.MissingResourceException from /usr/lib/jvm/java-7-openjdk-amd64/jre/lib/rt.jar]
[Loaded com.sun.istack.localization.LocalizableMessage from file:/home/wielants/Downloads/jaxws-ri/lib/jaxb-core.jar]
[Loaded java.text.Format from /usr/lib/jvm/java-7-openjdk-amd64/jre/lib/rt.jar]
[Loaded java.text.MessageFormat from /usr/lib/jvm/java-7-openjdk-amd64/jre/lib/rt.jar]
[Loaded java.util.Locale$Category from /usr/lib/jvm/java-7-openjdk-amd64/jre/lib/rt.jar]
[Loaded java.util.Locale$1 from /usr/lib/jvm/java-7-openjdk-amd64/jre/lib/rt.jar]
[Loaded java.text.FieldPosition from /usr/lib/jvm/java-7-openjdk-amd64/jre/lib/rt.jar]
[Loaded java.text.AttributedCharacterIterator$Attribute from /usr/lib/jvm/java-7-openjdk-amd64/jre/lib/rt.jar]
[Loaded java.text.Format$Field from /usr/lib/jvm/java-7-openjdk-amd64/jre/lib/rt.jar]
[Loaded java.text.MessageFormat$Field from /usr/lib/jvm/java-7-openjdk-amd64/jre/lib/rt.jar]
[Loaded com.sun.xml.ws.runtime.config.MetroConfig from file:/home/wielants/Downloads/jaxws-ri/lib/jaxws-rt.jar]
[Loaded com.sun.xml.ws.runtime.config.ObjectFactory from file:/home/wielants/Downloads/jaxws-ri/lib/jaxws-rt.jar]
[Loaded com.sun.xml.ws.runtime.config.TubeFactoryConfig from file:/home/wielants/Downloads/jaxws-ri/lib/jaxws-rt.jar]
[Loaded com.sun.xml.ws.runtime.config.TubeFactoryList from file:/home/wielants/Downloads/jaxws-ri/lib/jaxws-rt.jar]
[Loaded com.sun.xml.ws.runtime.config.TubelineDefinition from file:/home/wielants/Downloads/jaxws-ri/lib/jaxws-rt.jar]
[Loaded com.sun.xml.ws.runtime.config.Tubelines from file:/home/wielants/Downloads/jaxws-ri/lib/jaxws-rt.jar]
[Loaded com.sun.xml.ws.runtime.config.TubelineMapping from file:/home/wielants/Downloads/jaxws-ri/lib/jaxws-rt.jar]
[Loaded com.sun.xml.ws.runtime.config.package-info from file:/home/wielants/Downloads/jaxws-ri/lib/jaxws-rt.jar]
[Loaded com.sun.xml.bind.v2.model.impl.AttributePropertyInfoImpl$1 from file:/home/wielants/Downloads/jaxws-ri/lib/jaxb-impl.jar]
[Loaded javax.xml.bind.annotation.adapters.XmlJavaTypeAdapter$DEFAULT from /usr/lib/jvm/java-7-openjdk-amd64/jre/lib/rt.jar]
[Loaded javax.xml.bind.annotation.adapters.XmlAdapter from /usr/lib/jvm/java-7-openjdk-amd64/jre/lib/rt.jar]
[Loaded javax.xml.bind.annotation.adapters.CollapsedStringAdapter from /usr/lib/jvm/java-7-openjdk-amd64/jre/lib/rt.jar]
[Loaded com.sun.proxy.$Proxy29 by instance of java.lang.reflect.Proxy]
[Loaded com.sun.proxy.$Proxy30 by instance of java.lang.reflect.Proxy]
[Loaded javax.xml.bind.annotation.XmlSchemaType$DEFAULT from /usr/lib/jvm/java-7-openjdk-amd64/jre/lib/rt.jar]
[Loaded com.sun.proxy.$Proxy31 by instance of java.lang.reflect.Proxy]
[Loaded com.sun.proxy.$Proxy32 from sun.misc.Launcher$AppClassLoader]
[Loaded com.sun.proxy.$Proxy33 from sun.misc.Launcher$AppClassLoader]
[Loaded com.sun.xml.bind.v2.model.core.Adapter from file:/home/wielants/Downloads/jaxws-ri/lib/jaxb-core.jar]
[Loaded sun.reflect.GeneratedConstructorAccessor2 from __JVM_DefineClass__]
[Loaded sun.reflect.GeneratedMethodAccessor2 from __JVM_DefineClass__]
[Loaded sun.reflect.GeneratedConstructorAccessor3 from __JVM_DefineClass__]
[Loaded sun.reflect.GeneratedMethodAccessor3 from __JVM_DefineClass__]
[Loaded com.sun.xml.bind.v2.runtime.FilterTransducer from file:/home/wielants/Downloads/jaxws-ri/lib/jaxb-impl.jar]
[Loaded com.sun.xml.bind.v2.model.impl.RuntimeModelBuilder$IDTransducerImpl from file:/home/wielants/Downloads/jaxws-ri/lib/jaxb-impl.jar]
[Loaded com.sun.xml.bind.v2.runtime.SchemaTypeTransducer from file:/home/wielants/Downloads/jaxws-ri/lib/jaxb-impl.jar]
[Loaded com.sun.xml.ws.runtime.config.TubeFactoryConfig$JaxbAccessorF_any from __JVM_DefineClass__]
[Loaded sun.reflect.GeneratedMethodAccessor4 from __JVM_DefineClass__]
[Loaded sun.reflect.GeneratedMethodAccessor5 from __JVM_DefineClass__]
[Loaded com.sun.xml.ws.runtime.config.TubeFactoryConfig$JaxbAccessorF_className from __JVM_DefineClass__]
[Loaded sun.reflect.GeneratedMethodAccessor6 from __JVM_DefineClass__]
[Loaded com.sun.xml.ws.runtime.config.TubeFactoryList$JaxbAccessorF_tubeFactoryConfigs from __JVM_DefineClass__]
[Loaded com.sun.xml.ws.runtime.config.TubeFactoryList$JaxbAccessorF_any from __JVM_DefineClass__]
[Loaded sun.reflect.GeneratedConstructorAccessor4 from __JVM_DefineClass__]
[Loaded com.sun.xml.ws.runtime.config.TubelineDefinition$JaxbAccessorF_clientSide from __JVM_DefineClass__]
[Loaded com.sun.xml.ws.runtime.config.TubelineDefinition$JaxbAccessorF_endpointSide from __JVM_DefineClass__]
[Loaded com.sun.xml.ws.runtime.config.TubelineDefinition$JaxbAccessorF_any from __JVM_DefineClass__]
[Loaded com.sun.xml.ws.runtime.config.Tubelines$JaxbAccessorF_tubelineMappings from __JVM_DefineClass__]
[Loaded com.sun.xml.ws.runtime.config.TubelineMapping$JaxbAccessorF_endpointRef from __JVM_DefineClass__]
[Loaded com.sun.xml.ws.runtime.config.TubelineMapping$JaxbAccessorF_tubelineRef from __JVM_DefineClass__]
[Loaded com.sun.xml.ws.runtime.config.TubelineMapping$JaxbAccessorF_any from __JVM_DefineClass__]
[Loaded com.sun.xml.ws.runtime.config.Tubelines$JaxbAccessorF_tubelineDefinitions from __JVM_DefineClass__]
[Loaded com.sun.xml.ws.runtime.config.Tubelines$JaxbAccessorF_any from __JVM_DefineClass__]
[Loaded com.sun.xml.ws.runtime.config.Tubelines$JaxbAccessorF__default from __JVM_DefineClass__]
[Loaded com.sun.xml.ws.runtime.config.MetroConfig$JaxbAccessorF_tubelines from __JVM_DefineClass__]
[Loaded com.sun.xml.ws.runtime.config.MetroConfig$JaxbAccessorF_any from __JVM_DefineClass__]
[Loaded com.sun.xml.ws.runtime.config.MetroConfig$JaxbAccessorF_version from __JVM_DefineClass__]
[Loaded sun.misc.Cleaner from /usr/lib/jvm/java-7-openjdk-amd64/jre/lib/rt.jar]
[Loaded javax.xml.bind.ValidationEventHandler from /usr/lib/jvm/java-7-openjdk-amd64/jre/lib/rt.jar]
[Loaded javax.xml.bind.helpers.AbstractUnmarshallerImpl from /usr/lib/jvm/java-7-openjdk-amd64/jre/lib/rt.jar]
[Loaded com.sun.xml.bind.v2.runtime.unmarshaller.UnmarshallerImpl from file:/home/wielants/Downloads/jaxws-ri/lib/jaxb-impl.jar]
[Loaded com.sun.xml.bind.IDResolver from file:/home/wielants/Downloads/jaxws-ri/lib/jaxb-impl.jar]
[Loaded com.sun.xml.bind.v2.runtime.unmarshaller.DefaultIDResolver from file:/home/wielants/Downloads/jaxws-ri/lib/jaxb-impl.jar]
[Loaded com.sun.xml.bind.v2.runtime.unmarshaller.XmlVisitor from file:/home/wielants/Downloads/jaxws-ri/lib/jaxb-impl.jar]
[Loaded javax.xml.bind.UnmarshallerHandler from /usr/lib/jvm/java-7-openjdk-amd64/jre/lib/rt.jar]
[Loaded com.sun.xml.bind.v2.runtime.unmarshaller.LocatorEx from file:/home/wielants/Downloads/jaxws-ri/lib/jaxb-core.jar]
[Loaded javax.xml.bind.UnmarshalException from /usr/lib/jvm/java-7-openjdk-amd64/jre/lib/rt.jar]
[Loaded org.xml.sax.helpers.DefaultHandler from /usr/lib/jvm/java-7-openjdk-amd64/jre/lib/rt.jar]
[Loaded javax.xml.bind.helpers.DefaultValidationEventHandler from /usr/lib/jvm/java-7-openjdk-amd64/jre/lib/rt.jar]
[Loaded java.util.concurrent.Callable from /usr/lib/jvm/java-7-openjdk-amd64/jre/lib/rt.jar]
[Loaded com.sun.xml.bind.v2.runtime.unmarshaller.XmlVisitor$TextPredictor from file:/home/wielants/Downloads/jaxws-ri/lib/jaxb-impl.jar]
[Loaded com.sun.xml.bind.v2.runtime.Coordinator from file:/home/wielants/Downloads/jaxws-ri/lib/jaxb-impl.jar]
[Loaded com.sun.xml.bind.v2.runtime.unmarshaller.UnmarshallingContext from file:/home/wielants/Downloads/jaxws-ri/lib/jaxb-impl.jar]
[Loaded com.sun.xml.bind.v2.runtime.Coordinator$1 from file:/home/wielants/Downloads/jaxws-ri/lib/jaxb-impl.jar]
[Loaded com.sun.xml.bind.v2.runtime.unmarshaller.UnmarshallingContext$DefaultRootLoader from file:/home/wielants/Downloads/jaxws-ri/lib/jaxb-impl.jar]
[Loaded com.sun.xml.bind.v2.runtime.unmarshaller.UnmarshallingContext$ExpectedTypeRootLoader from file:/home/wielants/Downloads/jaxws-ri/lib/jaxb-impl.jar]
[Loaded com.sun.istack.SAXParseException2 from file:/home/wielants/Downloads/jaxws-ri/lib/jaxb-core.jar]
[Loaded org.xml.sax.helpers.LocatorImpl from /usr/lib/jvm/java-7-openjdk-amd64/jre/lib/rt.jar]
[Loaded com.sun.xml.bind.v2.runtime.unmarshaller.LocatorExWrapper from file:/home/wielants/Downloads/jaxws-ri/lib/jaxb-impl.jar]
[Loaded javax.xml.bind.ValidationEventLocator from /usr/lib/jvm/java-7-openjdk-amd64/jre/lib/rt.jar]
[Loaded com.sun.xml.bind.v2.runtime.unmarshaller.Scope from file:/home/wielants/Downloads/jaxws-ri/lib/jaxb-impl.jar]
[Loaded com.sun.xml.bind.v2.runtime.unmarshaller.UnmarshallingContext$State from file:/home/wielants/Downloads/jaxws-ri/lib/jaxb-impl.jar]
[Loaded com.sun.xml.bind.v2.runtime.unmarshaller.StAXConnector from file:/home/wielants/Downloads/jaxws-ri/lib/jaxb-impl.jar]
[Loaded com.sun.xml.bind.v2.runtime.unmarshaller.StAXStreamConnector from file:/home/wielants/Downloads/jaxws-ri/lib/jaxb-impl.jar]
[Loaded com.sun.xml.bind.v2.runtime.unmarshaller.TagName from file:/home/wielants/Downloads/jaxws-ri/lib/jaxb-impl.jar]
[Loaded com.sun.xml.bind.v2.runtime.unmarshaller.StAXConnector$TagNameImpl from file:/home/wielants/Downloads/jaxws-ri/lib/jaxb-impl.jar]
[Loaded com.sun.xml.bind.v2.runtime.unmarshaller.SecureLoader from file:/home/wielants/Downloads/jaxws-ri/lib/jaxb-impl.jar]
[Loaded org.jvnet.fastinfoset.stax.FastInfosetStreamReader from file:/home/wielants/Downloads/jaxws-ri/lib/FastInfoset.jar]
[Loaded com.sun.xml.fastinfoset.OctetBufferListener from file:/home/wielants/Downloads/jaxws-ri/lib/FastInfoset.jar]
[Loaded org.jvnet.fastinfoset.FastInfosetParser from file:/home/wielants/Downloads/jaxws-ri/lib/FastInfoset.jar]
[Loaded com.sun.xml.fastinfoset.Decoder from file:/home/wielants/Downloads/jaxws-ri/lib/FastInfoset.jar]
[Loaded com.sun.xml.fastinfoset.stax.StAXDocumentParser from file:/home/wielants/Downloads/jaxws-ri/lib/FastInfoset.jar]
[Loaded com.sun.xml.bind.v2.runtime.unmarshaller.FastInfosetConnector from file:/home/wielants/Downloads/jaxws-ri/lib/jaxb-impl.jar]
[Loaded com.sun.xml.bind.v2.runtime.unmarshaller.StAXExConnector from file:/home/wielants/Downloads/jaxws-ri/lib/jaxb-impl.jar]
[Loaded com.sun.xml.bind.v2.runtime.unmarshaller.StAXStreamConnector$1 from file:/home/wielants/Downloads/jaxws-ri/lib/jaxb-impl.jar]
[Loaded com.sun.xml.bind.v2.runtime.unmarshaller.StAXConnector$1 from file:/home/wielants/Downloads/jaxws-ri/lib/jaxb-impl.jar]
[Loaded sun.reflect.UnsafeObjectFieldAccessorImpl from /usr/lib/jvm/java-7-openjdk-amd64/jre/lib/rt.jar]
[Loaded com.sun.xml.ws.assembler.TubeCreator from file:/home/wielants/Downloads/jaxws-ri/lib/jaxws-rt.jar]
[Loaded com.sun.xml.ws.assembler.dev.TubeFactory from file:/home/wielants/Downloads/jaxws-ri/lib/jaxws-rt.jar]
[Loaded com.sun.xml.ws.assembler.jaxws.HandlerTubeFactory from file:/home/wielants/Downloads/jaxws-ri/lib/jaxws-rt.jar]
[Loaded com.sun.xml.ws.assembler.jaxws.ValidationTubeFactory from file:/home/wielants/Downloads/jaxws-ri/lib/jaxws-rt.jar]
[Loaded com.sun.xml.ws.assembler.jaxws.MustUnderstandTubeFactory from file:/home/wielants/Downloads/jaxws-ri/lib/jaxws-rt.jar]
[Loaded com.sun.xml.ws.assembler.jaxws.AddressingTubeFactory from file:/home/wielants/Downloads/jaxws-ri/lib/jaxws-rt.jar]
[Loaded com.sun.xml.ws.dump.MessageDumpingTubeFactory from file:/home/wielants/Downloads/jaxws-ri/lib/jaxws-rt.jar]
[Loaded com.sun.xml.ws.assembler.jaxws.BasicTransportTubeFactory from file:/home/wielants/Downloads/jaxws-ri/lib/jaxws-rt.jar]
[Loaded com.sun.xml.ws.assembler.dev.TubelineAssemblyContextUpdater from file:/home/wielants/Downloads/jaxws-ri/lib/jaxws-rt.jar]
[Loaded com.sun.xml.ws.assembler.dev.TubelineAssemblyDecorator from file:/home/wielants/Downloads/jaxws-ri/lib/jaxws-rt.jar]
[Loaded com.sun.xml.ws.assembler.dev.TubelineAssemblyDecorator$CompositeTubelineAssemblyDecorator from file:/home/wielants/Downloads/jaxws-ri/lib/jaxws-rt.jar]
[Loaded com.sun.xml.ws.assembler.MetroTubelineAssembler$Side from file:/home/wielants/Downloads/jaxws-ri/lib/jaxws-rt.jar]
[Loaded com.sun.xml.ws.assembler.MetroTubelineAssembler$MessageDumpingInfo from file:/home/wielants/Downloads/jaxws-ri/lib/jaxws-rt.jar]
[Loaded com.sun.xml.ws.transport.DeferredTransportPipe from file:/home/wielants/Downloads/jaxws-ri/lib/jaxws-rt.jar]
[Loaded com.sun.xml.ws.api.pipe.TubeCloner from file:/home/wielants/Downloads/jaxws-ri/lib/jaxws-rt.jar]
[Loaded com.sun.xml.ws.api.pipe.PipeCloner from file:/home/wielants/Downloads/jaxws-ri/lib/jaxws-rt.jar]
[Loaded com.sun.xml.ws.developer.HttpConfigFeature from file:/home/wielants/Downloads/jaxws-ri/lib/jaxws-rt.jar]
[Loaded java.net.CookiePolicy from /usr/lib/jvm/java-7-openjdk-amd64/jre/lib/rt.jar]
[Loaded java.net.CookiePolicy$1 from /usr/lib/jvm/java-7-openjdk-amd64/jre/lib/rt.jar]
[Loaded java.net.CookiePolicy$2 from /usr/lib/jvm/java-7-openjdk-amd64/jre/lib/rt.jar]
[Loaded java.net.CookiePolicy$3 from /usr/lib/jvm/java-7-openjdk-amd64/jre/lib/rt.jar]
[Loaded java.net.CookieStore from /usr/lib/jvm/java-7-openjdk-amd64/jre/lib/rt.jar]
[Loaded java.net.CookieHandler from /usr/lib/jvm/java-7-openjdk-amd64/jre/lib/rt.jar]
[Loaded java.net.CookieManager from /usr/lib/jvm/java-7-openjdk-amd64/jre/lib/rt.jar]
[Loaded java.net.InMemoryCookieStore from /usr/lib/jvm/java-7-openjdk-amd64/jre/lib/rt.jar]
[Loaded com.sun.xml.ws.api.pipe.TransportTubeFactory from file:/home/wielants/Downloads/jaxws-ri/lib/jaxws-rt.jar]
[Loaded com.sun.xml.ws.api.pipe.TransportTubeFactory$DefaultTransportTubeFactory from file:/home/wielants/Downloads/jaxws-ri/lib/jaxws-rt.jar]
[Loaded com.sun.xml.ws.api.pipe.ClientPipeAssemblerContext from file:/home/wielants/Downloads/jaxws-ri/lib/jaxws-rt.jar]
[Loaded com.sun.xml.ws.api.pipe.TransportPipeFactory from file:/home/wielants/Downloads/jaxws-ri/lib/jaxws-rt.jar]
[Loaded com.sun.xml.ws.transport.http.client.HttpTransportPipe from file:/home/wielants/Downloads/jaxws-ri/lib/jaxws-rt.jar]
[Loaded com.sun.xml.ws.client.ClientTransportException from file:/home/wielants/Downloads/jaxws-ri/lib/jaxws-rt.jar]
[Loaded com.sun.xml.ws.api.ha.StickyFeature from file:/home/wielants/Downloads/jaxws-ri/lib/jaxws-rt.jar]
[Loaded com.sun.xml.ws.dump.MessageDumpingFeature from file:/home/wielants/Downloads/jaxws-ri/lib/jaxws-rt.jar]
[Loaded com.sun.xml.ws.protocol.soap.MUTube from file:/home/wielants/Downloads/jaxws-ri/lib/jaxws-rt.jar]
[Loaded com.sun.xml.ws.protocol.soap.ClientMUTube from file:/home/wielants/Downloads/jaxws-ri/lib/jaxws-rt.jar]
[Loaded javax.xml.ws.ProtocolException from /usr/lib/jvm/java-7-openjdk-amd64/jre/lib/rt.jar]
[Loaded javax.xml.ws.soap.SOAPFaultException from /usr/lib/jvm/java-7-openjdk-amd64/jre/lib/rt.jar]
[Loaded com.sun.xml.ws.developer.SchemaValidationFeature from file:/home/wielants/Downloads/jaxws-ri/lib/jaxws-rt.jar]
[Loaded javax.xml.ws.handler.MessageContext from /usr/lib/jvm/java-7-openjdk-amd64/jre/lib/rt.jar]
[Loaded com.sun.xml.ws.handler.MessageUpdatableContext from file:/home/wielants/Downloads/jaxws-ri/lib/jaxws-rt.jar]
[Loaded com.sun.xml.ws.api.handler.MessageHandlerContext from file:/home/wielants/Downloads/jaxws-ri/lib/jaxws-rt.jar]
[Loaded com.sun.xml.ws.handler.MessageHandlerContextImpl from file:/home/wielants/Downloads/jaxws-ri/lib/jaxws-rt.jar]
[Loaded com.sun.xml.ws.api.message.Attachment from file:/home/wielants/Downloads/jaxws-ri/lib/jaxws-rt.jar]
[Loaded com.sun.xml.ws.handler.HandlerProcessor from file:/home/wielants/Downloads/jaxws-ri/lib/jaxws-rt.jar]
[Loaded com.sun.xml.ws.handler.SOAPHandlerProcessor from file:/home/wielants/Downloads/jaxws-ri/lib/jaxws-rt.jar]
[Loaded javax.xml.ws.handler.soap.SOAPMessageContext from /usr/lib/jvm/java-7-openjdk-amd64/jre/lib/rt.jar]
[Loaded com.sun.xml.ws.handler.SOAPMessageContextImpl from file:/home/wielants/Downloads/jaxws-ri/lib/jaxws-rt.jar]
[Loaded com.sun.xml.ws.handler.ClientLogicalHandlerTube from file:/home/wielants/Downloads/jaxws-ri/lib/jaxws-rt.jar]
[Loaded javax.xml.ws.handler.LogicalMessageContext from /usr/lib/jvm/java-7-openjdk-amd64/jre/lib/rt.jar]
[Loaded com.sun.xml.ws.handler.LogicalMessageContextImpl from file:/home/wielants/Downloads/jaxws-ri/lib/jaxws-rt.jar]
[Loaded com.sun.xml.ws.handler.XMLHandlerProcessor from file:/home/wielants/Downloads/jaxws-ri/lib/jaxws-rt.jar]
[Loaded java.util.AbstractQueue from /usr/lib/jvm/java-7-openjdk-amd64/jre/lib/rt.jar]
[Loaded java.util.concurrent.ConcurrentLinkedQueue from /usr/lib/jvm/java-7-openjdk-amd64/jre/lib/rt.jar]
[Loaded java.util.concurrent.ConcurrentLinkedQueue$Node from /usr/lib/jvm/java-7-openjdk-amd64/jre/lib/rt.jar]
[Loaded com.sun.xml.ws.client.sei.MethodHandler from file:/home/wielants/Downloads/jaxws-ri/lib/jaxws-rt.jar]
[Loaded com.sun.xml.ws.client.sei.SyncMethodHandler from file:/home/wielants/Downloads/jaxws-ri/lib/jaxws-rt.jar]
[Loaded com.sun.xml.ws.encoding.soap.DeserializationException from file:/home/wielants/Downloads/jaxws-ri/lib/jaxws-rt.jar]
[Loaded com.sun.xml.ws.Closeable from file:/home/wielants/Downloads/jaxws-ri/lib/jaxws-rt.jar]
[Loaded java.lang.reflect.Proxy$KeyX from /usr/lib/jvm/java-7-openjdk-amd64/jre/lib/rt.jar]
[Loaded sun.misc.ProxyGenerator$1 from /usr/lib/jvm/java-7-openjdk-amd64/jre/lib/rt.jar]
[Loaded com.sun.proxy.$Proxy34 from com.sun.xml.ws.client.WSServiceDelegate$DelegatingLoader]
[Loaded com.sun.xml.ws.api.databinding.JavaCallInfo from file:/home/wielants/Downloads/jaxws-ri/lib/jaxws-rt.jar]
[Loaded com.sun.xml.ws.message.jaxb.JAXBMessage from file:/home/wielants/Downloads/jaxws-ri/lib/jaxws-rt.jar]
[Loaded com.sun.xml.ws.api.message.MessageHeaders from file:/home/wielants/Downloads/jaxws-ri/lib/jaxws-rt.jar]
[Loaded com.sun.xml.ws.message.saaj.SAAJMessage from file:/home/wielants/Downloads/jaxws-ri/lib/jaxws-rt.jar]
[Loaded javax.xml.bind.attachment.AttachmentMarshaller from /usr/lib/jvm/java-7-openjdk-amd64/jre/lib/rt.jar]
[Loaded com.sun.xml.ws.message.jaxb.AttachmentMarshallerImpl from file:/home/wielants/Downloads/jaxws-ri/lib/jaxws-rt.jar]
[Loaded org.xml.sax.helpers.AttributesImpl from /usr/lib/jvm/java-7-openjdk-amd64/jre/lib/rt.jar]
[Loaded com.sun.xml.ws.message.AttachmentSetImpl from file:/home/wielants/Downloads/jaxws-ri/lib/jaxws-rt.jar]
[Loaded com.sun.xml.ws.api.message.MessageWrapper from file:/home/wielants/Downloads/jaxws-ri/lib/jaxws-rt.jar]
[Loaded com.sun.xml.ws.api.server.WebServiceContextDelegate from file:/home/wielants/Downloads/jaxws-ri/lib/jaxws-rt.jar]
[Loaded com.sun.xml.ws.api.server.TransportBackChannel from file:/home/wielants/Downloads/jaxws-ri/lib/jaxws-rt.jar]
[Loaded com.sun.xml.ws.api.server.WSEndpoint from file:/home/wielants/Downloads/jaxws-ri/lib/jaxws-rt.jar]
[Loaded com.sun.xml.ws.api.message.Packet$State from file:/home/wielants/Downloads/jaxws-ri/lib/jaxws-rt.jar]
[Loaded com.oracle.webservices.api.message.BasePropertySet$FieldAccessor from file:/home/wielants/Downloads/jaxws-ri/lib/jaxws-rt.jar]
[Loaded com.sun.xml.ws.api.DistributedPropertySet from file:/home/wielants/Downloads/jaxws-ri/lib/jaxws-rt.jar]
[Loaded com.sun.xml.ws.api.message.HeaderList from file:/home/wielants/Downloads/jaxws-ri/lib/jaxws-rt.jar]
[Loaded sun.reflect.GeneratedConstructorAccessor5 from __JVM_DefineClass__]
[Loaded com.sun.xml.ws.encoding.TagInfoset from file:/home/wielants/Downloads/jaxws-ri/lib/jaxws-rt.jar]
[Loaded com.sun.xml.ws.api.pipe.Fiber from file:/home/wielants/Downloads/jaxws-ri/lib/jaxws-rt.jar]
[Loaded com.sun.xml.ws.api.pipe.Fiber$OnExitRunnableException from file:/home/wielants/Downloads/jaxws-ri/lib/jaxws-rt.jar]
[Loaded com.sun.xml.ws.api.pipe.Fiber$PlaceholderTube from file:/home/wielants/Downloads/jaxws-ri/lib/jaxws-rt.jar]
[Loaded java.util.concurrent.locks.Condition from /usr/lib/jvm/java-7-openjdk-amd64/jre/lib/rt.jar]
[Loaded java.util.concurrent.locks.AbstractQueuedSynchronizer$ConditionObject from /usr/lib/jvm/java-7-openjdk-amd64/jre/lib/rt.jar]
[Loaded com.sun.xml.ws.handler.HandlerTube$HandlerTubeExchange from file:/home/wielants/Downloads/jaxws-ri/lib/jaxws-rt.jar]
[Loaded javax.xml.ws.LogicalMessage from /usr/lib/jvm/java-7-openjdk-amd64/jre/lib/rt.jar]
[Loaded com.sun.xml.ws.handler.MessageContextImpl from file:/home/wielants/Downloads/jaxws-ri/lib/jaxws-rt.jar]
[Loaded com.sun.xml.ws.api.message.Packet$1 from file:/home/wielants/Downloads/jaxws-ri/lib/jaxws-rt.jar]
[Loaded com.sun.xml.ws.api.pipe.NextAction from file:/home/wielants/Downloads/jaxws-ri/lib/jaxws-rt.jar]
[Loaded com.sun.xml.ws.transport.Headers from file:/home/wielants/Downloads/jaxws-ri/lib/jaxws-rt.jar]
[Loaded com.sun.xml.ws.transport.Headers$InsensitiveComparator from file:/home/wielants/Downloads/jaxws-ri/lib/jaxws-rt.jar]
[Loaded javax.xml.bind.DatatypeConverter from /usr/lib/jvm/java-7-openjdk-amd64/jre/lib/rt.jar]
[Loaded javax.xml.bind.JAXBPermission from /usr/lib/jvm/java-7-openjdk-amd64/jre/lib/rt.jar]
[Loaded javax.xml.bind.DatatypeConverterInterface from /usr/lib/jvm/java-7-openjdk-amd64/jre/lib/rt.jar]
[Loaded javax.xml.bind.DatatypeConverterImpl from /usr/lib/jvm/java-7-openjdk-amd64/jre/lib/rt.jar]
[Loaded com.sun.xml.ws.transport.http.client.HttpClientTransport from file:/home/wielants/Downloads/jaxws-ri/lib/jaxws-rt.jar]
[Loaded java.util.zip.GZIPInputStream from /usr/lib/jvm/java-7-openjdk-amd64/jre/lib/rt.jar]
[Loaded com.sun.xml.ws.transport.http.client.HttpClientTransport$WSChunkedOuputStream from file:/home/wielants/Downloads/jaxws-ri/lib/jaxws-rt.jar]
[Loaded java.util.zip.DeflaterOutputStream from /usr/lib/jvm/java-7-openjdk-amd64/jre/lib/rt.jar]
[Loaded java.util.zip.GZIPOutputStream from /usr/lib/jvm/java-7-openjdk-amd64/jre/lib/rt.jar]
[Loaded com.sun.xml.ws.transport.http.client.HttpClientTransport$1 from file:/home/wielants/Downloads/jaxws-ri/lib/jaxws-rt.jar]
[Loaded javax.net.ssl.HostnameVerifier from /usr/lib/jvm/java-7-openjdk-amd64/jre/lib/rt.jar]
[Loaded com.sun.xml.ws.transport.http.client.HttpResponseProperties from file:/home/wielants/Downloads/jaxws-ri/lib/jaxws-rt.jar]
[Loaded com.sun.xml.ws.encoding.ContentTypeImpl$Builder from file:/home/wielants/Downloads/jaxws-ri/lib/jaxws-rt.jar]
[Loaded java.net.HttpURLConnection from /usr/lib/jvm/java-7-openjdk-amd64/jre/lib/rt.jar]
[Loaded sun.net.www.protocol.http.HttpURLConnection from /usr/lib/jvm/java-7-openjdk-amd64/jre/lib/rt.jar]
[Loaded sun.security.action.GetIntegerAction from /usr/lib/jvm/java-7-openjdk-amd64/jre/lib/rt.jar]
[Loaded java.util.logging.Logger$1 from /usr/lib/jvm/java-7-openjdk-amd64/jre/lib/rt.jar]
[Loaded java.util.ListResourceBundle from /usr/lib/jvm/java-7-openjdk-amd64/jre/lib/rt.jar]
[Loaded sun.util.logging.resources.logging from /usr/lib/jvm/java-7-openjdk-amd64/jre/lib/rt.jar]
[Loaded sun.util.logging.resources.logging_de from /usr/lib/jvm/java-7-openjdk-amd64/jre/lib/rt.jar]
[Loaded sun.net.www.protocol.http.HttpURLConnection$TunnelState from /usr/lib/jvm/java-7-openjdk-amd64/jre/lib/rt.jar]
[Loaded sun.net.ApplicationProxy from /usr/lib/jvm/java-7-openjdk-amd64/jre/lib/rt.jar]
[Loaded sun.net.www.protocol.http.HttpURLConnection$2 from /usr/lib/jvm/java-7-openjdk-amd64/jre/lib/rt.jar]
[Loaded sun.net.www.protocol.http.HttpURLConnection$3 from /usr/lib/jvm/java-7-openjdk-amd64/jre/lib/rt.jar]
[Loaded java.net.ResponseCache from /usr/lib/jvm/java-7-openjdk-amd64/jre/lib/rt.jar]
[Loaded javax.net.ssl.HttpsURLConnection from /usr/lib/jvm/java-7-openjdk-amd64/jre/lib/rt.jar]
[Loaded java.util.TreeMap$EntrySet from /usr/lib/jvm/java-7-openjdk-amd64/jre/lib/rt.jar]
[Loaded java.util.TreeMap$EntryIterator from /usr/lib/jvm/java-7-openjdk-amd64/jre/lib/rt.jar]
[Loaded sun.net.NetworkClient from /usr/lib/jvm/java-7-openjdk-amd64/jre/lib/rt.jar]
[Loaded sun.net.www.http.HttpClient from /usr/lib/jvm/java-7-openjdk-amd64/jre/lib/rt.jar]
[Loaded sun.net.NetworkClient$1 from /usr/lib/jvm/java-7-openjdk-amd64/jre/lib/rt.jar]
[Loaded sun.net.www.http.KeepAliveCache from /usr/lib/jvm/java-7-openjdk-amd64/jre/lib/rt.jar]
[Loaded sun.net.www.http.KeepAliveKey from /usr/lib/jvm/java-7-openjdk-amd64/jre/lib/rt.jar]
[Loaded sun.net.www.http.HttpCapture from /usr/lib/jvm/java-7-openjdk-amd64/jre/lib/rt.jar]
[Loaded sun.net.www.http.HttpCapture$1 from /usr/lib/jvm/java-7-openjdk-amd64/jre/lib/rt.jar]
[Loaded java.net.Socket from /usr/lib/jvm/java-7-openjdk-amd64/jre/lib/rt.jar]
[Loaded java.net.SocksConsts from /usr/lib/jvm/java-7-openjdk-amd64/jre/lib/rt.jar]
[Loaded java.net.SocketOptions from /usr/lib/jvm/java-7-openjdk-amd64/jre/lib/rt.jar]
[Loaded java.net.SocketImpl from /usr/lib/jvm/java-7-openjdk-amd64/jre/lib/rt.jar]
[Loaded java.net.AbstractPlainSocketImpl from /usr/lib/jvm/java-7-openjdk-amd64/jre/lib/rt.jar]
[Loaded java.net.PlainSocketImpl from /usr/lib/jvm/java-7-openjdk-amd64/jre/lib/rt.jar]
[Loaded java.net.SocksSocketImpl from /usr/lib/jvm/java-7-openjdk-amd64/jre/lib/rt.jar]
[Loaded sun.security.action.LoadLibraryAction from /usr/lib/jvm/java-7-openjdk-amd64/jre/lib/rt.jar]
[Loaded java.net.SocketAddress from /usr/lib/jvm/java-7-openjdk-amd64/jre/lib/rt.jar]
[Loaded java.net.InetSocketAddress from /usr/lib/jvm/java-7-openjdk-amd64/jre/lib/rt.jar]
[Loaded java.net.InetAddress from /usr/lib/jvm/java-7-openjdk-amd64/jre/lib/rt.jar]
[Loaded java.net.InetSocketAddress$InetSocketAddressHolder from /usr/lib/jvm/java-7-openjdk-amd64/jre/lib/rt.jar]
[Loaded java.net.InetAddress$InetAddressHolder from /usr/lib/jvm/java-7-openjdk-amd64/jre/lib/rt.jar]
[Loaded java.net.InetAddress$Cache from /usr/lib/jvm/java-7-openjdk-amd64/jre/lib/rt.jar]
[Loaded java.net.InetAddress$Cache$Type from /usr/lib/jvm/java-7-openjdk-amd64/jre/lib/rt.jar]
[Loaded java.net.InetAddressImplFactory from /usr/lib/jvm/java-7-openjdk-amd64/jre/lib/rt.jar]
[Loaded java.net.InetAddressImpl from /usr/lib/jvm/java-7-openjdk-amd64/jre/lib/rt.jar]
[Loaded java.net.Inet6AddressImpl from /usr/lib/jvm/java-7-openjdk-amd64/jre/lib/rt.jar]
[Loaded sun.net.spi.nameservice.NameService from /usr/lib/jvm/java-7-openjdk-amd64/jre/lib/rt.jar]
[Loaded java.net.InetAddress$1 from /usr/lib/jvm/java-7-openjdk-amd64/jre/lib/rt.jar]
[Loaded java.net.Inet4AddressImpl from /usr/lib/jvm/java-7-openjdk-amd64/jre/lib/rt.jar]
[Loaded java.net.Inet4Address from /usr/lib/jvm/java-7-openjdk-amd64/jre/lib/rt.jar]
[Loaded sun.net.InetAddressCachePolicy from /usr/lib/jvm/java-7-openjdk-amd64/jre/lib/rt.jar]
[Loaded sun.net.InetAddressCachePolicy$1 from /usr/lib/jvm/java-7-openjdk-amd64/jre/lib/rt.jar]
[Loaded java.security.Security from /usr/lib/jvm/java-7-openjdk-amd64/jre/lib/rt.jar]
[Loaded java.security.Security$1 from /usr/lib/jvm/java-7-openjdk-amd64/jre/lib/rt.jar]
[Loaded sun.net.InetAddressCachePolicy$2 from /usr/lib/jvm/java-7-openjdk-amd64/jre/lib/rt.jar]
[Loaded java.net.InetAddress$CacheEntry from /usr/lib/jvm/java-7-openjdk-amd64/jre/lib/rt.jar]
[Loaded java.net.Inet6Address from /usr/lib/jvm/java-7-openjdk-amd64/jre/lib/rt.jar]
[Loaded java.net.Inet6Address$Inet6AddressHolder from /usr/lib/jvm/java-7-openjdk-amd64/jre/lib/rt.jar]
[Loaded java.net.SocketException from /usr/lib/jvm/java-7-openjdk-amd64/jre/lib/rt.jar]
[Loaded java.net.SocksSocketImpl$3 from /usr/lib/jvm/java-7-openjdk-amd64/jre/lib/rt.jar]
[Loaded sun.net.NetHooks from /usr/lib/jvm/java-7-openjdk-amd64/jre/lib/rt.jar]
[Loaded sun.net.NetHooks$Provider from /usr/lib/jvm/java-7-openjdk-amd64/jre/lib/rt.jar]
[Loaded sun.net.sdp.SdpProvider from /usr/lib/jvm/java-7-openjdk-amd64/jre/lib/rt.jar]
[Loaded java.net.Socket$3 from /usr/lib/jvm/java-7-openjdk-amd64/jre/lib/rt.jar]
[Loaded java.net.SocketOutputStream from /usr/lib/jvm/java-7-openjdk-amd64/jre/lib/rt.jar]
[Loaded sun.net.www.http.PosterOutputStream from /usr/lib/jvm/java-7-openjdk-amd64/jre/lib/rt.jar]
[Loaded com.sun.xml.ws.api.streaming.XMLStreamWriterFactory from file:/home/wielants/Downloads/jaxws-ri/lib/jaxws-rt.jar]
[Loaded com.sun.xml.ws.api.streaming.XMLStreamWriterFactory$NoLock from file:/home/wielants/Downloads/jaxws-ri/lib/jaxws-rt.jar]
[Loaded com.sun.xml.ws.api.streaming.XMLStreamWriterFactory$Default from file:/home/wielants/Downloads/jaxws-ri/lib/jaxws-rt.jar]
[Loaded javax.xml.stream.XMLOutputFactory from /usr/lib/jvm/java-7-openjdk-amd64/jre/lib/rt.jar]
[Loaded com.ctc.wstx.cfg.OutputConfigFlags from file:/home/wielants/Downloads/jaxws-ri/lib/woodstox-core-asl.jar]
[Loaded org.codehaus.stax2.XMLOutputFactory2 from file:/home/wielants/Downloads/jaxws-ri/lib/stax2-api.jar]
[Loaded com.ctc.wstx.stax.WstxOutputFactory from file:/home/wielants/Downloads/jaxws-ri/lib/woodstox-core-asl.jar]
[Loaded com.ctc.wstx.io.CompletelyCloseable from file:/home/wielants/Downloads/jaxws-ri/lib/woodstox-core-asl.jar]
[Loaded com.ctc.wstx.io.UTF8Writer from file:/home/wielants/Downloads/jaxws-ri/lib/woodstox-core-asl.jar]
[Loaded com.ctc.wstx.sw.XmlWriter from file:/home/wielants/Downloads/jaxws-ri/lib/woodstox-core-asl.jar]
[Loaded com.ctc.wstx.sw.BufferingXmlWriter from file:/home/wielants/Downloads/jaxws-ri/lib/woodstox-core-asl.jar]
[Loaded com.ctc.wstx.sw.EncodingXmlWriter from file:/home/wielants/Downloads/jaxws-ri/lib/woodstox-core-asl.jar]
[Loaded com.ctc.wstx.sw.ISOLatin1XmlWriter from file:/home/wielants/Downloads/jaxws-ri/lib/woodstox-core-asl.jar]
[Loaded com.ctc.wstx.sw.AsciiXmlWriter from file:/home/wielants/Downloads/jaxws-ri/lib/woodstox-core-asl.jar]
[Loaded org.codehaus.stax2.typed.TypedXMLStreamWriter from file:/home/wielants/Downloads/jaxws-ri/lib/stax2-api.jar]
[Loaded org.codehaus.stax2.XMLStreamWriter2 from file:/home/wielants/Downloads/jaxws-ri/lib/stax2-api.jar]
[Loaded org.codehaus.stax2.io.Stax2Result from file:/home/wielants/Downloads/jaxws-ri/lib/stax2-api.jar]
[Loaded javax.xml.transform.stream.StreamResult from /usr/lib/jvm/java-7-openjdk-amd64/jre/lib/rt.jar]
[Loaded javax.xml.stream.util.XMLEventConsumer from /usr/lib/jvm/java-7-openjdk-amd64/jre/lib/rt.jar]
[Loaded javax.xml.stream.XMLEventWriter from /usr/lib/jvm/java-7-openjdk-amd64/jre/lib/rt.jar]
[Loaded com.ctc.wstx.api.WriterConfig from file:/home/wielants/Downloads/jaxws-ri/lib/woodstox-core-asl.jar]
[Loaded com.sun.xml.ws.api.streaming.XMLStreamWriterFactory$Zephyr from file:/home/wielants/Downloads/jaxws-ri/lib/jaxws-rt.jar]
[Loaded com.ctc.wstx.sw.XmlWriterWrapper from file:/home/wielants/Downloads/jaxws-ri/lib/woodstox-core-asl.jar]
[Loaded com.ctc.wstx.api.InvalidCharHandler from file:/home/wielants/Downloads/jaxws-ri/lib/woodstox-core-asl.jar]
[Loaded org.codehaus.stax2.ri.Stax2WriterImpl from file:/home/wielants/Downloads/jaxws-ri/lib/stax2-api.jar]
[Loaded com.ctc.wstx.sw.BaseStreamWriter from file:/home/wielants/Downloads/jaxws-ri/lib/woodstox-core-asl.jar]
[Loaded com.ctc.wstx.sw.TypedStreamWriter from file:/home/wielants/Downloads/jaxws-ri/lib/woodstox-core-asl.jar]
[Loaded com.ctc.wstx.sw.BaseNsStreamWriter from file:/home/wielants/Downloads/jaxws-ri/lib/woodstox-core-asl.jar]
[Loaded com.ctc.wstx.sw.SimpleNsStreamWriter from file:/home/wielants/Downloads/jaxws-ri/lib/woodstox-core-asl.jar]
[Loaded org.codehaus.stax2.ri.typed.AsciiValueEncoder from file:/home/wielants/Downloads/jaxws-ri/lib/stax2-api.jar]
[Loaded org.codehaus.stax2.ri.typed.ValueEncoderFactory$ScalarEncoder from file:/home/wielants/Downloads/jaxws-ri/lib/stax2-api.jar]
[Loaded org.codehaus.stax2.ri.typed.ValueEncoderFactory$ArrayEncoder from file:/home/wielants/Downloads/jaxws-ri/lib/stax2-api.jar]
[Loaded org.codehaus.stax2.ri.typed.ValueEncoderFactory$IntArrayEncoder from file:/home/wielants/Downloads/jaxws-ri/lib/stax2-api.jar]
[Loaded org.codehaus.stax2.ri.typed.ValueEncoderFactory$Base64Encoder from file:/home/wielants/Downloads/jaxws-ri/lib/stax2-api.jar]
[Loaded org.codehaus.stax2.ri.typed.ValueEncoderFactory$DoubleArrayEncoder from file:/home/wielants/Downloads/jaxws-ri/lib/stax2-api.jar]
[Loaded org.codehaus.stax2.ri.typed.ValueEncoderFactory$FloatArrayEncoder from file:/home/wielants/Downloads/jaxws-ri/lib/stax2-api.jar]
[Loaded org.codehaus.stax2.ri.typed.ValueEncoderFactory$LongArrayEncoder from file:/home/wielants/Downloads/jaxws-ri/lib/stax2-api.jar]
[Loaded org.codehaus.stax2.ri.typed.ValueEncoderFactory$TypedScalarEncoder from file:/home/wielants/Downloads/jaxws-ri/lib/stax2-api.jar]
[Loaded org.codehaus.stax2.ri.typed.ValueEncoderFactory$DoubleEncoder from file:/home/wielants/Downloads/jaxws-ri/lib/stax2-api.jar]
[Loaded org.codehaus.stax2.ri.typed.ValueEncoderFactory$FloatEncoder from file:/home/wielants/Downloads/jaxws-ri/lib/stax2-api.jar]
[Loaded org.codehaus.stax2.ri.typed.ValueEncoderFactory$LongEncoder from file:/home/wielants/Downloads/jaxws-ri/lib/stax2-api.jar]
[Loaded org.codehaus.stax2.ri.typed.ValueEncoderFactory$IntEncoder from file:/home/wielants/Downloads/jaxws-ri/lib/stax2-api.jar]
[Loaded com.ctc.wstx.sw.OutputElementBase from file:/home/wielants/Downloads/jaxws-ri/lib/woodstox-core-asl.jar]
[Loaded com.ctc.wstx.sw.SimpleOutputElement from file:/home/wielants/Downloads/jaxws-ri/lib/woodstox-core-asl.jar]
[Loaded com.sun.xml.ws.encoding.HasEncoding from file:/home/wielants/Downloads/jaxws-ri/lib/jaxws-rt.jar]
[Loaded com.sun.xml.ws.api.streaming.XMLStreamWriterFactory$RecycleAware from file:/home/wielants/Downloads/jaxws-ri/lib/jaxws-rt.jar]
[Loaded com.sun.xml.ws.util.xml.XMLStreamWriterFilter from file:/home/wielants/Downloads/jaxws-ri/lib/jaxws-rt.jar]
[Loaded com.sun.xml.ws.api.streaming.XMLStreamWriterFactory$HasEncodingWriter from file:/home/wielants/Downloads/jaxws-ri/lib/jaxws-rt.jar]
[Loaded com.ctc.wstx.util.BijectiveNsMap from file:/home/wielants/Downloads/jaxws-ri/lib/woodstox-core-asl.jar]
[Loaded com.sun.xml.ws.streaming.MtomStreamWriter from file:/home/wielants/Downloads/jaxws-ri/lib/jaxws-rt.jar]
[Loaded com.sun.xml.ws.streaming.XMLStreamWriterUtil from file:/home/wielants/Downloads/jaxws-ri/lib/jaxws-rt.jar]
[Loaded javax.xml.bind.helpers.AbstractMarshallerImpl from /usr/lib/jvm/java-7-openjdk-amd64/jre/lib/rt.jar]
[Loaded com.sun.xml.bind.v2.runtime.MarshallerImpl from file:/home/wielants/Downloads/jaxws-ri/lib/jaxb-impl.jar]
[Loaded javax.xml.bind.PropertyException from /usr/lib/jvm/java-7-openjdk-amd64/jre/lib/rt.jar]
[Loaded com.sun.xml.bind.v2.runtime.MarshallerImpl$1 from file:/home/wielants/Downloads/jaxws-ri/lib/jaxb-impl.jar]
[Loaded com.sun.xml.bind.marshaller.XMLWriter from file:/home/wielants/Downloads/jaxws-ri/lib/jaxb-core.jar]
[Loaded com.sun.xml.bind.marshaller.DataWriter from file:/home/wielants/Downloads/jaxws-ri/lib/jaxb-core.jar]
[Loaded com.sun.xml.bind.v2.runtime.output.XmlOutputAbstractImpl from file:/home/wielants/Downloads/jaxws-ri/lib/jaxb-impl.jar]
[Loaded com.sun.xml.bind.v2.runtime.output.UTF8XmlOutput from file:/home/wielants/Downloads/jaxws-ri/lib/jaxb-impl.jar]
[Loaded com.sun.xml.bind.v2.runtime.output.IndentingUTF8XmlOutput from file:/home/wielants/Downloads/jaxws-ri/lib/jaxb-impl.jar]
[Loaded com.sun.xml.bind.v2.runtime.output.C14nXmlOutput from file:/home/wielants/Downloads/jaxws-ri/lib/jaxb-impl.jar]
[Loaded com.sun.xml.bind.marshaller.CharacterEscapeHandler from file:/home/wielants/Downloads/jaxws-ri/lib/jaxb-core.jar]
[Loaded com.sun.xml.bind.v2.runtime.XMLSerializer from file:/home/wielants/Downloads/jaxws-ri/lib/jaxb-impl.jar]
[Loaded com.sun.istack.SAXException2 from file:/home/wielants/Downloads/jaxws-ri/lib/jaxb-core.jar]
[Loaded com.sun.xml.bind.v2.runtime.NamespaceContext2 from file:/home/wielants/Downloads/jaxws-ri/lib/jaxb-impl.jar]
[Loaded com.sun.xml.bind.v2.runtime.unmarshaller.IntData from file:/home/wielants/Downloads/jaxws-ri/lib/jaxb-impl.jar]
[Loaded com.sun.xml.bind.CycleRecoverable$Context from file:/home/wielants/Downloads/jaxws-ri/lib/jaxb-impl.jar]
[Loaded com.sun.xml.bind.v2.util.CollisionCheckStack from file:/home/wielants/Downloads/jaxws-ri/lib/jaxb-impl.jar]
[Loaded com.sun.xml.bind.v2.runtime.output.NamespaceContextImpl from file:/home/wielants/Downloads/jaxws-ri/lib/jaxb-impl.jar]
[Loaded com.sun.xml.bind.marshaller.NamespacePrefixMapper from file:/home/wielants/Downloads/jaxws-ri/lib/jaxb-impl.jar]
[Loaded com.sun.xml.bind.v2.runtime.output.NamespaceContextImpl$1 from file:/home/wielants/Downloads/jaxws-ri/lib/jaxb-impl.jar]
[Loaded com.sun.xml.bind.v2.runtime.output.NamespaceContextImpl$Element from file:/home/wielants/Downloads/jaxws-ri/lib/jaxb-impl.jar]
[Loaded com.sun.xml.bind.v2.runtime.StAXPostInitAction from file:/home/wielants/Downloads/jaxws-ri/lib/jaxb-impl.jar]
[Loaded com.sun.xml.bind.v2.runtime.output.Encoded from file:/home/wielants/Downloads/jaxws-ri/lib/jaxb-impl.jar]
[Loaded sun.net.www.protocol.http.AuthCacheValue from /usr/lib/jvm/java-7-openjdk-amd64/jre/lib/rt.jar]
[Loaded sun.net.www.protocol.http.AuthenticationInfo from /usr/lib/jvm/java-7-openjdk-amd64/jre/lib/rt.jar]
[Loaded sun.net.www.protocol.http.AuthCache from /usr/lib/jvm/java-7-openjdk-amd64/jre/lib/rt.jar]
[Loaded sun.net.www.protocol.http.AuthCacheImpl from /usr/lib/jvm/java-7-openjdk-amd64/jre/lib/rt.jar]
[Loaded java.net.Socket$2 from /usr/lib/jvm/java-7-openjdk-amd64/jre/lib/rt.jar]
[Loaded java.net.SocketInputStream from /usr/lib/jvm/java-7-openjdk-amd64/jre/lib/rt.jar]
[Loaded sun.net.www.http.Hurryable from /usr/lib/jvm/java-7-openjdk-amd64/jre/lib/rt.jar]
[Loaded sun.net.www.http.ChunkedInputStream from /usr/lib/jvm/java-7-openjdk-amd64/jre/lib/rt.jar]
[Loaded sun.net.www.protocol.http.HttpURLConnection$HttpInputStream from /usr/lib/jvm/java-7-openjdk-amd64/jre/lib/rt.jar]
[Loaded com.sun.xml.ws.util.StreamUtils from file:/home/wielants/Downloads/jaxws-ri/lib/jaxws-rt.jar]
[Loaded sun.nio.cs.US_ASCII$Decoder from /usr/lib/jvm/java-7-openjdk-amd64/jre/lib/rt.jar]
[Loaded sun.net.www.http.KeepAliveCache$1 from /usr/lib/jvm/java-7-openjdk-amd64/jre/lib/rt.jar]
[Loaded sun.net.www.http.ClientVector from /usr/lib/jvm/java-7-openjdk-amd64/jre/lib/rt.jar]
[Loaded sun.net.www.http.KeepAliveEntry from /usr/lib/jvm/java-7-openjdk-amd64/jre/lib/rt.jar]
[Loaded java.util.IdentityHashMap$EntryIterator$Entry from /usr/lib/jvm/java-7-openjdk-amd64/jre/lib/rt.jar]
[Loaded com.sun.xml.ws.client.ResponseContext from file:/home/wielants/Downloads/jaxws-ri/lib/jaxws-rt.jar]
[Loaded com.sun.xml.bind.DatatypeConverterImpl from file:/home/wielants/Downloads/jaxws-ri/lib/jaxb-impl.jar]
[Loaded sun.misc.FloatingDecimal from /usr/lib/jvm/java-7-openjdk-amd64/jre/lib/rt.jar]
[Loaded sun.misc.FloatingDecimal$1 from /usr/lib/jvm/java-7-openjdk-amd64/jre/lib/rt.jar]
[Loaded java.lang.StrictMath from /usr/lib/jvm/java-7-openjdk-amd64/jre/lib/rt.jar]
[Loaded sun.misc.FpUtils from /usr/lib/jvm/java-7-openjdk-amd64/jre/lib/rt.jar]
232.6
[Loaded java.util.IdentityHashMap$KeySet from /usr/lib/jvm/java-7-openjdk-amd64/jre/lib/rt.jar]
[Loaded java.util.IdentityHashMap$KeyIterator from /usr/lib/jvm/java-7-openjdk-amd64/jre/lib/rt.jar]
